--------- beginning of system
02-04 08:29:26.343  1688  6336 I ActivityManager: Force stopping app.jeeves.llmtest appid=10402 user=0: start instr
02-04 08:29:26.346  1688  6336 I ActivityManager: Killing 20036:app.jeeves.llmtest/u0a402 (adj 0): stop app.jeeves.llmtest due to start instr
02-04 08:29:26.347  1688  6336 W ActivityManager: Crash of app app.jeeves.llmtest running instrumentation ComponentInfo{app.jeeves.llmtest.test/androidx.test.runner.AndroidJUnitRunner}
02-04 08:29:26.347  1688  6336 I ActivityManager: Force stopping app.jeeves.llmtest appid=10402 user=0: finished inst
02-04 08:29:26.348  1688 20099 W ActivityManager: pid 1688 system sent binder code 2 with flags 0 and got error -32
02-04 08:29:26.348  1688  1772 W ActivityManager: pid 1688 system sent binder code 18 with flags 1 and got error -32
02-04 08:29:26.348  1688  1772 D ActivityManager: Too many transaction errors, throttling freezer binder callback.
02-04 08:29:26.349  1688  6336 W ProcessStats: Tracking association SourceState{77b71c9 com.android.settings/1000 Service #785962} whose proc state 8 is better than process ProcessState{c16de4d com.google.android.apps.wellbeing/10144 pkg=com.google.android.apps.wellbeing} proc state 15 (13 skipped)
02-04 08:29:26.351  1688  3790 D BackgroundInstallControlService: Package event received: 0
02-04 08:29:26.353  1688  3790 D BackgroundInstallControlService: Package event received: 0
02-04 08:29:26.360  1688 20099 I ActivityManager: Failure reporting to instrumentation watcher: comp=ComponentInfo{app.jeeves.llmtest.test/androidx.test.runner.AndroidJUnitRunner} results=Bundle[{shortMsg=Process crashed.}]
02-04 08:29:26.368  1688  1772 W ActivityManager: Error shutting down UiAutomationConnection
02-04 08:29:26.386  1688  1773 I ActivityManager: Start proc 20100:app.jeeves.llmtest/u0a402 for added application app.jeeves.llmtest
02-04 08:29:26.515 20100 20100 W ActivityThread: Package uses different ABI(s) than its instrumentation: package[app.jeeves.llmtest]: arm64-v8a, null instrumentation[app.jeeves.llmtest.test]: null, null
02-04 08:29:26.627  1688  6255 V ActivityManager: Got obituary of 20036:app.jeeves.llmtest
02-04 08:29:49.058   634 20128 I keystore2: system/security/keystore2/watchdog/src/lib.rs:371 - Watchdog thread idle -> terminating. Have a great day.
02-04 08:30:00.564  3842  6168 D PowerUI : can't show warning due to - plugged: true status unknown: false
02-04 08:30:01.566  1688  5847 I ActivityManager: Force stopping app.jeeves.llmtest appid=10402 user=0: finished inst
02-04 08:30:01.567  1688  5847 E ActivityManager: Unable to freeze binder for 20100: -11
02-04 08:30:01.574  1688  5847 I ActivityManager: Killing 20100:app.jeeves.llmtest/u0a402 (adj 0): stop app.jeeves.llmtest due to finished inst
02-04 08:30:01.582  1688  5847 W ProcessStats: Tracking association SourceState{77b71c9 com.android.settings/1000 Service #785973} whose proc state 8 is better than process ProcessState{c16de4d com.google.android.apps.wellbeing/10144 pkg=com.google.android.apps.wellbeing} proc state 15 (3 skipped)
02-04 08:30:01.663  1688  5847 V ActivityManager: Got obituary of 20100:app.jeeves.llmtest
02-04 08:30:02.359  1688  7073 W ActivityManager: Unbind failed: could not find connection for android.os.BinderProxy@112793a
02-04 08:30:02.363  1688  7073 W ActivityManager: Unable to start service Intent { act=android.telephony.satellite.SatelliteService xflg=0x4 pkg=com.google.android.satellite } U=0: not found
02-04 08:30:10.499  1688  7073 I ActivityManager: Force stopping app.jeeves.llmtest appid=10402 user=0: start instr
02-04 08:30:10.504  1688  3790 D BackgroundInstallControlService: Package event received: 0
02-04 08:30:10.504  1688  3790 D BackgroundInstallControlService: Package event received: 0
02-04 08:30:10.525  1688  1773 I ActivityManager: Start proc 20303:app.jeeves.llmtest/u0a402 for added application app.jeeves.llmtest
02-04 08:30:10.793 20303 20303 W ActivityThread: Package uses different ABI(s) than its instrumentation: package[app.jeeves.llmtest]: arm64-v8a, null instrumentation[app.jeeves.llmtest.test]: null, null
02-04 08:30:46.574  1688  7762 W ActivityManager: pid 20303 app.jeeves.llmtest sent binder code 1 with flags 2 and got error -32
02-04 08:30:51.438  1688  1772 D ActivityManager: sync unfroze 15259 com.whatsapp for 3
02-04 08:30:51.451 15259 15259 D ActivityThread: Package [app.jeeves.llmtest] reported as REPLACED, but missing application info. Assuming REMOVED.
02-04 08:30:51.456 15259 15259 D ActivityThread: Package [app.jeeves.llmtest] reported as REPLACED, but missing application info. Assuming REMOVED.
02-04 08:30:51.457 15259 15259 D ActivityThread: Package [app.jeeves.llmtest] reported as REPLACED, but missing application info. Assuming REMOVED.
02-04 08:30:51.458 15259 15259 D ActivityThread: Package [app.jeeves.llmtest] reported as REPLACED, but missing application info. Assuming REMOVED.
02-04 08:30:51.459  1688  2067 D ActivityManager: sync unfroze 24115 com.google.android.apps.work.clouddpc for 6
02-04 08:30:51.466  1688  2067 W JobServiceContext: Sending onNetworkChanged for a job that isn't started. JobStatus{6df19a2 #u0a189/27 com.google.android.apps.work.clouddpc/.base.services.HealthCheckJobService u=0 s=10189 TIME=-18s275ms:+4m41s725ms NET PERIODIC READY}
02-04 08:30:51.468 24115 24115 D ActivityThread: Package [app.jeeves.llmtest] reported as REPLACED, but missing application info. Assuming REMOVED.
02-04 08:30:51.472 24115 24115 D ActivityThread: Package [app.jeeves.llmtest] reported as REPLACED, but missing application info. Assuming REMOVED.
02-04 08:30:51.472 24115 24115 D ActivityThread: Package [app.jeeves.llmtest] reported as REPLACED, but missing application info. Assuming REMOVED.
02-04 08:30:51.473 24115 24115 D ActivityThread: Package [app.jeeves.llmtest] reported as REPLACED, but missing application info. Assuming REMOVED.
02-04 08:30:51.483  1688  3790 D BackgroundInstallControlService: Package event received: 0
02-04 08:30:51.492 30743 30743 D ActivityThread: Package [app.jeeves.llmtest] reported as REPLACED, but missing application info. Assuming REMOVED.
02-04 08:30:51.493 30743 30743 D ActivityThread: Package [app.jeeves.llmtest] reported as REPLACED, but missing application info. Assuming REMOVED.
02-04 08:30:51.494 30743 30743 D ActivityThread: Package [app.jeeves.llmtest] reported as REPLACED, but missing application info. Assuming REMOVED.
02-04 08:30:51.495 30743 30743 D ActivityThread: Package [app.jeeves.llmtest] reported as REPLACED, but missing application info. Assuming REMOVED.
02-04 08:30:51.497  1688  2117 D ActivityManager: sync unfroze 30743 com.google.android.calendar for 6
02-04 08:30:51.499  1688  5847 W ProcessStats: Tracking association SourceState{bb969d6 system/1000 ImpBg #785985} whose proc state 6 is better than process ProcessState{94e9552 com.google.android.apps.work.clouddpc/10189 pkg=com.google.android.apps.work.clouddpc} proc state 14 (3 skipped)
02-04 08:30:51.738  1688  3790 D BackgroundInstallControlService: Package event received: 0
02-04 08:30:51.795  1688  6255 W ActivityManager: Background start not allowed: service Intent { act=com.whatsapp.messageservice.messaging.MessageService.START xflg=0x4 cmp=com.whatsapp/.messageservice.messaging.MessageService } to com.whatsapp/.messageservice.messaging.MessageService from pid=15259 uid=10358 pkg=com.whatsapp startFg?=false
02-04 08:30:52.543  1688  1772 D ActivityManager: sync unfroze 18149 com.google.android.googlequicksearchbox:search for 3
02-04 08:30:52.547  1688  3790 D BackgroundInstallControlService: Package event received: 0
02-04 08:30:53.361  1688  1769 W NotificationHistory: Attempted to remove conversation for locked/gone/disabled user 0
02-04 08:30:53.384  1688  5284 E ShortcutService: Invalid icon type in shortcut 120363026166628968@g.us. Bitmaps are not allowed in long-lived shortcuts. Use Resource icons, or Uri-based icons instead.
02-04 08:30:53.662  1688  3790 D BackgroundInstallControlService: Package event received: 0
02-04 08:30:53.789  1688  3790 D BackgroundInstallControlService: Package event received: 0
02-04 08:30:53.793  1688  5284 D ActivityManager: sync unfroze 8376 com.google.android.gms for 6
02-04 08:30:53.799  1688  5284 D ActivityManager: sync unfroze 13107 com.google.android.webview:sandboxed_process0:org.chromium.content.app.SandboxedProcessService0:0 for 6
02-04 08:30:53.834  1688  3790 D BackgroundInstallControlService: Package event received: 0
02-04 08:30:53.920  1688  3790 D BackgroundInstallControlService: Package event received: 0
02-04 08:30:53.947  1688  1773 I ActivityManager: Start proc 20542:com.android.providers.calendar/u0a95 for content provider {com.android.providers.calendar/com.android.providers.calendar.CalendarProvider2}
02-04 08:30:53.995  1688  3790 D BackgroundInstallControlService: Package event received: 0
02-04 08:30:53.997  1688  6255 D ActivityManager: sync unfroze 14102 com.google.android.apps.weather for 6
02-04 08:30:54.254  1688  3790 D BackgroundInstallControlService: Package event received: 0
02-04 08:30:54.254  1688  3790 D BackgroundInstallControlService: Package event received: 0
02-04 08:30:54.925  1688  3790 D BackgroundInstallControlService: Package event received: 0
02-04 08:30:55.446  1688  3790 D BackgroundInstallControlService: Package event received: 0
02-04 08:30:55.679  1688  5284 I ContentCaptureManagerService: Data share request accepted by Content Capture service
02-04 08:30:55.897  1688  7762 I ContentCaptureManagerService: Data share request accepted by Content Capture service
02-04 08:30:58.608  1688  6255 D ActivityManager: sync unfroze 15435 android.process.acore for 7
02-04 08:30:58.611  1688  3790 D BackgroundInstallControlService: Package event received: 0
02-04 08:30:58.611  1688  3790 D BackgroundInstallControlService: Package event received: 0
02-04 08:30:58.611  1688  3790 D BackgroundInstallControlService: Package event received: 0
02-04 08:30:58.611  1688  3790 D BackgroundInstallControlService: Package event received: 0
02-04 08:30:58.613 15435 15435 D ActivityThread: Package [app.jeeves.llmtest] reported as REPLACED, but missing application info. Assuming REMOVED.
02-04 08:30:58.614 15435 15435 D ActivityThread: Package [app.jeeves.llmtest] reported as REPLACED, but missing application info. Assuming REMOVED.
02-04 08:30:58.615 15435 15435 D ActivityThread: Package [app.jeeves.llmtest] reported as REPLACED, but missing application info. Assuming REMOVED.
02-04 08:30:58.616 15435 15435 D ActivityThread: Package [app.jeeves.llmtest] reported as REPLACED, but missing application info. Assuming REMOVED.
02-04 08:31:01.669  1688  1782 D KernelCpuUidUserSysTimeReader: Removing uids 99426-99426
02-04 08:31:01.673  1688  1782 D KernelCpuUidUserSysTimeReader: Removing uids 99427-99427
02-04 08:31:01.674  1688  1782 D KernelCpuUidUserSysTimeReader: Removing uids 10398-10398
02-04 08:31:01.674  1688  1782 D KernelCpuUidUserSysTimeReader: Removing uids 10399-10399
02-04 08:31:01.674  1688  1782 D KernelCpuUidUserSysTimeReader: Removing uids 99428-99428
02-04 08:31:01.674  1688  1782 D KernelCpuUidUserSysTimeReader: Removing uids 99429-99429
02-04 08:31:01.674  1688  1782 D KernelCpuUidUserSysTimeReader: Removing uids 10400-10400
02-04 08:31:01.674  1688  1782 D KernelCpuUidUserSysTimeReader: Removing uids 10401-10401
02-04 08:31:01.752  1688  2076 D ActivityManager: freezing 24115 com.google.android.apps.work.clouddpc
02-04 08:31:02.088  1688  2076 D ActivityManager: freezing 15259 com.whatsapp
02-04 08:31:02.205  1688  7762 W ActivityManager: Unbind failed: could not find connection for android.os.BinderProxy@bffca7d
02-04 08:31:02.207  1688  7762 W ActivityManager: Unable to start service Intent { act=android.telephony.satellite.SatelliteService xflg=0x4 pkg=com.google.android.satellite } U=0: not found
02-04 08:31:02.560  1688  2076 D ActivityManager: freezing 30743 com.google.android.calendar
02-04 08:31:04.669  1688  1769 W ProcessStats: Tracking association SourceState{5497d72 com.google.android.as/10178 BFgs #786046} whose proc state 4 is better than process ProcessState{96aaeec android.process.acore/10089 pkg=com.android.providers.contacts (sub)} proc state 14 (12 skipped)
02-04 08:31:05.441  1688  2076 D ActivityManager: freezing 18149 com.google.android.googlequicksearchbox:search
02-04 08:31:05.444  1688  2076 D ActivityManager: freezing 20542 com.android.providers.calendar
02-04 08:31:08.219  1688  7762 I ActivityManager: Process com.google.android.contacts (pid 17364) has died: cch  +85 CEM 
02-04 08:31:08.259  1688  7762 I ActivityManager: Process com.google.android.apps.pixel.dcservice (pid 28884) has died: cch  +85 CEM 
02-04 08:31:08.290  1688  4378 I ActivityManager: Process com.google.android.flipendo (pid 28905) has died: cch  +85 CEM 
02-04 08:31:08.332  1688  5254 I ActivityManager: Process com.google.android.apps.privacy.wildlife (pid 25277) has died: cch  +85 CEM 
02-04 08:31:08.435  1688  7945 I ActivityManager: Process com.google.android.apps.walletnfcrel (pid 28579) has died: cch  +75 CEM 
02-04 08:31:08.453  1688  7945 I ActivityManager: Process com.twitter.android (pid 15583) has died: cch  +75 CEM 
02-04 08:31:08.454  1688  7945 D ActivityManager: sync unfroze 15756 com.google.android.webview:sandboxed_process0:org.chromium.content.app.SandboxedProcessService0:0 for 33
02-04 08:31:08.455  1688  7945 D CompatChangeReporter: Compat change id reported: 311208629; UID 10292; state: ENABLED
02-04 08:31:08.466 15756 15756 D ActivityThread: Package [app.jeeves.llmtest] reported as REPLACED, but missing application info. Assuming REMOVED.
02-04 08:31:08.466 15756 15756 D ActivityThread: Package [app.jeeves.llmtest] reported as REPLACED, but missing application info. Assuming REMOVED.
02-04 08:31:08.468 15756 15756 D ActivityThread: Package [app.jeeves.llmtest] reported as REPLACED, but missing application info. Assuming REMOVED.
02-04 08:31:08.468 15756 15756 D ActivityThread: Package [app.jeeves.llmtest] reported as REPLACED, but missing application info. Assuming REMOVED.
02-04 08:31:08.538  1688  1913 I ActivityManager: Process com.google.android.webview:sandboxed_process0:org.chromium.content.app.SandboxedProcessService0:0 (pid 15756) has died: fg  SVC 
02-04 08:31:20.061  1688  2076 D ActivityManager: freezing 8376 com.google.android.gms
02-04 08:31:20.066  1688  2076 D ActivityManager: freezing 13107 com.google.android.webview:sandboxed_process0:org.chromium.content.app.SandboxedProcessService0:0
02-04 08:31:26.253  3842 11340 D PowerUI : can't show warning due to - plugged: true status unknown: false
02-04 08:31:35.733  1688  2076 D ActivityManager: freezing 15435 android.process.acore
02-04 08:31:38.423  1688  2067 D CompatChangeReporter: Compat change id reported: 262645982; UID 10402; state: ENABLED
02-04 08:31:52.075  1688  2076 D ActivityManager: freezing 14102 com.google.android.apps.weather
02-04 08:31:53.422  1688  8292 W ActivityManager: Unbind failed: could not find connection for android.os.BinderProxy@d2d0506
02-04 08:31:53.425  1688  8292 W ActivityManager: Unable to start service Intent { act=android.telephony.satellite.SatelliteService xflg=0x4 pkg=com.google.android.satellite } U=0: not found
02-04 08:31:56.485  1688  3790 D BackgroundInstallControlService: Package event received: 0
02-04 08:32:04.743  1688  1782 D KernelCpuUidUserSysTimeReader: Removing uids 99430-99430
02-04 08:32:23.159  1688  1772 D ActivityManager: sync unfroze 29849 com.android.settings for 3
02-04 08:32:23.160  1688  1772 D ActivityManager: sync unfroze 2876 com.google.android.apps.wellbeing for 3
02-04 08:32:23.169  1688  1772 W ProcessStats: Tracking association SourceState{77b71c9 com.android.settings/1000 Service #786087} whose proc state 8 is better than process ProcessState{c16de4d com.google.android.apps.wellbeing/10144 pkg=com.google.android.apps.wellbeing} proc state 15 (0 skipped)
02-04 08:32:23.220  1688  3790 D BackgroundInstallControlService: Package event received: 0
02-04 08:32:23.221  1688  1787 D ActivityManager: sync unfroze 26890 com.google.android.turboadapter for 6
02-04 08:32:23.225  1688  3790 D BackgroundInstallControlService: Package event received: 0
02-04 08:32:23.245  1688  3790 D BackgroundInstallControlService: Package event received: 0
02-04 08:32:23.479  3842  6542 D PowerUI : can't show warning due to - plugged: true status unknown: false
02-04 08:32:33.284  1688  2076 D ActivityManager: freezing 29849 com.android.settings
02-04 08:32:33.287  1688  2076 D ActivityManager: freezing 2876 com.google.android.apps.wellbeing
02-04 08:32:33.289  1688  2076 D ActivityManager: freezing 26890 com.google.android.turboadapter
02-04 08:32:50.750  1688  4208 W ActivityManager: Unbind failed: could not find connection for android.os.BinderProxy@514113c
02-04 08:32:50.752  1688  4208 W ActivityManager: Unable to start service Intent { act=android.telephony.satellite.SatelliteService xflg=0x4 pkg=com.google.android.satellite } U=0: not found
02-04 08:32:51.443  1688  2067 D ActivityManager: sync unfroze 23623 com.google.android.apps.messaging for 6
02-04 08:32:51.473  1688  4208 W ProcessStats: Tracking association SourceState{6b88db1 system/1000 ImpBg #786113} whose proc state 6 is better than process ProcessState{4c7dd20 com.google.android.apps.messaging/10168 pkg=com.google.android.apps.messaging} proc state 14 (7 skipped)
02-04 08:33:01.896  1688  2076 D ActivityManager: freezing 23623 com.google.android.apps.messaging
02-04 08:33:23.411  1688  1782 D KernelCpuUidUserSysTimeReader: Removing uids 99431-99431
02-04 08:33:26.246  3842  8703 D PowerUI : can't show warning due to - plugged: true status unknown: false
02-04 08:33:28.286  1688  4208 W ActivityManager: Unbind failed: could not find connection for android.os.BinderProxy@d69c9d7
02-04 08:33:28.289  1688  4208 W ActivityManager: Unable to start service Intent { act=android.telephony.satellite.SatelliteService xflg=0x4 pkg=com.google.android.satellite } U=0: not found
02-04 08:33:47.736  1688  3790 D BackgroundInstallControlService: Package event received: 0
02-04 08:34:02.108  1688  1793 D AppOpHistoryHelper: MetricHandler reporting 35 records.
02-04 08:34:02.553  1688  7945 W ActivityManager: Unbind failed: could not find connection for android.os.BinderProxy@8e8db7f
02-04 08:34:02.554  1688  7945 W ActivityManager: Unable to start service Intent { act=android.telephony.satellite.SatelliteService xflg=0x4 pkg=com.google.android.satellite } U=0: not found
02-04 08:34:26.247  3842  6545 D PowerUI : can't show warning due to - plugged: true status unknown: false
02-04 08:34:26.848  1688  1787 I UsbPortManager: AIDL UsbDataStatus:1
02-04 08:34:26.849  1688  1787 I UsbPortManager: ClientCallback AIDL V1: port0
02-04 08:34:36.049  1688  1787 W ActivityManager: Unbind failed: could not find connection for android.os.BinderProxy@2872e47
02-04 08:34:36.051  1688  1787 W ActivityManager: Unable to start service Intent { act=android.telephony.satellite.SatelliteService xflg=0x4 pkg=com.google.android.satellite } U=0: not found
02-04 08:34:37.267  1688  1773 I ActivityManager: Start proc 21568:org.wikipedia/u0a308 for broadcast {org.wikipedia/org.wikipedia.notifications.NotificationPollBroadcastReceiver}
02-04 08:34:37.281  1688  3790 D BackgroundInstallControlService: Package event received: 0
02-04 08:34:37.282  1688  3790 D BackgroundInstallControlService: Package event received: 0
02-04 08:34:37.282  1688  3790 D BackgroundInstallControlService: Package event received: 0
02-04 08:34:37.282  1688  3790 D BackgroundInstallControlService: Package event received: 0
02-04 08:34:37.282  1688  3790 D BackgroundInstallControlService: Package event received: 0
02-04 08:34:37.282  1688  3790 D BackgroundInstallControlService: Package event received: 0
02-04 08:34:37.282  1688  3790 D BackgroundInstallControlService: Package event received: 0
02-04 08:34:37.282  1688  3790 D BackgroundInstallControlService: Package event received: 0
02-04 08:34:37.283  1688  3790 D BackgroundInstallControlService: Package event received: 0
02-04 08:34:37.283  1688  3790 D BackgroundInstallControlService: Package event received: 0
02-04 08:34:37.296  1688  2067 V Configuration: Updating configuration, locales updated from [] to [en_US,en_IE,ru_RU]
02-04 08:34:37.297  1688  2067 D CompatChangeReporter: Compat change id reported: 151861875; UID 10294; state: ENABLED
02-04 08:34:37.308  1688  1773 I ActivityManager: Start proc 21569:com.google.android.apps.translate/u0a287 for service {com.google.android.apps.translate/androidx.work.impl.background.systemjob.SystemJobService}
02-04 08:34:37.319  1688  1688 D BackupManagerService: [UserID:0] Scheduling immediate backup pass
02-04 08:34:37.320  1688  3790 D BackgroundInstallControlService: Package event received: 0
02-04 08:34:37.328  1688  5201 D ActivityManager: sync unfroze 8376 com.google.android.gms for 6
02-04 08:34:37.329  1688  5201 D ActivityManager: sync unfroze 13107 com.google.android.webview:sandboxed_process0:org.chromium.content.app.SandboxedProcessService0:0 for 6
02-04 08:34:37.336  1688  1773 I ActivityManager: Start proc 21577:com.reddit.frontpage/u0a294 for service {com.reddit.frontpage/androidx.work.impl.background.systemjob.SystemJobService}
02-04 08:34:37.338  1688  3790 D BackgroundInstallControlService: Package event received: 0
02-04 08:34:37.339  1688  3790 D BackgroundInstallControlService: Package event received: 0
02-04 08:34:37.341  1688  1688 W JobScheduler: Job didn't exist in JobStore: d150244 #1000/52417896 android/com.android.server.backup.KeyValueBackupJob
02-04 08:34:37.342  1688  1688 W ProcessStats: Tracking association SourceState{94571b1 com.google.android.gms/10169 ImpFg #786127} whose proc state 5 is better than process ProcessState{35620b com.google.android.webview:sandboxed_process0:org.chromium.content.app.SandboxedProcessService0:0/10169 pkg=com.google.android.gms} proc state 14 (0 skipped)
02-04 08:34:37.350  1688  1773 I ActivityManager: Start proc 21588:com.google.android.apps.youtube.music/u0a211 for service {com.google.android.apps.youtube.music/androidx.work.impl.background.systemjob.SystemJobService}
02-04 08:34:37.388  1688  1688 I TransportConnection: BackupTransportService#5797: Notifying [BH/MSG_RUN_BACKUP] transport = BackupTransportClient
02-04 08:34:37.389  1688  5201 D BackupManagerService: Running a backup pass
02-04 08:34:37.389  1688  5201 D BackupManagerConstants: wakelock timeout: 1800000
02-04 08:34:37.393  1688  5201 D BackupManagerService: [UserID:0] Acquired wakelock:*backup*-0-5201
02-04 08:34:37.393  1688  5201 D BackupManagerService: clearing pending backups
02-04 08:34:37.428  1688  4208 D BackupTransportManager: [UserID:0] Transport com.google.android.gms/.backup.BackupTransportService updated its attributes
02-04 08:34:37.438  1688  5201 D KeyValueBackupTask: Spinning thread key-value-backup-18
02-04 08:34:37.460  1688 21617 D PFTBT   : backupmanager pftbt token=40031f77
02-04 08:34:37.460  1688 21617 D KeyValueBackupTask: Beginning backup of 8 targets
02-04 08:34:37.466  1688 21617 D KeyValueBackupTask: Starting key-value backup of @pm@
02-04 08:34:37.478  1688 21617 D KeyValueBackupTask: Invoking agent on @pm@
02-04 08:34:37.839  1688  6096 W JobScheduler: Job didn't exist in JobStore: bab0b7c #u0a170/-578294288 com.google.android.as.oss/com.google.android.gms.learning.internal.training.InAppJobService
02-04 08:34:37.859  1688  6096 W JobScheduler: Job didn't exist in JobStore: f29f504 #u0a170/-1967367952 com.google.android.as.oss/com.google.android.gms.learning.internal.training.InAppJobService
02-04 08:34:37.867  1688  6096 W JobScheduler: Job didn't exist in JobStore: ac3780f #u0a170/-648439940 com.google.android.as.oss/com.google.android.gms.learning.internal.training.InAppJobService
02-04 08:34:37.881  1688  1787 W JobScheduler: Job didn't exist in JobStore: 4869846 #u0a170/-144569728 com.google.android.as.oss/com.google.android.gms.learning.internal.training.InAppJobService
02-04 08:34:37.904  1688  1787 W JobScheduler: Job didn't exist in JobStore: 2968fa3 #u0a170/-286677079 com.google.android.as.oss/com.google.android.gms.learning.internal.training.InAppJobService
02-04 08:34:37.914  1688  4534 W JobScheduler: Job didn't exist in JobStore: b7882ff #u0a170/-1679289975 com.google.android.as.oss/com.google.android.gms.learning.internal.training.InAppJobService
02-04 08:34:37.922  1688  4534 W JobScheduler: Job didn't exist in JobStore: 65c501b #u0a170/-1269679295 com.google.android.as.oss/com.google.android.gms.learning.internal.training.InAppJobService
02-04 08:34:37.927  1688  6096 W JobScheduler: Job didn't exist in JobStore: 8e5d2f7 #u0a170/-782930206 com.google.android.as.oss/com.google.android.gms.learning.internal.training.InAppJobService
02-04 08:34:37.930  1688  5523 I ActivityManager: Process com.google.android.setupwizard (pid 8633) has died: cch  +75 CEM 
02-04 08:34:37.950  1688  4208 W JobScheduler: Job didn't exist in JobStore: 51aa793 #u0a170/-205649338 com.google.android.as.oss/com.google.android.gms.learning.internal.training.InAppJobService
02-04 08:34:37.963  1688  7945 W JobScheduler: Job didn't exist in JobStore: a1a53d0 #u0a170/-1909303987 com.google.android.as.oss/com.google.android.gms.learning.internal.training.InAppJobService
02-04 08:34:37.966  1688  4208 I ActivityManager: Process com.google.android.keep (pid 17485) has died: cch  +75 CEM 
02-04 08:34:37.996  1688  7945 W JobScheduler: Job didn't exist in JobStore: 59f3fc9 #u0a170/-280572046 com.google.android.as.oss/com.google.android.gms.learning.internal.training.InAppJobService
02-04 08:34:38.005  1688  6255 W JobScheduler: Job didn't exist in JobStore: 8b396ce #u0a170/-1670948438 com.google.android.as.oss/com.google.android.gms.learning.internal.training.InAppJobService
02-04 08:34:38.018  1688  4209 W JobScheduler: Job didn't exist in JobStore: dbe29ef #u0a170/-939763582 com.google.android.as.oss/com.google.android.gms.learning.internal.training.InAppJobService
02-04 08:34:38.038  1688  6255 D ActivityManager: sync unfroze 23623 com.google.android.apps.messaging for 6
02-04 08:34:38.041  1688  6255 W JobScheduler: Job didn't exist in JobStore: 898dcfc #u0a170/-814368097 com.google.android.as.oss/com.google.android.gms.learning.internal.training.InAppJobService
02-04 08:34:38.045  1688  4209 I ActivityManager: Process io.getdelta.android (pid 15503) has died: cch  +65 CEM 
02-04 08:34:38.069  1688  4208 I ActivityManager: Process com.google.android.apps.wear.companion:persistent (pid 3001) has died: cch  +65 CEM 
02-04 08:34:38.148  1688  4208 I ActivityManager: Process com.android.vending:instant_app_installer (pid 30852) has died: cch  +65 CEM 
02-04 08:34:38.189  1688  4208 I ActivityManager: Process com.google.android.webview:sandboxed_process0:org.chromium.content.app.SandboxedProcessService0:0 (pid 25829) has died: cch  +65 CEM 
02-04 08:34:38.189  1688  4208 W ActivityManager: Scheduling restart of crashed service vivino.web.app/org.chromium.content.app.SandboxedProcessService0:0 in 30000ms for connection
02-04 08:34:38.222  1688  8292 I ActivityManager: Process vivino.web.app (pid 25660) has died: cch  +65 CEM 
02-04 08:34:38.223  1688  8292 D ActivityManager: sync unfroze 31304 com.android.vending for 33
02-04 08:34:38.224  1688  3790 D BackgroundInstallControlService: Package event received: 0
02-04 08:34:38.239  1688  4534 I ActivityManager: Process com.google.android.settings.intelligence (pid 26679) has died: cch  +55 CEM 
02-04 08:34:38.263  1688  1913 I ActivityManager: Process com.google.android.apps.restore (pid 26808) has died: cch  +55 CEM 
02-04 08:34:38.264  1688  1913 W ActivityManager: Scheduling restart of crashed service com.google.android.apps.restore/.backup.photos.apiservice.PhotosBackupApiEndpointService in 30000ms for connection
02-04 08:34:38.283  1688  5294 I ActivityManager: Process com.android.DeviceAsWebcam (pid 26921) has died: cch  +55 CEM 
02-04 08:34:38.343  1688  6071 I ActivityManager: Process com.google.android.gms.ui (pid 26714) has died: cch  +55 CEM 
02-04 08:34:38.397  1688  2067 W JobServiceContext: Sending onNetworkChanged for a job that isn't started. JobStatus{467cdca androidx.work.systemjobscheduler:u0a294/13632 #PublishCubesRecommendationsWorker#@androidx.work.systemjobscheduler@com.reddit.frontpage/androidx.work.impl.background.systemjob.SystemJobService u=0 s=10294 TIME=-4h48m34s283ms:none NET BATNOTLOW READY}
02-04 08:34:38.402  1688  6071 I ActivityManager: Process com.google.android.apps.tips (pid 26739) has died: cch  +55 CEM 
02-04 08:34:38.469  1688  4378 I ActivityManager: Process com.google.android.aicore (pid 31904) has died: cch  +45 CEM 
02-04 08:34:38.473  1688  5847 I ActivityManager: Process com.revolut.revolut (pid 15595) has died: cch  +45 CEM 
02-04 08:34:38.539  1688  5847 I ActivityManager: Process com.google.android.googlequicksearchbox:googleapp (pid 18311) has died: cch  +45 CEM 
02-04 08:34:38.540  1688  6089 E AppOps  : Bad call made by uid 1000. Package "com.google.android.googlequicksearchbox" does not belong to uid 1000.
02-04 08:34:38.562  1688  6089 I ActivityManager: Process com.google.android.documentsui (pid 18591) has died: cch  +45 CEM 
02-04 08:34:38.563  1688  3790 D BackgroundInstallControlService: Package event received: 0
02-04 08:34:38.680  1688  3790 D BackgroundInstallControlService: Package event received: 0
02-04 08:34:38.693  1688  6089 D CompatChangeReporter: Compat change id reported: 311402873; UID 10294; state: ENABLED
02-04 08:34:38.693  1688  6089 D CompatChangeReporter: Compat change id reported: 323349338; UID 10294; state: ENABLED
02-04 08:34:38.757  1688  6096 W JobScheduler: Job didn't exist in JobStore: e9569f {androidx.work.systemjobscheduler} #u0a294/13572 #CommentsAnalyticsCleanupWorker#@androidx.work.systemjobscheduler@com.reddit.frontpage/androidx.work.impl.background.systemjob.SystemJobService
02-04 08:34:38.763  1688  6096 D CompatChangeReporter: Compat change id reported: 311208629; UID 10294; state: ENABLED
02-04 08:34:38.772  1688  6096 W JobScheduler: Job didn't exist in JobStore: 467cdca {androidx.work.systemjobscheduler} #u0a294/13632 #PublishCubesRecommendationsWorker#@androidx.work.systemjobscheduler@com.reddit.frontpage/androidx.work.impl.background.systemjob.SystemJobService
02-04 08:34:38.819  1688  2067 W JobServiceContext: Sending onNetworkChanged for a job that isn't started. JobStatus{c4eacb8 androidx.work.systemjobscheduler:u0a211/5460 #offline_pas#@androidx.work.systemjobscheduler@com.google.android.apps.youtube.music/androidx.work.impl.background.systemjob.SystemJobService u=0 s=10211 TIME=-14m57s721ms:none NET CHARGING READY}
02-04 08:34:38.820  1688  2067 W JobServiceContext: Sending onNetworkChanged for a job that isn't started. JobStatus{106b31b androidx.work.systemjobscheduler:u0a211/5451 #offline_auto_offline#@androidx.work.systemjobscheduler@com.google.android.apps.youtube.music/androidx.work.impl.background.systemjob.SystemJobService u=0 s=10211 TIME=-6h33m7s951ms:none NET READY}
02-04 08:34:39.063  1688  3790 D BackgroundInstallControlService: Package event received: 0
02-04 08:34:39.069  1688  6089 D ActivityManager: sync unfroze 28433 com.google.android.gms.unstable for 6
02-04 08:34:39.090  1688  3790 D BackgroundInstallControlService: Package event received: 0
02-04 08:34:39.116 28433 28450 W Looper  : Slow delivery took 526225ms android.bg app=com.google.android.gms.unstable main=false group=BACKGROUND h=android.database.sqlite.SQLiteConnectionPool$IdleConnectionHandler c=null m=4
02-04 08:34:39.174  1688  3790 D BackgroundInstallControlService: Package event received: 0
02-04 08:34:39.200   634   664 E keystore2: system/security/keystore2/src/error.rs:184 - system/security/keystore2/src/operation.rs:853: KeystoreOperation::finish
02-04 08:34:39.200   634   664 E keystore2: 
02-04 08:34:39.200   634   664 E keystore2: Caused by:
02-04 08:34:39.200   634   664 E keystore2:     0: system/security/keystore2/src/operation.rs:434: Finish failed for AppUid(10294)
02-04 08:34:39.200   634   664 E keystore2:     1: Error::Km(r#VERIFICATION_FAILED)
02-04 08:34:39.245  1688  8292 W JobScheduler: Job didn't exist in JobStore: 106b31b {androidx.work.systemjobscheduler} #u0a211/5451 #offline_auto_offline#@androidx.work.systemjobscheduler@com.google.android.apps.youtube.music/androidx.work.impl.background.systemjob.SystemJobService
02-04 08:34:39.261  1688  6089 W JobScheduler: Job didn't exist in JobStore: c4eacb8 {androidx.work.systemjobscheduler} #u0a211/5460 #offline_pas#@androidx.work.systemjobscheduler@com.google.android.apps.youtube.music/androidx.work.impl.background.systemjob.SystemJobService
02-04 08:34:39.414  1688  2067 D ActivityManager: sync unfroze 24902 com.google.android.rkpdapp for 6
02-04 08:34:39.444  1688  5201 D BackupManagerConstants: getKeyValueBackupIntervalMilliseconds(...) returns 43200000
02-04 08:34:39.444  1688  5201 D BackupManagerConstants: getKeyValueBackupFuzzMilliseconds(...) returns 600000
02-04 08:34:39.444  1688  5201 D BackupManagerConstants: getKeyValueBackupRequiredNetworkType(...) returns 1
02-04 08:34:39.444  1688  5201 D BackupManagerConstants: getKeyValueBackupRequireCharging(...) returns true
02-04 08:34:39.444  1688  5201 D KeyValueBackupJob: Scheduling k/v pass in 722 minutes
02-04 08:34:39.474  1688  1688 W JobScheduler: Job didn't exist in JobStore: 14354f {androidx.work.systemjobscheduler} #u0a287/4316 #GnpWorker#@androidx.work.systemjobscheduler@com.google.android.apps.translate/androidx.work.impl.background.systemjob.SystemJobService
02-04 08:34:39.601  1688  3790 D BackgroundInstallControlService: Package event received: 0
02-04 08:34:39.603  1688  8292 D ActivityManager: sync unfroze 31256 com.android.vending:background for 6
02-04 08:34:39.807   634 10366 E keystore2: system/security/keystore2/src/error.rs:184 - system/security/keystore2/src/operation.rs:853: KeystoreOperation::finish
02-04 08:34:39.807   634 10366 E keystore2: 
02-04 08:34:39.807   634 10366 E keystore2: Caused by:
02-04 08:34:39.807   634 10366 E keystore2:     0: system/security/keystore2/src/operation.rs:434: Finish failed for AppUid(10294)
02-04 08:34:39.807   634 10366 E keystore2:     1: Error::Km(r#VERIFICATION_FAILED)
02-04 08:34:39.963  1688 21617 D KeyValueBackupTask: Starting key-value backup of com.google.android.apps.youtube.music
02-04 08:34:39.964  1688 21617 D BackupManagerService: [UserID:0] awaiting agent for com.google.android.apps.youtube.music
02-04 08:34:39.999  1688  6336 D BackupManagerService: [UserID:0] agentConnected pkg=com.google.android.apps.youtube.music agent=android.os.BinderProxy@96f8618
02-04 08:34:40.000  1688 21617 D KeyValueBackupTask: Invoking agent on com.google.android.apps.youtube.music
02-04 08:34:40.003  1688  3790 D BackgroundInstallControlService: Package event received: 0
02-04 08:34:40.152  1688 21617 D KeyValueBackupTask: Starting key-value backup of com.google.android.youtube
02-04 08:34:40.159  1688 21617 D BackupManagerService: [UserID:0] awaiting agent for com.google.android.youtube
02-04 08:34:40.179  1688  1773 I ActivityManager: Start proc 21955:com.google.android.youtube/u0a215 for backup {com.google.android.youtube/com.google.android.apps.youtube.app.application.backup.YouTubeBackupAgent}
02-04 08:34:40.190  1688  3790 D BackgroundInstallControlService: Package event received: 0
02-04 08:34:40.191  1688  3790 D BackgroundInstallControlService: Package event received: 0
02-04 08:34:40.282  1688  1773 I ActivityManager: Start proc 21979:com.google.android.apps.tips/u0a117 for broadcast {com.google.android.apps.tips/com.google.android.apps.tips.conversiontracking.ConversionTrackingReceiver}
02-04 08:34:40.334  1688  5254 D CompatChangeReporter: Compat change id reported: 151861875; UID 10117; state: ENABLED
02-04 08:34:40.348  1688  1773 I ActivityManager: Start proc 21993:com.google.android.apps.maps/u0a219 for service {com.google.android.apps.maps/androidx.work.impl.background.systemjob.SystemJobService}
02-04 08:34:40.823  1688  3790 D BackgroundInstallControlService: Package event received: 0
02-04 08:34:40.942   634 21626 W keystore2: system/security/keystore2/watchdog/src/lib.rs:142 - ### Keystore Watchdog report - BEGIN ###
02-04 08:34:40.945   634 21626 W keystore2: system/security/keystore2/watchdog/src/lib.rs:151 - When extracting from a bug report, please include this header
02-04 08:34:40.945   634 21626 W keystore2: system/security/keystore2/watchdog/src/lib.rs:152 - and all 3 records below.
02-04 08:34:40.949   634 21626 W keystore2: system/security/keystore2/watchdog/src/lib.rs:193 - ThreadId(3953) KeystoreDB::handle_next_superseded_blob Started: 02-04 08:34:40.441 UTC Pending: 507.605917ms Overdue 7.606446ms
02-04 08:34:40.949   634 21626 W keystore2: system/security/keystore2/watchdog/src/lib.rs:193 - ThreadId(3953) TX_handle_next_superseded_blob Started: 02-04 08:34:40.441 UTC Pending: 507.494955ms Overdue 7.495402ms
02-04 08:34:40.949   634 21626 W keystore2: system/security/keystore2/watchdog/src/lib.rs:193 - ThreadId(3953) KeystoreDB::handle_next_superseded_blob find_next v2 Started: 02-04 08:34:40.442 UTC Pending: 507.018839ms Overdue 7.019084ms
02-04 08:34:40.949   634 21626 W keystore2: system/security/keystore2/watchdog/src/lib.rs:205 - ### Keystore Watchdog report - END ###
02-04 08:34:41.024   634 21994 I keystore2: system/security/keystore2/watchdog/src/lib.rs:224 - Watchdog complete for: ThreadId(3953) KeystoreDB::handle_next_superseded_blob delete v2 Started: 02-04 08:34:40.447 UTC Pending: 577.156291ms Overdue 77.156495ms
02-04 08:34:41.024   634 21994 I keystore2: system/security/keystore2/watchdog/src/lib.rs:224 - Watchdog complete for: ThreadId(3953) KeystoreDB::handle_next_superseded_blob load_metadata Started: 02-04 08:34:40.447 UTC Pending: 577.270102ms Overdue 77.272339ms
02-04 08:34:41.024   634 21994 I keystore2: system/security/keystore2/watchdog/src/lib.rs:224 - Watchdog complete for: ThreadId(3953) KeystoreDB::handle_next_superseded_blob find_next v2 Started: 02-04 08:34:40.442 UTC Pending: 582.548136ms Overdue 82.548381ms
02-04 08:34:41.024   634 21994 I keystore2: system/security/keystore2/watchdog/src/lib.rs:224 - Watchdog complete for: ThreadId(3953) TX_handle_next_superseded_blob Started: 02-04 08:34:40.441 UTC Pending: 583.042562ms Overdue 83.042969ms
02-04 08:34:41.026   634 21994 I keystore2: system/security/keystore2/watchdog/src/lib.rs:224 - Watchdog complete for: ThreadId(3953) KeystoreDB::handle_next_superseded_blob Started: 02-04 08:34:40.441 UTC Pending: 584.678386ms Overdue 84.678589ms
--------- beginning of kernel
02-04 08:34:41.043     0     0 I trusty  : INFO: system/keymint/ta/src/lib.rs:1001 add 64 bytes of entropy
02-04 08:34:41.332  1688  6096 D CompatChangeReporter: Compat change id reported: 297989574; UID 10117; state: ENABLED
02-04 08:34:41.504  1688  5284 D BackupManagerService: [UserID:0] agentConnected pkg=com.google.android.youtube agent=android.os.BinderProxy@818f0c3
02-04 08:34:41.505  1688 21617 D KeyValueBackupTask: Invoking agent on com.google.android.youtube
02-04 08:34:41.576  1688  6096 W JobScheduler: Job didn't exist in JobStore: aee75b3 {androidx.work.systemjobscheduler} #u0a219/4399 #GmmWorkerWrapper#@androidx.work.systemjobscheduler@com.google.android.apps.maps/androidx.work.impl.background.systemjob.SystemJobService
02-04 08:34:41.604  1688  1773 I ActivityManager: Start proc 22127:com.google.android.apps.turbo:aab/u0a177 for service {com.google.android.apps.turbo/com.google.android.libraries.smartbattery.appusage.library.EvaluateAppBucketsJob}
02-04 08:34:41.620  1688  3790 D BackgroundInstallControlService: Package event received: 0
02-04 08:34:41.645  1688  1773 I ActivityManager: Start proc 22145:com.google.android.projection.gearhead:car/u0a138 for service {com.google.android.projection.gearhead/com.google.android.apps.auto.carservice.service.impl.GearheadCarStartupService}
02-04 08:34:41.704  1688 21617 D KeyValueBackupTask: Starting key-value backup of android
02-04 08:34:41.705  1688 21617 D BackupManagerService: [UserID:0] awaiting agent for android
02-04 08:34:41.707  1688  1688 D BackupManagerService: [UserID:0] agentConnected pkg=android agent=android.app.backup.BackupAgent$BackupServiceBinder@87d7239
02-04 08:34:41.707  1688 21617 D KeyValueBackupTask: Invoking agent on android
02-04 08:34:41.722  1688  3790 D BackgroundInstallControlService: Package event received: 0
02-04 08:34:41.823  1688 21617 W PackageConfigPersister: App-specific configuration not found for packageName: com.google.android.uvexposurereporter and userId: 0
02-04 08:34:41.824  1688 21617 W PackageConfigPersister: App-specific configuration not found for packageName: ru.gosuslugi.goskey and userId: 0
02-04 08:34:41.824  1688 21617 W PackageConfigPersister: App-specific configuration not found for packageName: com.google.android.networkstack.tethering and userId: 0
02-04 08:34:41.824  1688 21617 W PackageConfigPersister: App-specific configuration not found for packageName: com.amazon.mShop.android.shopping and userId: 0
02-04 08:34:41.824  1688 21617 W PackageConfigPersister: App-specific configuration not found for packageName: com.google.android.overlay.trafficlightfaceoverlay and userId: 0
02-04 08:34:41.824  1688 21617 W PackageConfigPersister: App-specific configuration not found for packageName: com.google.omadm.trigger and userId: 0
02-04 08:34:41.824  1688 21617 W PackageConfigPersister: App-specific configuration not found for packageName: com.google.android.carriersetup and userId: 0
02-04 08:34:41.824  1688 21617 W PackageConfigPersister: App-specific configuration not found for packageName: com.google.android.settings.overlay.pixelvpnconfig and userId: 0
02-04 08:34:41.824  1688 21617 W PackageConfigPersister: App-specific configuration not found for packageName: com.android.systemui.clocks.metro and userId: 0
02-04 08:34:41.824  1688 21617 W PackageConfigPersister: App-specific configuration not found for packageName: com.google.android.apps.subscriptions.red and userId: 0
02-04 08:34:41.824  1688 21617 W PackageConfigPersister: App-specific configuration not found for packageName: com.android.cts.priv.ctsshim and userId: 0
02-04 08:34:41.824  1688 21617 W PackageConfigPersister: App-specific configuration not found for packageName: com.google.android.youtube and userId: 0
02-04 08:34:41.824  1688 21617 W PackageConfigPersister: App-specific configuration not found for packageName: com.vzw.apnlib and userId: 0
02-04 08:34:41.824  1688 21617 W PackageConfigPersister: App-specific configuration not found for packageName: com.amazon.clouddrive.photos and userId: 0
02-04 08:34:41.824  1688 21617 W PackageConfigPersister: App-specific configuration not found for packageName: com.android.internal.display.cutout.emulation.corner and userId: 0
02-04 08:34:41.824  1688 21617 W PackageConfigPersister: App-specific configuration not found for packageName: com.google.android.ext.services and userId: 0
02-04 08:34:41.824  1688 21617 W PackageConfigPersister: App-specific configuration not found for packageName: com.sony.songpal.mdr and userId: 0
02-04 08:34:41.824  1688 21617 W PackageConfigPersister: App-specific configuration not found for packageName: com.google.euiccpixel.overlay.zumapro and userId: 0
02-04 08:34:41.824  1688 21617 W PackageConfigPersister: App-specific configuration not found for packageName: com.google.android.apps.weather and userId: 0
02-04 08:34:41.824  1688 21617 W PackageConfigPersister: App-specific configuration not found for packageName: com.android.internal.display.cutout.emulation.double and userId: 0
02-04 08:34:41.824  1688 21617 W PackageConfigPersister: App-specific configuration not found for packageName: com.google.android.overlay.pixelconfig2018 and userId: 0
02-04 08:34:41.824  1688 21617 W PackageConfigPersister: App-specific configuration not found for packageName: com.google.android.overlay.pixelconfig2019 and userId: 0
02-04 08:34:41.824  1688 21617 W PackageConfigPersister: App-specific configuration not found for packageName: com.google.android.overlay.pixelconfig2021 and userId: 0
02-04 08:34:41.824  1688 21617 W PackageConfigPersister: App-specific configuration not found for packageName: com.android.providers.telephony and userId: 0
02-04 08:34:41.824  1688 21617 W PackageConfigPersister: App-specific configuration not found for packageName: com.google.android.carrierlocation and userId: 0
02-04 08:34:41.824  1688 21617 W PackageConfigPersister: App-specific configuration not found for packageName: com.android.dynsystem and userId: 0
02-04 08:34:41.824  1688 21617 W PackageConfigPersister: App-specific configuration not found for packageName: com.google.android.apps.retaildemo.preload and userId: 0
02-04 08:34:41.824  1688 21617 W PackageConfigPersister: App-specific configuration not found for packageName: com.android.sdm.plugins.connmo and userId: 0
02-04 08:34:41.824  1688 21617 W PackageConfigPersister: App-specific configuration not found for packageName: com.google.android.googlequicksearchbox and userId: 0
02-04 08:34:41.824  1688 21617 W PackageConfigPersister: App-specific configuration not found for packageName: com.google.android.cellbroadcastservice and userId: 0
02-04 08:34:41.824  1688 21617 W PackageConfigPersister: App-specific configuration not found for packageName: com.verizon.mips.services and userId: 0
02-04 08:34:41.824  1688 21617 W PackageConfigPersister: App-specific configuration not found for packageName: com.google.android.flipendo.auto_generated_rro_vendor__ and userId: 0
02-04 08:34:41.824  1688 21617 W PackageConfigPersister: App-specific configuration not found for packageName: com.android.providers.calendar and userId: 0
02-04 08:34:41.824  1688 21617 W PackageConfigPersister: App-specific configuration not found for packageName: com.alibaba.aliexpresshd and userId: 0
02-04 08:34:41.824  1688 21617 W PackageConfigPersister: App-specific configuration not found for packageName: com.google.android.pixelsystemservice and userId: 0
02-04 08:34:41.824  1688 21617 W PackageConfigPersister: App-specific configuration not found for packageName: com.google.android.googlequicksearchbox.nga_resources and userId: 0
02-04 08:34:41.824  1688 21617 W PackageConfigPersister: App-specific configuration not found for packageName: org.telegram.messenger and userId: 0
02-04 08:34:41.824  1688 21617 W PackageConfigPersister: App-specific configuration not found for packageName: com.android.providers.media and userId: 0
02-04 08:34:41.824  1688 21617 W PackageConfigPersister: App-specific configuration not found for packageName: com.google.pixel.livewallpaper and userId: 0
02-04 08:34:41.824  1688 21617 W PackageConfigPersister: App-specific configuration not found for packageName: com.google.android.apps.docs.editors.docs and userId: 0
02-04 08:34:41.824  1688 21617 W PackageConfigPersister: App-specific configuration not found for packageName: com.google.android.onetimeinitializer and userId: 0
02-04 08:34:41.824  1688 21617 W PackageConfigPersister: App-specific configuration not found for packageName: com.google.android.ext.shared and userId: 0
02-04 08:34:41.824  1688 21617 W PackageConfigPersister: App-specific configuration not found for packageName: com.google.android.euiccoverlay and userId: 0
02-04 08:34:41.824  1688 21617 W PackageConfigPersister: App-specific configuration not found for packageName: com.google.android.federatedcompute and userId: 0
02-04 08:34:41.824  1688 21617 W PackageConfigPersister: App-specific configuration not found for packageName: com.google.android.settings.future.biometrics.faceenroll and userId: 0
02-04 08:34:41.824  1688 21617 W PackageConfigPersister: App-specific configuration not found for packageName: com.google.android.apps.diagnosticstool and userId: 0
02-04 08:34:41.824  1688 21617 W PackageConfigPersister: App-specific configuration not found for packageName: com.google.euiccpixel.permissions and userId: 0
02-04 08:34:41.824  1688 21617 W PackageConfigPersister: App-specific configuration not found for packageName: com.google.euiccpixel and userId: 0
02-04 08:34:41.824  1688 21617 W PackageConfigPersister: App-specific configuration not found for packageName: com.google.android.pixel.setupwizard.overlay2025.midyear and userId: 0
02-04 08:34:41.824  1688 21617 W PackageConfigPersister: App-specific configuration not found for packageName: app.jeeves.llmtest and userId: 0
02-04 08:34:41.824  1688 21617 W PackageConfigPersister: App-specific configuration not found for packageName: com.google.android.server.deviceconfig.resources and userId: 0
02-04 08:34:41.824  1688 21617 W PackageConfigPersister: App-specific configuration not found for packageName: com.google.android.flipendo and userId: 0
02-04 08:34:41.824  1688 21617 W PackageConfigPersister: App-specific configuration not found for packageName: com.revolut.revolut and userId: 0
02-04 08:34:41.824  1688 21617 W PackageConfigPersister: App-specific configuration not found for packageName: com.google.android.storagemanager.auto_generated_rro_product__ and userId: 0
02-04 08:34:41.824  1688 21617 W PackageConfigPersister: App-specific configuration not found for packageName: com.google.android.apps.pixel.relationships and userId: 0
02-04 08:34:41.824  1688 21617 W PackageConfigPersister: App-specific configuration not found for packageName: com.google.android.overlay.glanceablehubsettings2022 and userId: 0
02-04 08:34:41.824  1688 21617 W PackageConfigPersister: App-specific configuration not found for packageName: com.android.providers.telephony.auto_generated_characteristics_rro and userId: 0
02-04 08:34:41.824  1688 21617 W PackageConfigPersister: App-specific configuration not found for packageName: com.android.simappdialog.auto_generated_rro_product__ and userId: 0
