02-04 08:34:42.061  1688 21617 W PackageConfigPersister: App-specific configuration not found for packageName: com.google.android.calendar and userId: 0
02-04 08:34:42.061  1688 21617 W PackageConfigPersister: App-specific configuration not found for packageName: com.honiture.robotvaccum and userId: 0
02-04 08:34:42.068  1688 21617 W PackageConfigPersister: App-specific configuration not found for packageName: com.google.android.haptics.overlay.tegu and userId: 0
02-04 08:34:42.068  1688 21617 W PackageConfigPersister: App-specific configuration not found for packageName: com.android.managedprovisioning and userId: 0
02-04 08:34:42.070  1688 21617 W PackageConfigPersister: App-specific configuration not found for packageName: com.google.android.overlay.devicelockcontroller and userId: 0
02-04 08:34:42.071  1688 21617 W PackageConfigPersister: App-specific configuration not found for packageName: com.google.android.pixelnfc and userId: 0
02-04 08:34:42.071  1688 21617 W PackageConfigPersister: App-specific configuration not found for packageName: com.google.android.apps.pixel.nowplaying and userId: 0
02-04 08:34:42.071  1688 21617 W PackageConfigPersister: App-specific configuration not found for packageName: com.android.soundpicker and userId: 0
02-04 08:34:42.071  1688 21617 W PackageConfigPersister: App-specific configuration not found for packageName: com.ubercab and userId: 0
02-04 08:34:42.071  1688 21617 W PackageConfigPersister: App-specific configuration not found for packageName: com.google.android.documentsui and userId: 0
02-04 08:34:42.071  1688 21617 W PackageConfigPersister: App-specific configuration not found for packageName: com.google.android.overlay.glanceablehubconfig and userId: 0
02-04 08:34:42.071  1688 21617 W PackageConfigPersister: App-specific configuration not found for packageName: com.google.android.accessibility.switchaccess and userId: 0
02-04 08:34:42.071  1688 21617 W PackageConfigPersister: App-specific configuration not found for packageName: com.google.mainline.telemetry and userId: 0
02-04 08:34:42.071  1688 21617 W PackageConfigPersister: App-specific configuration not found for packageName: com.google.android.systemui.gxoverlay and userId: 0
02-04 08:34:42.073  1688 21617 W PackageConfigPersister: App-specific configuration not found for packageName: com.google.android.apps.internal.betterbug and userId: 0
02-04 08:34:42.073  1688 21617 W PackageConfigPersister: App-specific configuration not found for packageName: com.android.cellbroadcastservice.overlay.pixel and userId: 0
02-04 08:34:42.073  1688 21617 W PackageConfigPersister: App-specific configuration not found for packageName: com.amazon.avod.thirdpartyclient and userId: 0
02-04 08:34:42.073  1688 21617 W PackageConfigPersister: App-specific configuration not found for packageName: com.android.sdm.plugins.dcmo and userId: 0
02-04 08:34:42.073  1688 21617 W PackageConfigPersister: App-specific configuration not found for packageName: app.jeeves.llmtest.test and userId: 0
02-04 08:34:42.073  1688 21617 W PackageConfigPersister: App-specific configuration not found for packageName: com.google.android.nfc.overlay.common and userId: 0
02-04 08:34:42.073  1688 21617 W PackageConfigPersister: App-specific configuration not found for packageName: com.android.devicediagnostics.auto_generated_rro_product__ and userId: 0
02-04 08:34:42.073  1688 21617 W PackageConfigPersister: App-specific configuration not found for packageName: com.google.android.apps.camera.services and userId: 0
02-04 08:34:42.073  1688 21617 W PackageConfigPersister: App-specific configuration not found for packageName: com.android.devicediagnostics and userId: 0
02-04 08:34:42.073  1688 21617 W PackageConfigPersister: App-specific configuration not found for packageName: com.android.providers.partnerbookmarks and userId: 0
02-04 08:34:42.073  1688 21617 W PackageConfigPersister: App-specific configuration not found for packageName: com.google.android.pixel.setupwizard.overlay2024 and userId: 0
02-04 08:34:42.073  1688 21617 W PackageConfigPersister: App-specific configuration not found for packageName: com.android.role.notes.enabled and userId: 0
02-04 08:34:42.073  1688 21617 W PackageConfigPersister: App-specific configuration not found for packageName: com.shannon.imsservice and userId: 0
02-04 08:34:42.073  1688 21617 W PackageConfigPersister: App-specific configuration not found for packageName: com.android.wallpaper.livepicker and userId: 0
02-04 08:34:42.073  1688 21617 W PackageConfigPersister: App-specific configuration not found for packageName: com.android.providers.telephony.auto_generated_rro_product__ and userId: 0
02-04 08:34:42.073  1688 21617 W PackageConfigPersister: App-specific configuration not found for packageName: com.airbnb.android and userId: 0
02-04 08:34:42.073  1688 21617 W PackageConfigPersister: App-specific configuration not found for packageName: com.android.phone.auto_generated_rro_vendor__ and userId: 0
02-04 08:34:42.073  1688 21617 W PackageConfigPersister: App-specific configuration not found for packageName: com.google.mainline.adservices and userId: 0
02-04 08:34:42.073  1688 21617 W PackageConfigPersister: App-specific configuration not found for packageName: com.android.imsserviceentitlement and userId: 0
02-04 08:34:42.073  1688 21617 W PackageConfigPersister: App-specific configuration not found for packageName: com.google.assistant.hubui and userId: 0
02-04 08:34:42.073  1688 21617 W PackageConfigPersister: App-specific configuration not found for packageName: com.goodtravelsoftware.sharecar.toyotairelandyuko and userId: 0
02-04 08:34:42.073  1688 21617 W PackageConfigPersister: App-specific configuration not found for packageName: com.android.traceur.auto_generated_rro_vendor__ and userId: 0
02-04 08:34:42.073  1688 21617 W PackageConfigPersister: App-specific configuration not found for packageName: com.idpalorg and userId: 0
02-04 08:34:42.073  1688 21617 W PackageConfigPersister: App-specific configuration not found for packageName: com.google.android.healthconnect.controller and userId: 0
02-04 08:34:42.073  1688 21617 W PackageConfigPersister: App-specific configuration not found for packageName: com.google.android.apps.cbrsnetworkmonitor and userId: 0
02-04 08:34:42.073  1688 21617 W PackageConfigPersister: App-specific configuration not found for packageName: to.boosty.mobile and userId: 0
02-04 08:34:42.073  1688 21617 W PackageConfigPersister: App-specific configuration not found for packageName: com.google.android.apps.translate and userId: 0
02-04 08:34:42.073  1688 21617 W PackageConfigPersister: App-specific configuration not found for packageName: com.google.android.gms.supervision and userId: 0
02-04 08:34:42.073  1688 21617 W PackageConfigPersister: App-specific configuration not found for packageName: com.android.pixeldisplayservice and userId: 0
02-04 08:34:42.073  1688 21617 W PackageConfigPersister: App-specific configuration not found for packageName: com.android.bookmarkprovider and userId: 0
02-04 08:34:42.073  1688 21617 W PackageConfigPersister: App-specific configuration not found for packageName: com.linkedin.android and userId: 0
02-04 08:34:42.073  1688 21617 W PackageConfigPersister: App-specific configuration not found for packageName: com.google.android.overlay.pixelconfigcommon and userId: 0
02-04 08:34:42.073  1688 21617 W PackageConfigPersister: App-specific configuration not found for packageName: com.android.settings and userId: 0
02-04 08:34:42.085  1688 21617 W PackageConfigPersister: App-specific configuration not found for packageName: com.fitbit.FitbitMobile and userId: 0
02-04 08:34:42.087  1688 21617 W PackageConfigPersister: App-specific configuration not found for packageName: com.android.systemui.accessibility.accessibilitymenu.auto_generated_rro_product__ and userId: 0
02-04 08:34:42.087  1688 21617 W PackageConfigPersister: App-specific configuration not found for packageName: com.google.android.wfcactivation and userId: 0
02-04 08:34:42.087  1688 21617 W PackageConfigPersister: App-specific configuration not found for packageName: com.samsung.slsi.telephony.oemril and userId: 0
02-04 08:34:42.087  1688 21617 W PackageConfigPersister: App-specific configuration not found for packageName: com.google.android.settings.intelligence and userId: 0
02-04 08:34:42.087  1688 21617 W PackageConfigPersister: App-specific configuration not found for packageName: com.google.android.projection.gearhead and userId: 0
02-04 08:34:42.092  1688 21617 W PackageConfigPersister: App-specific configuration not found for packageName: com.google.android.apps.scone and userId: 0
02-04 08:34:42.092  1688 21617 W PackageConfigPersister: App-specific configuration not found for packageName: com.google.android.apps.turbo and userId: 0
02-04 08:34:42.092  1688 21617 W PackageConfigPersister: App-specific configuration not found for packageName: com.google.android.tetheringentitlement and userId: 0
02-04 08:34:42.092  1688 21617 W PackageConfigPersister: App-specific configuration not found for packageName: com.android.omadm.service and userId: 0
02-04 08:34:42.092  1688 21617 W PackageConfigPersister: App-specific configuration not found for packageName: com.google.android.apps.dreamliner and userId: 0
02-04 08:34:42.092  1688 21617 W PackageConfigPersister: App-specific configuration not found for packageName: com.google.android.safetycore and userId: 0
02-04 08:34:42.092  1688 21617 W PackageConfigPersister: App-specific configuration not found for packageName: com.google.android.uwb.resources and userId: 0
02-04 08:34:42.092  1688 21617 W PackageConfigPersister: App-specific configuration not found for packageName: com.google.android.apps.chromecast.app and userId: 0
02-04 08:34:42.092  1688 21617 W PackageConfigPersister: App-specific configuration not found for packageName: com.android.cts.ctsshim and userId: 0
02-04 08:34:42.092  1688 21617 W PackageConfigPersister: App-specific configuration not found for packageName: com.google.android.apps.wearables.maestro.companion and userId: 0
02-04 08:34:42.092  1688 21617 W PackageConfigPersister: App-specific configuration not found for packageName: com.google.android.overlay.glanceablehubsettings and userId: 0
02-04 08:34:42.092  1688 21617 W PackageConfigPersister: App-specific configuration not found for packageName: com.booking and userId: 0
02-04 08:34:42.092  1688 21617 W PackageConfigPersister: App-specific configuration not found for packageName: com.google.android.wifi.resources and userId: 0
02-04 08:34:42.092  1688 21617 W PackageConfigPersister: App-specific configuration not found for packageName: com.google.android.apps.pixel.support and userId: 0
02-04 08:34:42.092  1688 21617 W PackageConfigPersister: App-specific configuration not found for packageName: com.google.android.wifi.dialog and userId: 0
02-04 08:34:42.092  1688 21617 W PackageConfigPersister: App-specific configuration not found for packageName: com.kraken.trade and userId: 0
02-04 08:34:42.092  1688 21617 W PackageConfigPersister: App-specific configuration not found for packageName: com.google.android.apps.pixel.customizationbundle and userId: 0
02-04 08:34:42.092  1688 21617 W PackageConfigPersister: App-specific configuration not found for packageName: com.google.android.connectivitythermalpowermanager and userId: 0
02-04 08:34:42.092  1688 21617 W PackageConfigPersister: App-specific configuration not found for packageName: com.android.vpndialogs and userId: 0
02-04 08:34:42.092  1688 21617 W PackageConfigPersister: App-specific configuration not found for packageName: com.google.android.apps.wallpaper and userId: 0
02-04 08:34:42.092  1688 21617 W PackageConfigPersister: App-specific configuration not found for packageName: com.google.android.keep and userId: 0
02-04 08:34:42.093  1688 21617 W PackageConfigPersister: App-specific configuration not found for packageName: com.google.android.odad and userId: 0
02-04 08:34:42.093  1688 21617 W PackageConfigPersister: App-specific configuration not found for packageName: com.android.settings.tegu and userId: 0
02-04 08:34:42.093  1688 21617 W PackageConfigPersister: App-specific configuration not found for packageName: com.android.angle and userId: 0
02-04 08:34:42.093  1688 21617 W PackageConfigPersister: App-specific configuration not found for packageName: com.android.phone and userId: 0
02-04 08:34:42.093  1688 21617 W PackageConfigPersister: App-specific configuration not found for packageName: com.android.shell and userId: 0
02-04 08:34:42.093  1688 21617 W PackageConfigPersister: App-specific configuration not found for packageName: com.google.android.apps.recorder and userId: 0
02-04 08:34:42.093  1688 21617 W PackageConfigPersister: App-specific configuration not found for packageName: com.android.wallpaperbackup and userId: 0
02-04 08:34:42.093  1688 21617 W PackageConfigPersister: App-specific configuration not found for packageName: com.android.providers.blockednumber and userId: 0
02-04 08:34:42.104  1688 21617 W PackageConfigPersister: App-specific configuration not found for packageName: com.google.android.pixel.setupwizard.overlay.expressive and userId: 0
02-04 08:34:42.105  1688 21617 W PackageConfigPersister: App-specific configuration not found for packageName: com.duckduckgo.mobile.android and userId: 0
02-04 08:34:42.105  1688 21617 W PackageConfigPersister: App-specific configuration not found for packageName: com.android.settings.auto_generated_rro_product__ and userId: 0
02-04 08:34:42.105  1688 21617 W PackageConfigPersister: App-specific configuration not found for packageName: com.google.android.apps.work.clouddpc and userId: 0
02-04 08:34:42.105  1688 21617 W PackageConfigPersister: App-specific configuration not found for packageName: com.android.providers.userdictionary and userId: 0
02-04 08:34:42.105  1688 21617 W PackageConfigPersister: App-specific configuration not found for packageName: com.google.android.apps.carrier.carrierwifi and userId: 0
02-04 08:34:42.105  1688 21617 W PackageConfigPersister: App-specific configuration not found for packageName: com.google.android.apps.setupwizard.searchselector and userId: 0
02-04 08:34:42.105  1688 21617 W PackageConfigPersister: App-specific configuration not found for packageName: com.google.android.overlay.permissioncontroller.safetycenter and userId: 0
02-04 08:34:42.105  1688 21617 W PackageConfigPersister: App-specific configuration not found for packageName: com.android.emergency and userId: 0
02-04 08:34:42.105  1688 21617 W PackageConfigPersister: App-specific configuration not found for packageName: com.android.providers.media.overlay.pixel and userId: 0
02-04 08:34:42.105  1688 21617 W PackageConfigPersister: App-specific configuration not found for packageName: com.android.captiveportallogin.overlay and userId: 0
02-04 08:34:42.105  1688 21617 W PackageConfigPersister: App-specific configuration not found for packageName: com.android.companiondevicemanager.auto_generated_characteristics_rro and userId: 0
02-04 08:34:42.105  1688 21617 W PackageConfigPersister: App-specific configuration not found for packageName: com.google.android.gms.location.history and userId: 0
02-04 08:34:42.105  1688 21617 W PackageConfigPersister: App-specific configuration not found for packageName: com.android.internal.systemui.navbar.gestural and userId: 0
02-04 08:34:42.105  1688 21617 W PackageConfigPersister: App-specific configuration not found for packageName: com.android.location.fused and userId: 0
02-04 08:34:42.105  1688 21617 W PackageConfigPersister: App-specific configuration not found for packageName: com.android.systemui and userId: 0
02-04 08:34:42.105  1688 21617 W PackageConfigPersister: App-specific configuration not found for packageName: com.google.android.apps.aiwallpapers and userId: 0
02-04 08:34:42.105  1688 21617 W PackageConfigPersister: App-specific configuration not found for packageName: com.google.android.ondevicepersonalization.services and userId: 0
02-04 08:34:42.105  1688 21617 W PackageConfigPersister: App-specific configuration not found for packageName: com.google.android.hardwareinfo and userId: 0
02-04 08:34:42.105  1688 21617 W PackageConfigPersister: App-specific configuration not found for packageName: com.google.android.apps.youtube.music and userId: 0
02-04 08:34:42.105  1688 21617 W PackageConfigPersister: App-specific configuration not found for packageName: com.android.bluetoothmidiservice and userId: 0
02-04 08:34:42.105  1688 21617 W PackageConfigPersister: App-specific configuration not found for packageName: com.GoCarDev and userId: 0
02-04 08:34:42.105  1688 21617 W PackageConfigPersister: App-specific configuration not found for packageName: com.google.android.dreamlinerupdater and userId: 0
02-04 08:34:42.105  1688 21617 W PackageConfigPersister: App-specific configuration not found for packageName: com.outdooractive.Outdooractive and userId: 0
02-04 08:34:42.105  1688 21617 W PackageConfigPersister: App-specific configuration not found for packageName: com.google.android.systemui.overlay.glanceablehubconfig and userId: 0
02-04 08:34:42.105  1688 21617 W PackageConfigPersister: App-specific configuration not found for packageName: com.payzone.parkingtag and userId: 0
02-04 08:34:42.105  1688 21617 W PackageConfigPersister: App-specific configuration not found for packageName: com.android.traceur and userId: 0
02-04 08:34:42.105  1688 21617 W PackageConfigPersister: App-specific configuration not found for packageName: ee.mtakso.client and userId: 0
02-04 08:34:42.105  1688 21617 W PackageConfigPersister: App-specific configuration not found for packageName: com.google.android.cellbroadcastreceiver and userId: 0
02-04 08:34:42.112  1688 21617 W PackageConfigPersister: App-specific configuration not found for packageName: com.google.android.apps.helprtc and userId: 0
02-04 08:34:42.112  1688 21617 W PackageConfigPersister: App-specific configuration not found for packageName: com.google.android.apps.pixel.creativeassistant and userId: 0
02-04 08:34:42.112  1688 21617 W PackageConfigPersister: App-specific configuration not found for packageName: ie.leapcard.tnfc and userId: 0
02-04 08:34:42.112  1688 21617 W PackageConfigPersister: App-specific configuration not found for packageName: com.android.phone.auto_generated_rro_product__ and userId: 0
02-04 08:34:42.112  1688 21617 W PackageConfigPersister: App-specific configuration not found for packageName: com.android.omadm.service.auto_generated_rro_vendor__ and userId: 0
02-04 08:34:42.113  1688 21617 W PackageConfigPersister: App-specific configuration not found for packageName: com.google.android.apps.wear.companion and userId: 0
02-04 08:34:42.113  1688 21617 W PackageConfigPersister: App-specific configuration not found for packageName: com.justeat.app.ie and userId: 0
02-04 08:34:42.113  1688 21617 W PackageConfigPersister: App-specific configuration not found for packageName: com.google.android.retaildemo and userId: 0
02-04 08:34:42.113  1688 21617 W PackageConfigPersister: App-specific configuration not found for packageName: android.auto_generated_rro_product__ and userId: 0
02-04 08:34:42.113  1688 21617 W PackageConfigPersister: App-specific configuration not found for packageName: com.google.android.apps.magazines and userId: 0
02-04 08:34:42.113  1688 21617 W PackageConfigPersister: App-specific configuration not found for packageName: com.google.android.apps.adm and userId: 0
02-04 08:34:42.113  1688 21617 W PackageConfigPersister: App-specific configuration not found for packageName: com.google.android.apps.gcs and userId: 0
02-04 08:34:42.113  1688 21617 W PackageConfigPersister: App-specific configuration not found for packageName: com.google.android.rilextension and userId: 0
02-04 08:34:42.113  1688 21617 W PackageConfigPersister: App-specific configuration not found for packageName: com.xiaomi.hm.health and userId: 0
02-04 08:34:42.113  1688 21617 W PackageConfigPersister: App-specific configuration not found for packageName: com.android.providers.contacts and userId: 0
02-04 08:34:42.113  1688 21617 W PackageConfigPersister: App-specific configuration not found for packageName: com.google.android.GoogleCamera and userId: 0
02-04 08:34:42.113  1688 21617 W PackageConfigPersister: App-specific configuration not found for packageName: com.google.android.apps.pixel.dcservice and userId: 0
02-04 08:34:42.113  1688 21617 W PackageConfigPersister: App-specific configuration not found for packageName: com.android.telephony.imsmedia and userId: 0
02-04 08:34:42.113  1688 21617 W PackageConfigPersister: App-specific configuration not found for packageName: com.google.android.photopicker and userId: 0
02-04 08:34:42.113  1688 21617 W PackageConfigPersister: App-specific configuration not found for packageName: com.google.android.inputmethod.latin and userId: 0
02-04 08:34:42.113  1688 21617 W PackageConfigPersister: App-specific configuration not found for packageName: com.google.android.storagemanager and userId: 0
02-04 08:34:42.113  1688 21617 W PackageConfigPersister: App-specific configuration not found for packageName: android.auto_generated_rro_vendor__ and userId: 0
02-04 08:34:42.113  1688 21617 W PackageConfigPersister: App-specific configuration not found for packageName: com.google.android.apps.restore and userId: 0
02-04 08:34:42.131  1688 21617 I CDM_BackupRestoreProcessor: getBackupPayload() userId=[0].
02-04 08:34:42.131  1688 21617 I CDM_AssociationDiskStore: Fetching stored state data for user 0 from disk
02-04 08:34:42.152  1688 21617 I CDM_LocalMetadataStore: Getting backup payload for user=[0]
02-04 08:34:42.152  1688 21617 D CDM_DataStoreUtils: File does not exist
02-04 08:34:42.164  1688 21617 I DisplayBackupHelper: getBackupPayload for display done, size=337
02-04 08:34:42.165  1688 21617 I DWSBackupHelper: getBackupPayload for display_window user 0
02-04 08:34:42.165  1688 21617 W WindowManager: No display settings file found; skipping backup.
02-04 08:34:42.748  1688  3790 D BackgroundInstallControlService: Package event received: 0
02-04 08:34:42.851  1688  3790 D BackgroundInstallControlService: Package event received: 0
02-04 08:34:43.090  1688  3790 D BackgroundInstallControlService: Package event received: 0
02-04 08:34:43.097  1688  3790 D BackgroundInstallControlService: Package event received: 0
02-04 08:34:43.627  1688  1773 I ActivityManager: Start proc 22255:com.google.android.tts/u0a214 for service {com.google.android.tts/androidx.work.impl.background.systemjob.SystemJobService}
02-04 08:34:44.524  1688  1722 D CompatChangeReporter: Compat change id reported: 297989574; UID 10294; state: ENABLED
02-04 08:34:44.605  1688  1773 I ActivityManager: Start proc 22334:com.google.android.apps.walletnfcrel/u0a325 for service {com.google.android.apps.walletnfcrel/androidx.work.impl.background.systemjob.SystemJobService}
02-04 08:34:44.655  1688  3790 D BackgroundInstallControlService: Package event received: 0
02-04 08:34:44.986  1688  2067 W JobServiceContext: Sending onNetworkChanged for a job that isn't started. JobStatus{2b8072e androidx.work.systemjobscheduler:u0a325/1961 #ChimeRegistrationWorker#@androidx.work.systemjobscheduler@com.google.android.apps.walletnfcrel/androidx.work.impl.background.systemjob.SystemJobService u=0 s=10325 TIME=-15m5s510ms:none NET CHARGING READY}
02-04 08:34:45.212  1688  3790 D BackgroundInstallControlService: Package event received: 0
02-04 08:34:45.214  1688  3790 D BackgroundInstallControlService: Package event received: 0
02-04 08:34:45.307  1688  6255 D ActivityManager: sync unfroze 24643 com.google.android.apps.photos for 6
02-04 08:34:45.316 24643 24643 D ActivityThread: Package [app.jeeves.llmtest] reported as REPLACED, but missing application info. Assuming REMOVED.
02-04 08:34:45.317  1688  6255 W JobScheduler: Job didn't exist in JobStore: 2b8072e {androidx.work.systemjobscheduler} #u0a325/1961 #ChimeRegistrationWorker#@androidx.work.systemjobscheduler@com.google.android.apps.walletnfcrel/androidx.work.impl.background.systemjob.SystemJobService
02-04 08:34:45.319 24643 24643 D ActivityThread: Package [app.jeeves.llmtest] reported as REPLACED, but missing application info. Assuming REMOVED.
02-04 08:34:45.321 24643 24643 D ActivityThread: Package [app.jeeves.llmtest] reported as REPLACED, but missing application info. Assuming REMOVED.
02-04 08:34:45.323 24643 24643 D ActivityThread: Package [app.jeeves.llmtest] reported as REPLACED, but missing application info. Assuming REMOVED.
02-04 08:34:45.798  1688  4208 W UriGrantsManagerService: No permission grants found for com.google.android.apps.photos
02-04 08:34:45.801  1688  4208 W UriGrantsManagerService: No permission grants found for com.google.android.apps.photos
02-04 08:34:46.449  1688  3790 D BackgroundInstallControlService: Package event received: 0
02-04 08:34:46.455  1688  3790 D BackgroundInstallControlService: Package event received: 0
02-04 08:34:46.981  1688  6255 W UriGrantsManagerService: No permission grants found for com.google.android.apps.photos
02-04 08:34:46.982  1688  6255 W UriGrantsManagerService: No permission grants found for com.google.android.apps.photos
02-04 08:34:47.105  1688  1722 W UriGrantsManagerService: No permission grants found for com.google.android.apps.photos
02-04 08:34:47.106  1688  1722 W UriGrantsManagerService: No permission grants found for com.google.android.apps.photos
02-04 08:34:47.122  1688  2067 W JobServiceContext: Sending onNetworkChanged for a job that isn't started. JobStatus{90f03ff androidx.work.systemjobscheduler:u0a117/788 #TikTokWorker#com.google.apps.tiktok.sync.impl.workmanager.SyncWorker#@androidx.work.systemjobscheduler@com.google.android.apps.tips/androidx.work.impl.background.systemjob.SystemJobService u=0 s=10117 TIME=-1h52m18s577ms:none NET CHARGING READY}
02-04 08:34:47.655  1688  1722 W ProcessStats: Tracking association SourceState{785ff1d com.google.android.apps.messaging/10168 ImpBg #786376} whose proc state 6 is better than process ProcessState{244c6f9 com.google.android.gms.unstable/10169 pkg=com.google.android.gms} proc state 14 (244 skipped)
02-04 08:34:47.659  1688  1722 D CompatChangeReporter: Compat change id reported: 151861875; UID 10314; state: ENABLED
02-04 08:34:47.683  1688  1773 I ActivityManager: Start proc 22478:vivino.web.app/u0a314 for service {vivino.web.app/androidx.work.impl.background.systemjob.SystemJobService}
02-04 08:34:47.975  1688  1722 D CompatChangeReporter: Compat change id reported: 319212206; UID 10117; state: ENABLED
02-04 08:34:48.124  1688  2076 D ActivityManager: freezing 21568 org.wikipedia
02-04 08:34:48.353  1688  3790 D BackgroundInstallControlService: Package event received: 0
02-04 08:34:48.431  1688  3790 D BackgroundInstallControlService: Package event received: 0
02-04 08:34:48.449  1688  4208 D CompatChangeReporter: Compat change id reported: 311402873; UID 10314; state: ENABLED
02-04 08:34:48.449  1688  4208 D CompatChangeReporter: Compat change id reported: 323349338; UID 10314; state: ENABLED
02-04 08:34:48.781  1688  2076 D ActivityManager: freezing 21577 com.reddit.frontpage
02-04 08:34:48.838  1688  4208 D CompatChangeReporter: Compat change id reported: 311402873; UID 10117; state: ENABLED
02-04 08:34:48.838  1688  4208 D CompatChangeReporter: Compat change id reported: 323349338; UID 10117; state: ENABLED
02-04 08:34:48.923  1688  3790 D BackgroundInstallControlService: Package event received: 0
02-04 08:34:48.929 22478 22478 V Configuration: Updating configuration, locales updated from [en_IE,ru_RU] to [en,en_IE,ru_RU]
02-04 08:34:48.957  1688  1688 D CompatChangeReporter: Compat change id reported: 151861875; UID 10292; state: ENABLED
02-04 08:34:48.958  1688  1688 W JobScheduler: Job didn't exist in JobStore: daf5694 #u0a314/3332 vivino.web.app/androidx.work.impl.background.systemjob.SystemJobService
02-04 08:34:48.960  1688  1688 D ActivityManager: sync unfroze 12764 com.linkedin.android for 6
02-04 08:34:48.961  1688  1688 W JobScheduler: Job didn't exist in JobStore: d077ce1 #u0a314/3337 vivino.web.app/androidx.work.impl.background.systemjob.SystemJobService
02-04 08:34:48.965  1688  1914 D CompatChangeReporter: Compat change id reported: 311208629; UID 10117; state: ENABLED
02-04 08:34:48.973  1688  2067 W JobServiceContext: Sending onNetworkChanged for a job that isn't started. JobStatus{c2e0a2c #u0a297/-2147483059 com.linkedin.android/androidx.work.impl.background.systemjob.SystemJobService u=0 s=10297 TIME=-2m17s298ms:none NET READY}
02-04 08:34:48.973  1688  2067 W JobServiceContext: Sending onNetworkChanged for a job that isn't started. JobStatus{8e82cba #u0a297/-2147483134 com.linkedin.android/androidx.work.impl.background.systemjob.SystemJobService u=0 s=10297 TIME=-2m17s954ms:none NET READY}
02-04 08:34:48.977  1688  1773 I ActivityManager: Start proc 22611:com.twitter.android/u0a292 for service {com.twitter.android/androidx.work.impl.background.systemjob.SystemJobService}
02-04 08:34:49.099  1688  1722 D CompatChangeReporter: Compat change id reported: 297989574; UID 10314; state: ENABLED
02-04 08:34:49.534  1688  3790 D BackgroundInstallControlService: Package event received: 0
02-04 08:34:49.535  1688  3790 D BackgroundInstallControlService: Package event received: 0
02-04 08:34:49.661 22478 22478 V ResourcesManager: The following library key has been added: ResourcesKey{ mHash=153ca016 mResDir=null mSplitDirs=[] mOverlayDirs=[] mLibDirs=[/data/app/~~jYH84JzL7Ey7auvUncu8aw==/com.google.android.webview-MxVRZIDxYyWqlXUUzG62WQ==/base.apk,/data/app/~~j67eV7i6O5E57bWfg6H4Tw==/com.google.android.trichromelibrary_755905933-r4-fV0efTckZFHmxD2s2NA==/base.apk,/system_ext/framework/androidx.window.extensions.jar] mDisplayId=0 mOverrideConfig=v36 mCompatInfo={420dpi always-compat} mLoaders=[]}
02-04 08:34:49.842  1688  3790 D BackgroundInstallControlService: Package event received: 0
02-04 08:34:50.081  1688  2067 W JobServiceContext: Sending onNetworkChanged for a job that isn't started. JobStatus{bfccc0f androidx.work.systemjobscheduler:u0a287/4403 #GnpWorker#@androidx.work.systemjobscheduler@com.google.android.apps.translate/androidx.work.impl.background.systemjob.SystemJobService u=0 s=10287 NET READY}
02-04 08:34:50.174  1688  3790 D BackgroundInstallControlService: Package event received: 0
02-04 08:34:50.233  1688  1914 D CompatChangeReporter: Compat change id reported: 297989574; UID 10292; state: ENABLED
02-04 08:34:50.245 22611 22686 V ResourcesManager: The following library key has been added: ResourcesKey{ mHash=153ca016 mResDir=null mSplitDirs=[] mOverlayDirs=[] mLibDirs=[/data/app/~~jYH84JzL7Ey7auvUncu8aw==/com.google.android.webview-MxVRZIDxYyWqlXUUzG62WQ==/base.apk,/data/app/~~j67eV7i6O5E57bWfg6H4Tw==/com.google.android.trichromelibrary_755905933-r4-fV0efTckZFHmxD2s2NA==/base.apk,/system_ext/framework/androidx.window.extensions.jar] mDisplayId=0 mOverrideConfig=v36 mCompatInfo={420dpi always-compat} mLoaders=[]}
02-04 08:34:50.345 22611 22611 V Configuration: Updating configuration, locales updated from [en_IE,ru_RU] to [en_IE]
02-04 08:34:50.359  1688  4208 D ActivityManager: sync unfroze 29719 com.android.chrome for 4
02-04 08:34:50.377  1688  3790 D BackgroundInstallControlService: Package event received: 0
02-04 08:34:50.383  1688  3790 D BackgroundInstallControlService: Package event received: 0
02-04 08:34:50.399  1688  1773 I ActivityManager: Start proc 22745:com.google.android.webview:webview_service/u0a196 for service {com.google.android.webview/org.chromium.android_webview.services.VariationsSeedServer}
02-04 08:34:50.451 22478 22478 I DisplayManager: Implicitly registering for refresh rate
02-04 08:34:50.453  1688  1822 I AppsFilter: interaction: PackageSetting{3f14e97 app.jeeves.llmtest.test/10403} -> PackageSetting{46e1ea4 com.twitter.android/10292} BLOCKED
02-04 08:34:50.453  1688  1822 I AppsFilter: interaction: PackageSetting{aef4516 com.google.android.microdroid.empty_payload/10272} -> PackageSetting{46e1ea4 com.twitter.android/10292} BLOCKED
02-04 08:34:50.456  1688  1822 I AppsFilter: interaction: PackageSetting{9816bd2 app.jeeves.llmtest/10402} -> PackageSetting{46e1ea4 com.twitter.android/10292} BLOCKED
02-04 08:34:50.462  1688  3789 D ShortcutService: received package broadcast intent: Intent { act=android.intent.action.PACKAGE_CHANGED dat=package: flg=0x45000010 (has extras) }
02-04 08:34:50.466  1688  3789 D ShortcutService: changing package: com.twitter.android userId=0
02-04 08:34:50.479  1688  1773 I ActivityManager: Start proc 22760:com.google.android.webview:sandboxed_process0:org.chromium.content.app.SandboxedProcessService0:0/u0i432 for  {vivino.web.app/org.chromium.content.app.SandboxedProcessService0:0}
02-04 08:34:50.492  1688  1914 D CompatChangeReporter: Compat change id reported: 311402873; UID 10292; state: ENABLED
02-04 08:34:50.492  1688  1914 D CompatChangeReporter: Compat change id reported: 323349338; UID 10292; state: ENABLED
02-04 08:34:50.507  1688  1722 W AppOpService: Ignored setUidMode call for runtime permission app op: uid = 10168, code = READ_CELL_BROADCASTS, mode = allow, callingUid = 1001, oldMode = allow
02-04 08:34:50.514  1688  3790 D BackgroundInstallControlService: Package event received: 0
02-04 08:34:50.517  1688  1722 D ActivityManager: sync unfroze 24736 com.google.android.euicc for 6
02-04 08:34:50.518  1688  3790 D BackgroundInstallControlService: Package event received: 0
02-04 08:34:50.524  1688  1914 W AppOpService: Ignored setUidMode call for runtime permission app op: uid = 1001, code = READ_SMS, mode = allow, callingUid = 1001, oldMode = allow
02-04 08:34:50.526  1688  1787 W AppOpService: Ignored setUidMode call for runtime permission app op: uid = 1001, code = RECEIVE_SMS, mode = allow, callingUid = 1001, oldMode = allow
02-04 08:34:50.527  1688  1787 W AppOpService: Ignored setUidMode call for runtime permission app op: uid = 1001, code = RECEIVE_WAP_PUSH, mode = allow, callingUid = 1001, oldMode = allow
02-04 08:34:50.528  1688  1787 W AppOpService: Ignored setUidMode call for runtime permission app op: uid = 1001, code = SEND_SMS, mode = allow, callingUid = 1001, oldMode = allow
02-04 08:34:50.528  1688  1787 W AppOpService: Ignored setUidMode call for runtime permission app op: uid = 1001, code = READ_CELL_BROADCASTS, mode = allow, callingUid = 1001, oldMode = allow
02-04 08:34:50.565  1688  4208 W AppOpService: Ignored setUidMode call for runtime permission app op: uid = 10168, code = READ_CELL_BROADCASTS, mode = allow, callingUid = 1001, oldMode = allow
02-04 08:34:50.570  1688  1787 W AppOpService: Ignored setUidMode call for runtime permission app op: uid = 1001, code = READ_SMS, mode = allow, callingUid = 1001, oldMode = allow
02-04 08:34:50.570  1688  1787 W AppOpService: Ignored setUidMode call for runtime permission app op: uid = 1001, code = RECEIVE_SMS, mode = allow, callingUid = 1001, oldMode = allow
02-04 08:34:50.570  1688  1787 W AppOpService: Ignored setUidMode call for runtime permission app op: uid = 1001, code = RECEIVE_WAP_PUSH, mode = allow, callingUid = 1001, oldMode = allow
02-04 08:34:50.571  1688  1787 W AppOpService: Ignored setUidMode call for runtime permission app op: uid = 1001, code = SEND_SMS, mode = allow, callingUid = 1001, oldMode = allow
02-04 08:34:50.571  1688  1787 W AppOpService: Ignored setUidMode call for runtime permission app op: uid = 1001, code = READ_CELL_BROADCASTS, mode = allow, callingUid = 1001, oldMode = allow
02-04 08:34:50.571  1688  3789 D ShortcutService: received package broadcast intent: Intent { act=android.intent.action.PACKAGE_CHANGED dat=package: flg=0x45000010 (has extras) }
02-04 08:34:50.571  1688  3789 D ShortcutService: changing package: com.twitter.android userId=0
02-04 08:34:50.677  1688  1913 D BiometricService: canAuthenticate: User=0, Caller=0, Authenticators=65536
02-04 08:34:50.677  1688  1913 D BiometricService/PreAuthInfo: getCanAuthenticateInternal Modality: 0 AuthenticatorStatus: 13
02-04 08:34:50.677  1688  1913 D AuthService: canAuthenticate, userId: 0, callingUserId: 0, authenticators: 65536, result: 20
02-04 08:34:50.683  1688  1913 D BiometricService: canAuthenticate: User=0, Caller=0, Authenticators=255
02-04 08:34:50.683  1688  1913 D BiometricService/PreAuthInfo: Package: com.android.vending Sensor ID: 0 Modality: 2 User id: 0 Status: 1
02-04 08:34:50.683  1688  1913 D BiometricService/PreAuthInfo: Package: com.android.vending Sensor ID: 1 Modality: 8 User id: 0 Status: 7
02-04 08:34:50.684  1688  1913 D BiometricService/PreAuthInfo: getCanAuthenticateInternal Modality: 2 AuthenticatorStatus: 1
02-04 08:34:50.684  1688  1913 D AuthService: canAuthenticate, userId: 0, callingUserId: 0, authenticators: 255, result: 0
02-04 08:34:50.691  1688  1787 D BiometricService: canAuthenticate: User=0, Caller=0, Authenticators=255
02-04 08:34:50.692  1688  1787 D BiometricService/PreAuthInfo: Package: com.android.vending Sensor ID: 0 Modality: 2 User id: 0 Status: 1
02-04 08:34:50.693  1688  1787 D BiometricService/PreAuthInfo: Package: com.android.vending Sensor ID: 1 Modality: 8 User id: 0 Status: 7
02-04 08:34:50.693  1688  1787 D BiometricService/PreAuthInfo: getCanAuthenticateInternal Modality: 2 AuthenticatorStatus: 1
02-04 08:34:50.693  1688  1787 D AuthService: canAuthenticate, userId: 0, callingUserId: 0, authenticators: 255, result: 0
02-04 08:34:50.727  1688  6255 D BiometricService: canAuthenticate: User=0, Caller=0, Authenticators=15
02-04 08:34:50.727  1688  6255 D BiometricService/PreAuthInfo: Package: com.android.vending Sensor ID: 0 Modality: 2 User id: 0 Status: 1
02-04 08:34:50.727  1688  6255 D BiometricService/PreAuthInfo: Package: com.android.vending Sensor ID: 1 Modality: 8 User id: 0 Status: 7
02-04 08:34:50.727  1688  6255 D BiometricService/PreAuthInfo: getCanAuthenticateInternal Modality: 2 AuthenticatorStatus: 1
02-04 08:34:50.727  1688  6255 D AuthService: canAuthenticate, userId: 0, callingUserId: 0, authenticators: 15, result: 0
02-04 08:34:50.728  1688  6255 D BiometricService: canAuthenticate: User=0, Caller=0, Authenticators=32768
02-04 08:34:50.728  1688  6255 D BiometricService/PreAuthInfo: getCanAuthenticateInternal Modality: 1 AuthenticatorStatus: 1
02-04 08:34:50.728  1688  6255 D AuthService: canAuthenticate, userId: 0, callingUserId: 0, authenticators: 32768, result: 0
02-04 08:34:50.728  1688  4208 D BiometricService: canAuthenticate: User=0, Caller=0, Authenticators=15
02-04 08:34:50.728  1688  4208 D BiometricService/PreAuthInfo: Package: com.android.vending Sensor ID: 0 Modality: 2 User id: 0 Status: 1
02-04 08:34:50.729  1688  4208 D BiometricService/PreAuthInfo: Package: com.android.vending Sensor ID: 1 Modality: 8 User id: 0 Status: 7
02-04 08:34:50.730  1688  4208 D BiometricService/PreAuthInfo: getCanAuthenticateInternal Modality: 2 AuthenticatorStatus: 1
02-04 08:34:50.730  1688  4208 D AuthService: canAuthenticate, userId: 0, callingUserId: 0, authenticators: 15, result: 0
02-04 08:34:50.744  1688  4208 D BiometricService: canAuthenticate: User=0, Caller=0, Authenticators=15
02-04 08:34:50.744  1688  4208 D BiometricService/PreAuthInfo: Package: com.android.vending Sensor ID: 0 Modality: 2 User id: 0 Status: 1
02-04 08:34:50.745  1688  4208 D BiometricService/PreAuthInfo: Package: com.android.vending Sensor ID: 1 Modality: 8 User id: 0 Status: 7
02-04 08:34:50.745  1688  4208 D BiometricService/PreAuthInfo: getCanAuthenticateInternal Modality: 2 AuthenticatorStatus: 1
02-04 08:34:50.745  1688  4208 D AuthService: canAuthenticate, userId: 0, callingUserId: 0, authenticators: 15, result: 0
02-04 08:34:50.769  1688  1787 D BiometricService: Sensor ID(1), oemStrength: 15, updatedStrength: 15, modality 8, state: 0, cookie: 0, sensorId 1, hasEnrollments: false cannot participate in Keystore operations
02-04 08:34:50.811  1688  1787 D BiometricService: canAuthenticate: User=0, Caller=0, Authenticators=15
02-04 08:34:50.812  1688  1787 D BiometricService/PreAuthInfo: Package: com.android.vending Sensor ID: 0 Modality: 2 User id: 0 Status: 1
02-04 08:34:50.812  1688  1787 D BiometricService/PreAuthInfo: Package: com.android.vending Sensor ID: 1 Modality: 8 User id: 0 Status: 7
02-04 08:34:50.812  1688  1787 D BiometricService/PreAuthInfo: getCanAuthenticateInternal Modality: 2 AuthenticatorStatus: 1
02-04 08:34:50.812  1688  1787 D AuthService: canAuthenticate, userId: 0, callingUserId: 0, authenticators: 15, result: 0
02-04 08:34:50.908  1688  1787 D CompatChangeReporter: Compat change id reported: 319212206; UID 10314; state: ENABLED
02-04 08:34:51.041  1688  3790 D BackgroundInstallControlService: Package event received: 0
02-04 08:34:51.095  1688  1688 W JobScheduler: Job didn't exist in JobStore: fe3bf89 {androidx.work.systemjobscheduler} #u0a292/30290 #DatabaseCleanupWorker#@androidx.work.systemjobscheduler@com.twitter.android/androidx.work.impl.background.systemjob.SystemJobService
02-04 08:34:51.218  1688  3790 D BackgroundInstallControlService: Package event received: 0
02-04 08:34:51.353  1688  2076 D ActivityManager: freezing 21588 com.google.android.apps.youtube.music
02-04 08:34:51.680  1688  2101 V AccessibilityUserState: updateShortcutTargets: type:accessibility_shortcut_target_service, current:{}, new:{}
02-04 08:34:51.681  1688  2101 V AccessibilityUserState: updateShortcutTargets: type:accessibility_qs_targets, current:{}, new:{}
02-04 08:34:51.681  1688  2101 V AccessibilityUserState: updateShortcutTargets: type:accessibility_button_targets, current:{}, new:{}
02-04 08:34:51.681  1688  2101 V AccessibilityUserState: updateShortcutTargets: type:accessibility_gesture_targets, current:{}, new:{}
02-04 08:34:51.681  1688  2101 V AccessibilityUserState: updateShortcutTargets: type:accessibility_key_gesture_targets, current:{}, new:{}
02-04 08:34:51.681  1688  2101 V AccessibilityManagerService: onUserStateChangedLocked for userId: 0, forceUpdate: false
02-04 08:34:51.696  1688  1822 I AppsFilter: interaction: PackageSetting{3f14e97 app.jeeves.llmtest.test/10403} -> PackageSetting{94139f6 com.twitter.android/10292} BLOCKED
02-04 08:34:51.696  1688  1822 I AppsFilter: interaction: PackageSetting{aef4516 com.google.android.microdroid.empty_payload/10272} -> PackageSetting{94139f6 com.twitter.android/10292} BLOCKED
02-04 08:34:51.696  1688  1822 I AppsFilter: interaction: PackageSetting{9816bd2 app.jeeves.llmtest/10402} -> PackageSetting{94139f6 com.twitter.android/10292} BLOCKED
02-04 08:34:51.696  1688  2101 V AccessibilityUserState: updateShortcutTargets: type:accessibility_shortcut_target_service, current:{}, new:{}
02-04 08:34:51.696  1688  2101 V AccessibilityUserState: updateShortcutTargets: type:accessibility_button_targets, current:{}, new:{}
02-04 08:34:51.696  1688  2101 V AccessibilityUserState: updateShortcutTargets: type:accessibility_gesture_targets, current:{}, new:{}
02-04 08:34:51.696  1688  2101 V AccessibilityUserState: updateShortcutTargets: type:accessibility_qs_targets, current:{}, new:{}
02-04 08:34:51.696  1688  2101 V AccessibilityUserState: updateShortcutTargets: type:accessibility_key_gesture_targets, current:{}, new:{}
02-04 08:34:51.696  1688  2101 W MagnificationConnectionManager: requestConnection duplicated request: connect=false, mConnectionState=DISCONNECTED
02-04 08:34:51.710  1688  3789 D ShortcutService: received package broadcast intent: Intent { act=android.intent.action.PACKAGE_CHANGED dat=package: flg=0x45000010 (has extras) }
02-04 08:34:51.710  1688  3789 D ShortcutService: changing package: com.twitter.android userId=0
02-04 08:34:51.733  1688  3789 D ShortcutService: received package broadcast intent: Intent { act=android.intent.action.PACKAGE_CHANGED dat=package: flg=0x45000010 (has extras) }
02-04 08:34:51.733  1688  3789 D ShortcutService: changing package: com.twitter.android userId=0
02-04 08:34:51.734  1688  2101 V AccessibilityUserState: updateShortcutTargets: type:accessibility_shortcut_target_service, current:{}, new:{}
02-04 08:34:51.734  1688  2101 V AccessibilityUserState: updateShortcutTargets: type:accessibility_qs_targets, current:{}, new:{}
02-04 08:34:51.734  1688  2101 V AccessibilityUserState: updateShortcutTargets: type:accessibility_button_targets, current:{}, new:{}
02-04 08:34:51.734  1688  2101 V AccessibilityUserState: updateShortcutTargets: type:accessibility_gesture_targets, current:{}, new:{}
02-04 08:34:51.734  1688  2101 V AccessibilityUserState: updateShortcutTargets: type:accessibility_key_gesture_targets, current:{}, new:{}
02-04 08:34:51.740  1688  2101 V AccessibilityManagerService: onUserStateChangedLocked for userId: 0, forceUpdate: false
02-04 08:34:51.740  1688  1722 W AppOpService: Ignored setUidMode call for runtime permission app op: uid = 10168, code = READ_CELL_BROADCASTS, mode = allow, callingUid = 1001, oldMode = allow
02-04 08:34:51.741  1688  2101 V AccessibilityUserState: updateShortcutTargets: type:accessibility_shortcut_target_service, current:{}, new:{}
02-04 08:34:51.741  1688  2101 V AccessibilityUserState: updateShortcutTargets: type:accessibility_button_targets, current:{}, new:{}
02-04 08:34:51.741  1688  2101 V AccessibilityUserState: updateShortcutTargets: type:accessibility_gesture_targets, current:{}, new:{}
02-04 08:34:51.741  1688  2101 V AccessibilityUserState: updateShortcutTargets: type:accessibility_qs_targets, current:{}, new:{}
02-04 08:34:51.741  1688  2101 V AccessibilityUserState: updateShortcutTargets: type:accessibility_key_gesture_targets, current:{}, new:{}
02-04 08:34:51.741  1688  2101 W MagnificationConnectionManager: requestConnection duplicated request: connect=false, mConnectionState=DISCONNECTED
02-04 08:34:51.754  1688  5294 W AppOpService: Ignored setUidMode call for runtime permission app op: uid = 1001, code = READ_SMS, mode = allow, callingUid = 1001, oldMode = allow
02-04 08:34:51.754  1688  5294 W AppOpService: Ignored setUidMode call for runtime permission app op: uid = 1001, code = RECEIVE_SMS, mode = allow, callingUid = 1001, oldMode = allow
02-04 08:34:51.755  1688  5294 W AppOpService: Ignored setUidMode call for runtime permission app op: uid = 1001, code = RECEIVE_WAP_PUSH, mode = allow, callingUid = 1001, oldMode = allow
02-04 08:34:51.755  1688  5294 W AppOpService: Ignored setUidMode call for runtime permission app op: uid = 1001, code = SEND_SMS, mode = allow, callingUid = 1001, oldMode = allow
02-04 08:34:51.755  1688  5294 W AppOpService: Ignored setUidMode call for runtime permission app op: uid = 1001, code = READ_CELL_BROADCASTS, mode = allow, callingUid = 1001, oldMode = allow
02-04 08:34:51.790  1688  4208 W AppOpService: Ignored setUidMode call for runtime permission app op: uid = 10168, code = READ_CELL_BROADCASTS, mode = allow, callingUid = 1001, oldMode = allow
02-04 08:34:51.792  1688  4208 W AppOpService: Ignored setUidMode call for runtime permission app op: uid = 1001, code = READ_SMS, mode = allow, callingUid = 1001, oldMode = allow
02-04 08:34:51.792  1688  4208 W AppOpService: Ignored setUidMode call for runtime permission app op: uid = 1001, code = RECEIVE_SMS, mode = allow, callingUid = 1001, oldMode = allow
02-04 08:34:51.792  1688  4208 W AppOpService: Ignored setUidMode call for runtime permission app op: uid = 1001, code = RECEIVE_WAP_PUSH, mode = allow, callingUid = 1001, oldMode = allow
02-04 08:34:51.792  1688  4208 W AppOpService: Ignored setUidMode call for runtime permission app op: uid = 1001, code = SEND_SMS, mode = allow, callingUid = 1001, oldMode = allow
02-04 08:34:51.792  1688  4208 W AppOpService: Ignored setUidMode call for runtime permission app op: uid = 1001, code = READ_CELL_BROADCASTS, mode = allow, callingUid = 1001, oldMode = allow
02-04 08:34:51.934  1688  1773 I ActivityManager: Start proc 22896:com.google.android.webview:sandboxed_process0:org.chromium.content.app.SandboxedProcessService0:0/u0i433 for  {com.twitter.android/org.chromium.content.app.SandboxedProcessService0:0}
02-04 08:34:51.994 22611 22611 I DisplayManager: Implicitly registering for refresh rate
02-04 08:34:52.296  1688  1914 D CompatChangeReporter: Compat change id reported: 319212206; UID 10292; state: ENABLED
02-04 08:34:52.385  1688  2076 D ActivityManager: freezing 22145 com.google.android.projection.gearhead:car
02-04 08:34:52.387  1688  2076 D ActivityManager: freezing 21993 com.google.android.apps.maps
02-04 08:34:52.557  1688  2076 D ActivityManager: freezing 31256 com.android.vending:background
02-04 08:34:52.673  1688  3790 D BackgroundInstallControlService: Package event received: 0
02-04 08:34:53.627  1688  2076 D ActivityManager: freezing 22127 com.google.android.apps.turbo:aab
02-04 08:34:54.077  1688  1750 I DisplayDeviceRepository: Display device changed render timings: "Built-in Screen", renderFrameRate=60.0, presentationDeadlineNanos=11500000, appVsyncOffsetNanos=6233334, frameRateOverrides=[]
02-04 08:34:54.080  1688  1747 D WindowManager: DeferredDisplayUpdater: partially applying DisplayInfo(1080 x 2424) immediately
02-04 08:34:54.597  1688  2076 D ActivityManager: freezing 22255 com.google.android.tts
02-04 08:34:55.324  1688  2076 D ActivityManager: freezing 22334 com.google.android.apps.walletnfcrel
02-04 08:34:55.662  1688  1722 I ActivityManager: Process com.outdooractive.Outdooractive (pid 17374) has died: cch  +45 CEM 
02-04 08:34:55.697  1688  1722 I ActivityManager: Process com.google.android.apps.work.oobconfig (pid 9614) has died: cch  +35 CEM 
02-04 08:34:55.730  1688  1722 I ActivityManager: Process com.google.android.configupdater (pid 9599) has died: cch  +35 CEM 
02-04 08:34:55.776  1688  6336 I ActivityManager: Process com.google.android.partnersetup (pid 28543) has died: cch  +35 CEM 
02-04 08:34:55.816  1688  6071 I ActivityManager: Process com.google.android.apps.carrier.log (pid 28528) has died: cch  +35 CEM 
