02-04 09:07:00.308  1127  1250 I WifiHAL : createRequest: APF set program request
02-04 09:07:00.308  1127  1250 I WifiHAL : mProgramLen : 1645
02-04 09:07:00.308  9245 29445 I NearbyMediums: [DeviceCapabilities] Get wifi usable channels from cache for mode STA (tryToRefreshCache:false channels:[2412..2472, 5180..5320, 5500..5700, 5745..5825, 5955..6415])
02-04 09:07:00.309  9245 29445 I NearbyMediums: [DeviceCapabilities] Get wifi usable channels from cache for mode AWARE (tryToRefreshCache:false channels:[2412..2472, 5180..5240, 5500..5560, 5745..5825, 5955..6415])
02-04 09:07:00.310  9245 29445 I NearbyConnections: In generateRxInstantConnectionAdvBytes() advertisingMediums:[WIFI_DIRECT, WIFI_HOTSPOT, WIFI_AWARE, WIFI_LAN, BLE] capabilitiesSize:5 apFreq:5540 wfdGcUsableOrAvailableChs:[2412..2472, 5180..5240, 5500..5560, 5745..5805] wfdGoUsableOrAvailableChs:[2412..2472, 5180..5240, 5500..5560, 5745..5805] hsStaUsableOrAvailableChs:[2412..2472, 5180..5320, 5500..5700, 5745..5825, 5955..6415] awareUsableOrAvailableChs:[2412..2472, 5180..5240, 5500..5560, 5745..5825, 5955..6415] rxAdvertisement(size:63):A0:17:37:10:C7:3F:D8:01:1E:52:2E:5F:24:40:D3:86:ED:0A:F6:D7:60:EC:EE:A1:88:35:43:F7:39:21:86:AA:BE:2E:84:15:05:25:00:00:84:15:06:25:00:00:84:15:04:7F:00:00:84:15:07:65:00:00:83:15:01:15:A4
02-04 09:07:00.311  9245 29445 D BluetoothSocket: bindListen(): mPort=-1, mType=1
02-04 09:07:00.312  4007  4017 I BluetoothSocketManagerBinder: createSocketChannel: type=1, serviceName=NearbySharing, uuid=a82efa21-ae5c-3dde-9bbc-f16da7b16c5a, port=-1, from uid/pid=10169/9245
02-04 09:07:00.312  4007  4017 I bt_btif_sock: system/btif/src/btif_sock.cc:171 btsock_listen: Attempting listen for socket connections for device: 00:00:00:00:00:00, type: 1, channel: -1, app_uid: 10169, data_path: 0, hub_id: 0, endpoint_id: 0, max_rx_packet_size: 0
02-04 09:07:00.312  4007  4017 I bt_btif_sock_rfcomm: system/btif/src/btif_sock_rfc.cc:398 btsock_rfc_listen: Adding listening socket service_name: NearbySharing - channel: -1
02-04 09:07:00.312  4007  4358 I bt_btif_sock_rfcomm: system/btif/src/btif_sock_rfc.cc:999 jv_dm_cback: handling event:BTA_JV_GET_SCN_EVT, slot_id:262
02-04 09:07:00.312  4007  4358 I bt_btif_sock_rfcomm: system/btif/src/btif_sock_rfc.cc:999 jv_dm_cback: handling event:BTA_JV_CREATE_RECORD_EVT, slot_id:262
02-04 09:07:00.313  4007  4358 I bt_bta_dm: system/bta/dm/bta_dm_act.cc:1084 bta_dm_set_eir: Generating extended inquiry response packet EIR
02-04 09:07:00.313  4007  4358 W rfcomm_port_utils: system/stack/rfcomm/port_utils.cc:289 port_find_mcb: not found, bd_addr:ff:ff:ff:ff:ff:ff
02-04 09:07:00.313  4007  4358 I bt_port_api: system/stack/rfcomm/port_api.cc:224 RFCOMM_CreateConnectionWithSecurity: bd_addr=ff:ff:ff:ff:ff:ff, scn=16, is_server=true, mtu=990, uuid=0x0, dlci=32, signal_state=0xb, p_port=0x74c89f1d98
02-04 09:07:00.313  9245 29445 D BluetoothSocket: bindListen(), SocketState: INIT, mPfd: {ParcelFileDescriptor: java.io.FileDescriptor@d8d8a7c}
02-04 09:07:00.313  9245 29445 D BluetoothSocket: bindListen(), Create LocalSocket
02-04 09:07:00.313  4007  4358 I bt_btif_sock_rfcomm: system/btif/src/btif_sock_rfc.cc:951 rfcomm_cback: handling BTA_JV_RFCOMM_START_EVT, slot_id:262
02-04 09:07:00.313  9245 29445 D BluetoothSocket: bindListen(), new LocalSocket.getInputStream()
02-04 09:07:00.313  4007  4358 I bt_btif_sock_rfcomm: system/btif/src/btif_sock_rfc.cc:640 on_srv_rfc_listen_started: listening for RFCOMM socket connections for device: 00:00:00:00:00:00, scn: 16, app_uid: 10169, id: 262
02-04 09:07:00.313  9245 29445 D BluetoothSocket: bindListen(), readInt mSocketIS: android.net.LocalSocketImpl$SocketInputStream@d5def05
02-04 09:07:00.313  9245 29445 D BluetoothSocket: bindListen(): channel=16, mPort=-1
02-04 09:07:00.313  9245 29445 I NearbyMediums: Started accepting Bluetooth Classic connections for NearbySharing.
02-04 09:07:00.313  9245 25076 D BluetoothSocket: accept(), timeout (ms):-1
02-04 09:07:00.315  9245 29445 D BluetoothAdapter: isLeEnabled(): ON
02-04 09:07:00.318  4007  4437 I bt_shim_advertiser: system/main/shim/le_advertising_manager.cc:161 StartAdvertisingSet: in shim layer
02-04 09:07:00.318  4007  4366 I bluetooth: system/gd/hci/le_advertising_manager_impl.cc:701 create_extended_advertiser_with_id: Scheduling address rotation for advertiser_id=3
02-04 09:07:00.318  4007  4366 I bluetooth: system/gd/hci/le_address_manager.cc:581 GetNextPrivateAddressIntervalRange: client=advertising_set_3, nonwake=8m2s, wake=14m3s
02-04 09:07:00.319  4007  4437 I bt_shim_advertiser: system/main/shim/le_advertising_manager.cc:188 StartAdvertisingSet: create advertising set, client_id:255, reg_id:-6997
02-04 09:07:00.320  4007  4366 I bluetooth: system/gd/hci/le_advertising_manager_impl.cc:1775 on_set_advertising_set_random_address_complete: update random address for advertising set 3 : xx:xx:xx:xx:d4:12
02-04 09:07:00.322  9245 29445 I NearbyMediums: Started BLE extended advertising. Regular Advertised : false, Fast Advertised : true, AdvertisingSetting : BleAdvertisingSetting{powerLevel= BALANCED_POWER, isConnectable= false, isPrivateGatt= true}.
02-04 09:07:00.323  9245 29445 D BluetoothAdapter: isLeEnabled(): ON
02-04 09:07:00.325  4007  4437 I bt_shim_advertiser: system/main/shim/le_advertising_manager.cc:161 StartAdvertisingSet: in shim layer
02-04 09:07:00.325  4007  4366 I bluetooth: system/gd/hci/le_advertising_manager_impl.cc:701 create_extended_advertiser_with_id: Scheduling address rotation for advertiser_id=4
02-04 09:07:00.325  4007  4366 I bluetooth: system/gd/hci/le_address_manager.cc:581 GetNextPrivateAddressIntervalRange: client=advertising_set_4, nonwake=8m24s, wake=14m58s
02-04 09:07:00.325  4007  4437 I bt_shim_advertiser: system/main/shim/le_advertising_manager.cc:188 StartAdvertisingSet: create advertising set, client_id:255, reg_id:-6998
02-04 09:07:00.326  4007  4366 I bluetooth: system/gd/hci/le_advertising_manager_impl.cc:1775 on_set_advertising_set_random_address_complete: update random address for advertising set 4 : xx:xx:xx:xx:02:3a
02-04 09:07:00.328  9245 29445 I NearbyMediums: Started BLE Legacy advertising. Regular Header Advertised : false, Fast Advertised : true, AdvertisingSettings : BleAdvertisingSetting{powerLevel= BALANCED_POWER, isConnectable= false, isPrivateGatt= true}, isAcceptingConnection : false
02-04 09:07:00.328  9245 29445 I NearbyMediums: Successfully started BLE advertising of size 23 for service NearbySharing, deviceToken : [ 0x59 0x11 ].
02-04 09:07:00.331  9245 29445 I NearbyMediums: Successfully bound ServerSocket for service NearbySharing to the stable port 53601.
02-04 09:07:00.331  9245 29445 I NearbyMediums: Successfully started listening for incoming Wifi Lan connections.
02-04 09:07:00.336  1688  4234 I WifiService: acquireMulticastLock uid=10169 lockTag=nearby-connections-40863360
02-04 09:07:00.337  9245 29445 I Nearby  : (REDACTED) NsdManagerCompat acquired multicast lock %d.
02-04 09:07:00.338  1688  3744 V serviceDiscovery: [MdnsSocketProvider] VERBOSE Already monitoring sockets.
02-04 09:07:00.338  1688  3744 I serviceDiscovery: [MdnsAdvertiser] Adding service name: I0JSRlP8n14AAA, type: _FC9F5ED42C8A._tcp, subtypes: , hostAddresses: , hostname: null, port: 53601, network: null, expirationTime: null, txtRecord: {f=5540, n=MvChL5utvj5-wx6kszSjOy8, IPv4=192.168.0.132} with ID 1276 and subtypes {} advertisingOptions MdnsAdvertisingOptions{ }
02-04 09:07:00.338  1688  3744 I serviceDiscovery: [MdnsAdvertiser.wlan0] Service 1275 getting re-added, cancelling exit announcements
02-04 09:07:00.338  1688  3744 I WifiService: acquireMulticastLock uid=1000 lockTag=NsdService
02-04 09:07:00.342  3969 28127 D IpClient.wlan0: set max DTIM multiplier to 1
02-04 09:07:00.365  1294  1294 D AOC     : A3:MSG: tmd3733_device.cc, 4363: USF: TMD3733: R/C:0.27 1CD->0C d_lux:-1.0 c_lux:12.8/-1.0 c_coeff:0.50/-1.00
02-04 09:07:00.365  1294  1294 D AOC     : A3:MSG: tmd3733_device.cc, 4366: USF: TMD3733:  w:0.00 C:5.50 d_leak:0.1 c_leak:0.0 lux:12.8 leak:0.0
02-04 09:07:00.385  1127  5368 D WifiHAL : Setting DTIM config , halHandle = 0xb400007034adc650 Multiplier = 2
02-04 09:07:00.385  1127  5368 I WifiHAL : Successfully configured dtim multiplier 2
02-04 09:07:00.385  1127  5368 E WifiHAL : Setting APF program, halHandle = 0xb400007034adc650
02-04 09:07:00.385  1127  5368 E WifiHAL : Set apf filter for iface = wlan0
02-04 09:07:00.385  1127  5368 I WifiHAL : createRequest: APF set program request
02-04 09:07:00.385  1127  5368 I WifiHAL : mProgramLen : 1560
02-04 09:07:00.392  1127  5368 D WifiHAL : Setting DTIM config , halHandle = 0xb400007034adc650 Multiplier = 1
02-04 09:07:00.392  1127  5368 I WifiHAL : Successfully configured dtim multiplier 1
02-04 09:07:00.843  1735  1771 I pixel-thermal: battery:35.5 raw data: battery:35500 
02-04 09:07:00.843  1735  1771 I pixel-thermal: Power rails total power: 3451.89 mW for 60010 ms
02-04 09:07:00.843  1735  1771 I pixel-thermal: Power rails [S6M_LLDO1: 89.38 mW] [S4M_VDD_CPUCL0: 428.81 mW] [S3M_VDD_CPUCL2: 13.54 mW] [S1M_VDD_MIF: 84.37 mW] [S5M_VDD_INT: 27.55 mW] [S9M_VDD_CPUCL1_M: 31.13 mW] 
02-04 09:07:00.843  1735  1771 I pixel-thermal: Power rails [S2M_VDD_CPUCL1: 2170.01 mW] [VSYS_PWR_CAMERA: 5.18 mW] [VSYS_PWR_DISPLAY: 206.69 mW] [L21S_VDD2L_MEM: 43.03 mW] [S8M_LLDO2: 59.58 mW] [S3S_LLDO1: 71.03 mW] 
02-04 09:07:00.843  1735  1771 I pixel-thermal: Power rails [VSYS_PWR_RFFE: 4.75 mW] [VSYS_PWR_WLAN_BT: 41.97 mW] [VSYS_PWR_MODEM: 66.46 mW] [L2S_PLL_MIPI_UFS: 20.32 mW] [S4S_VDD2H_MEM: 51.63 mW] [S9S_VDD_AOC: 8.65 mW] 
02-04 09:07:00.843  1735  1771 I pixel-thermal: Power rails [S2S_VDD_G3D: 0.08 mW] [S1S_VDD_CAM: 5.66 mW] [S7M_VDD_TPU: 0.00 mW] [L22S_UDFPS: 0.58 mW] [S12S_VDD_AUR: 6.82 mW] [S5S_VDDQ_MEM: 14.65 mW] 
02-04 09:07:00.843  1735  1771 I pixel-thermal: CDEV log dc_icl state:8 gxp-cooling state:0 thermal-uclamp-4 state:0 thermal-cpufreq-2 state:0 thermal-cpufreq-0 state:0 tpu_cooling state:0 usbc-port state:0 thermal-uclamp-0 state:0 fcc state:1 thermal-cpufreq-1 state:3 thermal-gpufreq-0 state:0 thermal-uclamp-7 state:0 
02-04 09:07:01.176  1688  3744 I serviceDiscovery: [MdnsAdvertiser.wlan0] Probing finished for service 1276
02-04 09:07:01.178  9245  9302 I NearbyMediums: WIFI_LAN registered service name:I0JSRlP8n14AAA type:null at ip:null port:0
02-04 09:07:01.179  9245 29445 I NearbyMediums: Successfully advertised I0JSRlP8n14AAA on serviceID NearbySharing over Wifi LAN.
02-04 09:07:01.187  1735  1771 I pixel-thermal: rfpa_therm:38.962 raw data: rfpa_therm:38962 
02-04 09:07:01.222  1735  1771 I pixel-thermal: VIRTUAL-SKIN-MODEL: model_input: [38962.00 38272.00 42235.00 30637.00 30659.00 30659.00 39585.00 49543.00 ]
02-04 09:07:01.222  1735  1771 I native  : I0000 00:00:1770196021.222112    1771 thermal_tflite_wrapper.cc:261] ThermalTfliteInvoke
02-04 09:07:01.222  1735  1771 I pixel-thermal: VIRTUAL-SKIN-MODEL: model_output: [37189.3 ]
02-04 09:07:01.222  1735  1771 I pixel-thermal: VIRTUAL-SKIN-MODEL: predicted_value: [37189.3 ]
02-04 09:07:01.222  1735  1771 I pixel-thermal: VIRTUAL-SKIN-CPU-MID:37.097 raw data: VIRTUAL-SKIN:37097 VIRTUAL-SKIN-CPU-MID:37097 VIRTUAL-SKIN-LEGACY:37349.9 VIRTUAL-SKIN-LEGACY-MODEL-DIFF:160.578 VIRTUAL-SKIN-LEGACY-SHUTDOWN:0 VIRTUAL-SKIN-MODEL:37189.3 VIRTUAL-SKIN-MODEL-CLAMPED:37189.3 VIRTUAL-SKIN-MODEL-LEGACY-DIFF:-160.578 VIRTUAL-SKIN-MODEL-UPDATED:37097 VIRTUAL-SKIN-MODEL-UPPER-CLAMPED:37189.3 VIRTUAL-SKIN-SUB-0:37349.9 VIRTUAL-SKIN-SUB-1:34339.7 VIRTUAL-SKIN-SUB-2:37332.7 VIRTUAL-SKIN-SUB-3:36534.2 VIRTUAL-SKIN-SUB-4:34334.6 VT_LEGACY_WEIGHT:0 VT_MODEL_WEIGHT:1 battery:35500 btmspkr_therm:30659 charging_therm:42235 disp_therm:30659 north_therm:39585 quiet_therm:38272 rfpa_therm:38962 soc_therm:49543 usb_pwr_therm:30637 
02-04 09:07:01.222  1735  1771 I pixel-thermal: VIRTUAL-SKIN-SOC:37.097 raw data: VIRTUAL-SKIN:37097 VIRTUAL-SKIN-SOC:37097 
02-04 09:07:01.222  1735  1771 I pixel-thermal: VIRTUAL-SKIN-SOC power_budget=3367.42 err=7.90295 s_power=800 time_elapsed_ms=7008 p=2370.89 i=196.534 d=-0 dt_per_min=nan compensation=0 budget transient=0 control target=3 excluded power budget=0
02-04 09:07:01.222  1735  1771 I pixel-thermal: VIRTUAL-SKIN-SOC binded power rails: (S4M_VDD_CPUCL0: 457.16 mW)(S3M_VDD_CPUCL2: 17.86 mW)(S2S_VDD_G3D: 0.04 mW)(S7M_VDD_TPU: 0.00 mW)(S2M_VDD_CPUCL1: 2351.60 mW)
02-04 09:07:01.222  1735  1771 I pixel-thermal: VIRTUAL-SKIN-DISPLAY:37.097 raw data: VIRTUAL-SKIN:37097 VIRTUAL-SKIN-DISPLAY:37097 
02-04 09:07:01.222  1735  1771 I pixel-thermal: CPU_THROTTLE_SEVERE:0 raw data: CPU_THROTTLE_SEVERE:0 
02-04 09:07:01.222  1735  1771 I pixel-thermal: VIRTUAL-SKIN:37.097 raw data: VIRTUAL-SKIN:37097 
02-04 09:07:01.223  1735  1771 I pixel-thermal: VIRTUAL-SKIN-HINT:37.097 raw data: VIRTUAL-SKIN:37097 VIRTUAL-SKIN-HINT:37097 
02-04 09:07:01.223  1735  1771 I pixel-thermal: VIRTUAL-SKIN-CPU-LIGHT-ODPM:37.097 raw data: VIRTUAL-SKIN:37097 VIRTUAL-SKIN-CPU-LIGHT-ODPM:37097 
02-04 09:07:01.223  1735  1771 I pixel-thermal: VIRTUAL-SKIN-CPU-LIGHT-ODPM power_budget=2670.02 err=1.90295 s_power=800 time_elapsed_ms=7008 p=761.18 i=1108.84 d=-0 dt_per_min=nan compensation=0 budget transient=0 control target=2 excluded power budget=0
02-04 09:07:01.223  1735  1771 I pixel-thermal: VIRTUAL-SKIN-CPU-LIGHT-ODPM binded power rails: (S4M_VDD_CPUCL0: 457.16 mW)(S3M_VDD_CPUCL2: 17.86 mW)(S2M_VDD_CPUCL1: 2351.60 mW)
02-04 09:07:01.223  1735  1771 I pixel-thermal: VIRTUAL-SKIN-CPU-ODPM:37.097 raw data: VIRTUAL-SKIN:37097 VIRTUAL-SKIN-CPU-ODPM:37097 
02-04 09:07:01.223  1735  1771 I pixel-thermal: VIRTUAL-SKIN-ODPM-MODEL: model_input: [38962.00 38272.00 42235.00 30637.00 30659.00 30659.00 39585.00 49543.00 35500.00 2943.72 5.12 208.26 65.83 5.22 45.53 ]
02-04 09:07:01.223  1735  1771 I native  : I0000 00:00:1770196021.223287    1771 thermal_tflite_wrapper.cc:261] ThermalTfliteInvoke
02-04 09:07:01.223  1735  1771 I pixel-thermal: VIRTUAL-SKIN-ODPM-MODEL: model_output: [36725.9 ]
02-04 09:07:01.223  1735  1771 I pixel-thermal: VIRTUAL-SKIN-ODPM-MODEL: predicted_value: [36725.9 ]
02-04 09:07:01.223  1735  1771 I pixel-thermal: VIRTUAL-SKIN-SPEAKER-MODEL: model_input: [35500.00 30659.00 42235.00 30659.00 39585.00 38272.00 38962.00 49543.00 30637.00 ]
02-04 09:07:01.223  1735  1771 I native  : I0000 00:00:1770196021.223638    1771 thermal_tflite_wrapper.cc:261] ThermalTfliteInvoke
02-04 09:07:01.223  1735  1771 I pixel-thermal: VIRTUAL-SKIN-SPEAKER-MODEL: model_output: [34248.5 ]
02-04 09:07:01.223  1735  1771 I pixel-thermal: VIRTUAL-SKIN-SPEAKER-MODEL: predicted_value: [34248.5 ]
02-04 09:07:01.223  1735  1771 I pixel-thermal: STATS-UPDATOR:0 raw data: EXTREME-SOC-CONDITION-CHECK:1 MAIN_SOC_POWER:3363.78 MODEL_CAMERA_PWR:5.11977 MODEL_DISPLAY_PWR:208.259 MODEL_MISC_PWR:2943.72 MODEL_MODEM_PWR:65.827 MODEL_RFFE_PWR:5.21558 MODEL_WLAN_BT_PWR:45.5311 NORTH_THERM-UNDER-THRESHOLD:1 NORTH_THERM-VSKIN-DIFF-DURING-NORTH_THERM-OVER-THRESHOLD:-997512 NORTH_THERM-VSKIN-DIFF-DURING-VSKIN-OVER-52:-997512 QUIET_THERM-UNDER-THRESHOLD:1 QUIET_THERM-VSKIN-DIFF-DURING-QUIET_THERM-OVER-THRESHOLD:-998825 QUIET_THERM-VSKIN-DIFF-DURING-VSKIN-OVER-52:-998825 RFPA_THERM-UNDER-THRESHOLD:1 RFPA_THERM-VSKIN-DIFF-DURING-RFPA_THERM-OVER-THRESHOLD:-998135 RFPA_THERM-VSKIN-DIFF-DURING-VSKIN-OVER-52:-998135 SOC_THERM-UNDER-THRESHOLD:1 SOC_THERM-VSKIN-DIFF-DURING-SOC_THERM-OVER-THRESHOLD:-987554 SOC_THERM-VSKIN-DIFF-DURING-VSKIN-OVER-52:-987554 STATS-UPDATOR:0 TPU_35S:0 VIRTUAL-SKIN:37097 VIRTUAL-SKIN-LEGACY:37349.9 VIRTUAL-SKIN-MODEL:37189.3 VIRTUAL-SKIN-MODEL-LEGACY-DIFF:-160.578 VIRTUAL-SKIN-ODPM-MODEL:36725.9 VIRTUAL-SKIN-SPEAKER-MODEL:34248.5 VSKIN-SKIN-UNDER-52:1 battery:35500 btmspkr_therm:30659 charging_therm:42235 disp_therm:30659 north_therm:39585 quiet_therm:38272 rfpa_therm:38962 soc_therm:49543 usb_pwr_therm:30637 
02-04 09:07:01.223  1735  1771 I pixel-thermal: VIRTUAL-SKIN-CPU-HIGH:37.097 raw data: VIRTUAL-SKIN:37097 VIRTUAL-SKIN-CPU-HIGH:37097 
02-04 09:07:01.223  1735  1771 I pixel-thermal: quiet_therm:38.272 raw data: quiet_therm:38272 
02-04 09:07:01.223  1735  1771 I pixel-thermal: cellular-emergency:37.097 raw data: VIRTUAL-SKIN:37097 cellular-emergency:37097 
02-04 09:07:01.309  1082  1082 W TracingMuxer: type=1400 audit(0.0:50331): avc:  denied  { write } for  name="traced_producer" dev="tmpfs" ino=1361 scontext=u:r:hal_neuralnetworks_darwinn:s0 tcontext=u:object_r:traced_producer_socket:s0 tclass=sock_file permissive=0
02-04 09:07:01.533   640   726 D SurfaceFlinger: setDesiredMode 4619827677550801152 {mode={fps=60.00 Hz, modePtr={id=0, vsyncRate=60.00 Hz, peakRefreshRate=60.00 Hz}}, emitEvent=false, force=false}
02-04 09:07:01.535   640   640 D SurfaceFlinger: initiateModeChange 4619827677550801152 {mode={fps=60.00 Hz, modePtr={id=0, vsyncRate=60.00 Hz, peakRefreshRate=60.00 Hz}}, emitEvent=false, force=false}
02-04 09:07:01.536   642 28898 D hwc-display: setActiveConfigWithConstraints:: PrimaryDisplay config(36) test(0)
02-04 09:07:01.536   642 28898 I hwc-display: [PrimaryDisplay] setActiveConfigWithConstraints: config(36)
02-04 09:07:01.555  1294  1294 D AOC     : A3:MSG: tmd3733_device.cc, 3186: USF: TMD3733: vsync_delay_usec: 13000
02-04 09:07:01.799  1294  1294 D AOC     : A3:MSG: tmd3733_device.cc, 4363: USF: TMD3733: R/C:0.32 0C->1CD d_lux:20.7 c_lux:18.0/-1.0 c_coeff:0.50/-1.00
02-04 09:07:01.800  1294  1294 D AOC     : A3:MSG: tmd3733_device.cc, 4366: USF: TMD3733:  w:0.85 C:7.74 d_leak:0.1 c_leak:0.0 lux:18.4 leak:0.0
02-04 09:07:02.194  4010  5249 D TemperatureStateSource: sequence=25826 actualDelay=10000
02-04 09:07:02.195  4010  5249 D TemperatureStateSource: Reading temperature: sequence=25827
02-04 09:07:02.196  1735  1735 I pixel-thermal: CPU_THROTTLE_SEVERE:0 raw data: CPU_THROTTLE_SEVERE:0 
02-04 09:07:02.196  1735  1735 I pixel-thermal: VIRTUAL-SKIN:37.097 raw data: VIRTUAL-SKIN:37097 
02-04 09:07:02.197  4010  5249 D TemperatureStateSource: getDeviceTemperatures: sequence=25827 deviceTemperatureType=3 temperatureSource=0 temperatures=[37.09705]
02-04 09:07:02.197  4010  5249 D BusinessScope: Enqueuing the block
02-04 09:07:02.197  4010  5249 D TemperatureStateSource: sequence=25827 waitTime=10000
02-04 09:07:02.197  4010  4230 D BusinessScope: Start running the #91319 block
02-04 09:07:02.198  1735  1735 I pixel-thermal: CPU_THROTTLE_SEVERE:0 raw data: CPU_THROTTLE_SEVERE:0 
02-04 09:07:02.198  1735  1735 I pixel-thermal: VIRTUAL-SKIN:37.097 raw data: VIRTUAL-SKIN:37097 
02-04 09:07:02.199  4010  4230 I TemperatureStateSource: temperature was set
02-04 09:07:02.199  4010  4230 D BusinessScope: Enqueuing the block
02-04 09:07:02.199  4010  4230 D ImpulseStateSource: Notify clients: 45642
02-04 09:07:02.199  4010  4230 D BusinessScope: Finish running the #91319 block
02-04 09:07:02.199  4010  4230 D BusinessScope: Start running the #91320 block
02-04 09:07:02.200  4010  4215 D BusinessScope: Finish running the #91320 block
02-04 09:07:02.203 29897 27181 W Turbo.DeviceHealthLeversManagerImpl: applyLeversWithMaintenanceWindow: ignore the same request
02-04 09:07:02.303  4007  4437 I bt_shim_advertiser: system/main/shim/le_advertising_manager.cc:80 Unregister: in shim layer
02-04 09:07:02.303  4007  4436 I bluetooth: bluetooth_core::gatt::server::isolation_manager: removing server (if any) associated with advertiser AdvertiserId(2)
02-04 09:07:02.807  1127  5368 I WifiHAL : Creating message to get link statistics; iface = 47
02-04 09:07:02.821  1294  1294 D AOC     : A3:MSG: tmd3733_device.cc, 4363: USF: TMD3733: R/C:0.19 1CD->0C d_lux:-1.0 c_lux:18.0/-1.0 c_coeff:0.50/-1.00
02-04 09:07:02.822  1294  1294 D AOC     : A3:MSG: tmd3733_device.cc, 4366: USF: TMD3733:  w:0.00 C:7.74 d_leak:0.1 c_leak:0.0 lux:18.0 leak:0.0
02-04 09:07:02.848  1127  1250 I WifiHAL : Getting cached scan results, iface handle = 0xb400007034adc650
02-04 09:07:02.848  1127  1250 E WifiHAL : Creating message to get cached scan results
02-04 09:07:02.852  1127  1250 I WifiHAL : In GetCachedScanResultsCommand::handleResponse
02-04 09:07:02.877  1688  3741 D ConnectivityService: NetReassign [no changes] [c 2] [a 0] [i 2]
02-04 09:07:03.641  1735  1771 I pixel-thermal: charging_therm:42.235 raw data: charging_therm:42235 
02-04 09:07:03.642  1735  1771 I pixel-thermal: north_therm:39.585 raw data: north_therm:39585 
02-04 09:07:03.643  1735  1771 I pixel-thermal: VIRTUAL-SKIN-CHARGE:36.1342 raw data: VIRTUAL-SKIN-CHARGE:36134.2 VIRTUAL-SKIN-CHARGE-SUB-0:34777 VIRTUAL-SKIN-CHARGE-SUB-1:36134.2 btmspkr_therm:30659 charging_therm:42235 disp_therm:30615 north_therm:39585 quiet_therm:38428 rfpa_therm:39007 soc_therm:49137 usb_pwr_therm:30637 
02-04 09:07:03.643  1735  1771 I pixel-thermal: VIRTUAL-SKIN-CHARGE power_budget=3605.67 err=1.86577 s_power=2527 time_elapsed_ms=7007 p=222.027 i=1302 d=-0 dt_per_min=nan compensation=0 budget transient=0 control target=2 excluded power budget=445.361 (PARTIAL_SYSTEM_POWER: 3711.34 mW, cdev_weight: 0.120000)
02-04 09:07:03.643  1735  1771 I pixel-thermal: VIRTUAL-SKIN-CHARGE-WLC:37.1926 raw data: VIRTUAL-SKIN-CHARGE-WLC:37192.6 charging_therm:42235 soc_therm:49137 usb_pwr_therm:30637 
02-04 09:07:03.643  1735  1771 I pixel-thermal: VIRTUAL-SKIN-CHARGE-WLC power_budget=2797.59 err=3.80736 s_power=1383 time_elapsed_ms=7007 p=810.967 i=1383 d=0 dt_per_min=nan compensation=0 budget transient=0 control target=2 excluded power budget=779.381 (PARTIAL_SYSTEM_POWER: 3711.34 mW, cdev_weight: 0.210000)
02-04 09:07:03.934  1735  1771 I pixel-thermal: btmspkr_therm:30.659 raw data: btmspkr_therm:30659 
02-04 09:07:03.935  1735  1771 I pixel-thermal: usb_pwr_therm:30.637 raw data: usb_pwr_therm:30637 
02-04 09:07:03.935  1735  1771 I pixel-thermal: VIRTUAL-USB-UI:0 raw data: USB-MINUS-CHARGER:-11598 VIRTUAL-USB-UI:0 charging_therm:42235 usb_pwr_therm:30637 
02-04 09:07:03.935  1735  1771 I pixel-thermal: VIRTUAL-USB-THROTTLING:0 raw data: USB-MINUS-CHARGER:-11598 VIRTUAL-USB-THROTTLING:0 usb_pwr_therm:30637 
02-04 09:07:04.002  1294  1294 D AOC     : A3:MSG: tmd3733_device.cc, 4363: USF: TMD3733: R/C:0.32 0C->1CD d_lux:21.2 c_lux:18.0/-1.0 c_coeff:0.50/-1.00
02-04 09:07:04.002  1294  1294 D AOC     : A3:MSG: tmd3733_device.cc, 4366: USF: TMD3733:  w:0.85 C:7.74 d_leak:0.1 c_leak:0.0 lux:18.5 leak:0.0
02-04 09:07:04.625 12764 12824 W JobInfo : Requested important-while-foreground flag for job-2147483227 is ignored and takes no effect
02-04 09:07:04.639 12764 12824 W JobInfo : Requested important-while-foreground flag for job-2147483226 is ignored and takes no effect
02-04 09:07:04.649  1688  4234 D ConnectivityService: requestNetwork for uid/pid:10297/12764 activeRequest: null callbackRequest: 56397 [NetworkRequest [ REQUEST id=56398, [ Capabilities: INTERNET&NOT_RESTRICTED&TRUSTED&NOT_VCN_MANAGED&NOT_BANDWIDTH_CONSTRAINED Uid: 10297 RequestorUid: 10297 RequestorPkg: com.linkedin.android UnderlyingNetworks: Null] ]] callback flags: 0 order: 2147483647 isUidTracked: false declaredMethods: AVAIL|LOST|NC
02-04 09:07:04.650 12764 12824 I WM-WorkerWrapper: Worker result SUCCESS for Work [ id=a43807bf-8746-45b2-8e1b-6bca1adf4724, tags={ com.linkedin.tracking.grpc.transport.restproxy.worker.RestProxyWorker, grest_dispatch_one_batch } ]
02-04 09:07:04.650 12764 12824 I WM-WorkerWrapper: Worker result SUCCESS for Work [ id=e296efe4-a085-403e-b77e-8fc0d0a86eea, tags={ com.linkedin.tracking.grpc.transport.restproxy.worker.RestProxyWorker, grest_dispatch_one_batch } ]
02-04 09:07:04.652  1688  3734 D OemPaidWifiNetworkFactory: got request NetworkRequest [ REQUEST id=56398, [ Capabilities: INTERNET&NOT_RESTRICTED&TRUSTED&NOT_VCN_MANAGED&NOT_BANDWIDTH_CONSTRAINED Uid: 10297 RequestorUid: 10297 RequestorPkg: com.linkedin.android UnderlyingNetworks: Null] ]
02-04 09:07:04.653  1688  3734 D MultiInternetWifiNetworkFactory: got request NetworkRequest [ REQUEST id=56398, [ Capabilities: INTERNET&NOT_RESTRICTED&TRUSTED&NOT_VCN_MANAGED&NOT_BANDWIDTH_CONSTRAINED Uid: 10297 RequestorUid: 10297 RequestorPkg: com.linkedin.android UnderlyingNetworks: Null] ]
02-04 09:07:04.653  1688  3734 D WifiNetworkFactory: got request NetworkRequest [ REQUEST id=56398, [ Capabilities: INTERNET&NOT_RESTRICTED&TRUSTED&NOT_VCN_MANAGED&NOT_BANDWIDTH_CONSTRAINED Uid: 10297 RequestorUid: 10297 RequestorPkg: com.linkedin.android UnderlyingNetworks: Null] ]
02-04 09:07:04.653  1688  3734 D UntrustedWifiNetworkFactory: got request NetworkRequest [ REQUEST id=56398, [ Capabilities: INTERNET&NOT_RESTRICTED&TRUSTED&NOT_VCN_MANAGED&NOT_BANDWIDTH_CONSTRAINED Uid: 10297 RequestorUid: 10297 RequestorPkg: com.linkedin.android UnderlyingNetworks: Null] ]
02-04 09:07:04.654  1688  3741 D ConnectivityService: NetReassign [56398 : null  121] [c 0] [a 1] [i 3]
02-04 09:07:05.004  1294  1294 D AOC     : A3:MSG: tmd3733_device.cc, 4363: USF: TMD3733: R/C:0.23 1CD->0C d_lux:-1.0 c_lux:18.6/-1.0 c_coeff:0.50/-1.00
02-04 09:07:05.004  1294  1294 D AOC     : A3:MSG: tmd3733_device.cc, 4366: USF: TMD3733:  w:0.00 C:8.00 d_leak:0.1 c_leak:0.0 lux:18.6 leak:0.0
02-04 09:07:05.873  1127  1250 I WifiHAL : Creating message to get link statistics; iface = 47
02-04 09:07:05.913  1127  5368 I WifiHAL : Getting cached scan results, iface handle = 0xb400007034adc650
02-04 09:07:05.913  1127  5368 E WifiHAL : Creating message to get cached scan results
02-04 09:07:05.918  1127  5368 I WifiHAL : In GetCachedScanResultsCommand::handleResponse
02-04 09:07:05.943  1688  3741 D ConnectivityService: NetReassign [no changes] [c 1] [a 1] [i 1]
02-04 09:07:06.159  1294  1294 D AOC     : A3:MSG: tmd3733_device.cc, 4363: USF: TMD3733: R/C:0.32 0C->1CD d_lux:21.0 c_lux:17.4/-1.0 c_coeff:0.50/-1.00
02-04 09:07:06.159  1294  1294 D AOC     : A3:MSG: tmd3733_device.cc, 4366: USF: TMD3733:  w:0.85 C:7.50 d_leak:0.1 c_leak:0.0 lux:17.9 leak:0.0
02-04 09:07:06.511  1127  5368 I WifiHAL : Creating message to get link statistics; iface = 47
02-04 09:07:06.511  1075  1148 I bthal.activitywatcher: getStateResidency: ActivityStat{0 : totalTimeMs 313122043 totalEntryCount 117236929450 lastEntryMs 4364917}
02-04 09:07:06.511  1075  1148 I bthal.activitywatcher: getStateResidency: ActivityStat{1 : totalTimeMs 97596028 totalEntryCount 24907945559 lastEntryMs 4364919}
02-04 09:07:06.511  1075  1148 I bthal.activitywatcher: getStateResidency: ActivityStat{2 : totalTimeMs 12643030 totalEntryCount 54254834263 lastEntryMs 4364997}
02-04 09:07:06.511  1075  1148 I bthal.activitywatcher: getStateResidency: ActivityStat{3 : totalTimeMs 24270739 totalEntryCount 62982093087 lastEntryMs 4364985}
02-04 09:07:06.522  1075  1148 I bthal.activitywatcher: send_hci_activities_vsc: Sent VSC <[4]{89, 253, 1, 1}>
02-04 09:07:06.522  1084  1084 W android.hardware.power.stats-service.pixel: getStateResidency latency for Bluetooth exceeded time allowed: 11572us
02-04 09:07:06.523  1075  1893 I bthal.activitywatcher: filter_hci_activities_vse: Filtered <[103]{14, 101, 1, 89, 253, 0, 1, 6, 80, 199, 6, 38, 51, 3, 0, 62, 94, 3, 0, 0, 0, 0, 0, 68, 94, 3, 0, 0, 0, 0, 0, 142, 167, 133, 1, 148, 75, 1, 0, 68, 94, 3, 0, 0, 0, 0, 0, 62, 94, 3, 0, 0, 0, 0, 0, 243, 24, 41, 3, 153, 38, 0, 0, 60, 94, 3, 0, 0, 0, 0, 0, 61, 94, 3, 0, 0, 0, 0, 0, 18, 55, 158, 3, 225, 92, 0, 0, 61, 94, 3, 0, 0, 0, 0, 0, 61, 94, 3, 0, 0, 0, 0, 0}>
02-04 09:07:06.523  1075  1893 I bthal.flowcontrol: HciEventPreProcess: HCI Event 0xe Opcode 0xfd59 Length 103 handled by ControllerActivityWatcher
02-04 09:07:06.523  1075  1893 I bthal.bqr: Batt_Per: 80, Avg_Cur_Pwr: 5 mA, BEr_Tx_Plv: 19 dBm, Le_Tx_Plv: 13 dBm, Idle_Tm: 33367 ms, Act_Tm: 19348 ms, BEr_Tx_Tm: 0 ms, BEr_Rx_Tm: 0 ms, Le_Tx_Tm: 9856 ms, Le_Rx_Tm: 3529 ms, total_Tm 46752 ms, Rx_1Ch_Tm 3529 ms, Rx_2Ch_Tm 0 ms, Tx_iPA_1Ch_Tm 9053 ms, Tx_iPA_2Ch_Tm 0 ms, Tx_ePA_1Ch_Tm 803 ms, Tx_ePA_2Ch_Tm 0 ms, BEr_Rx_Scan_total_Tm 0, Le_Rx_Scan_total_Tm 0
02-04 09:07:06.523  1075  1893 I bthal.bqr: update_bqr_energy_reportv7: Avg_Cur_Pwr: 5, BEr_Tx_Plv: 19 dBm, Le_Tx_Plv: 13
02-04 09:07:06.524  1075  1893 I bthal.flowcontrol: HciEventPreProcess: HCI Event 0xff Opcode 0 Length 92 unhandled by debug_VendorEvent
02-04 09:07:06.524  1294  1294 D AOC     : A3:MSG: controller.cc, 275: CNTRL: cmd ID: 0x000a, tag: 0xf6 [cntr = 97764]
02-04 09:07:06.524  4007  4358 W btm_acl : system/stack/acl/btm_acl.cc:1494 BTM_ReadRemoteVersion: Unable to find active acl
02-04 09:07:06.524  1294  1294 D AOC     : A3:MSG: controller.cc, 919: CNTRL: ipc: control, cmd ID: 0x000a, tag: 0xf6, rc: 0
02-04 09:07:06.525  4007  4358 I bluetooth: system/btif/src/btif_bqr.cc:1019 bqr_delivery_event: len: 89, addr: ff:ff:ff:ff:ff:ff, lmp_ver: 0, manufacturer_id: 0, lmp_subver: 0
02-04 09:07:06.525  4007  4399 I BluetoothQualityReportJni: android/app/jni/com_android_bluetooth_BluetoothQualityReport.cpp:51 bqr_delivery_callback: 
02-04 09:07:06.525  4007  4399 I BluetoothQualityReportNativeInterface: BQR: {
02-04 09:07:06.525  4007  4399 I BluetoothQualityReportNativeInterface:   mAddr: FF:FF:FF:FF:FF:FF, mLmpVer: 0x00, mLmpSubVer: 0x0000, mManufacturerId: 0x0000, mName: , mBluetoothClass: 0,
02-04 09:07:06.525  4007  4399 I BluetoothQualityReportNativeInterface:   BqrCommon: {
02-04 09:07:06.525  4007  4399 I BluetoothQualityReportNativeInterface:     mQualityReportId: Energy Monitor(0x06), mPacketType: INVALID(0x00), mConnectionHandle: 0x0000, mConnectionRole: 0(0), mTxPowerLevel: 0, mRssi: 0, mSnr: 0, mUnusedAfhChannelCount: 0,
02-04 09:07:06.525  4007  4399 I BluetoothQualityReportNativeInterface:     mAfhSelectUnidealChannelCount: 0, mLsto: 0, mPiconetClock: 0x00000000, mRetransmissionCount: 0, mNoRxCount: 0, mNakCount: 0, mLastTxAckTimestamp: 0x00000000, mFlowOffCount: 0,
02-04 09:07:06.525  4007  4399 I BluetoothQualityReportNativeInterface:     mLastFlowOnTimestamp: 0x00000000, mOverflowCount: 0, mUnderflowCount: 0, mAddr: null, mCalFailedItemCount: 0,
02-04 09:07:06.525  4007  4399 I BluetoothQualityReportNativeInterface:     mTxTotalPackets: 0, mTxUnackPackets: 0, mTxFlushPackets: 0, mTxLastSubeventPackets: 0, mCrcErrorPackets: 0, mRxDupPackets: 0, mRxUnRecvPackets: 0, mCoexInfoMask: 0
02-04 09:07:06.525  4007  4399 I BluetoothQualityReportNativeInterface:   }
02-04 09:07:06.525  4007  4399 I BluetoothQualityReportNativeInterface:   BqrEnergyMonitor: {
02-04 09:07:06.525  4007  4399 I BluetoothQualityReportNativeInterface:     AvgCurrentConsume: 5, mIdleTotalTime: 229975, mIdleStateEnterCount: 411768, mActiveTotalTime: 84884, mActiveStateEnterCount: 17089,
02-04 09:07:06.525  4007  4399 I BluetoothQualityReportNativeInterface:     mBredrTxTotalTime: 0, mBredrTxStateEnterCount: 321673, mBredrTxAvgPowerLevel: 19, mBredrRxTotalTime: 0, mBredrRxStateEnterCount: 1569, mLeTxTotalTime: 9856, mLeTxStateEnterCount: 47298, mLeTxAvgPowerLevel: 13, mLeRxTotalTime: 3529, mLeRxStateEnterCount: 41227, mReportTotalTime: 243360, mRxActiveOneChainTime: 3529, mRxActiveTwoChainTime: 0, mTxiPaActiveOneChainTime: 9053, mTxiPaActiveTwoChainTime: 0, mTxePaActiveOneChainTime: 803, mTxePaActiveTwoChainTime: 0
02-04 09:07:06.525  4007  4399 I BluetoothQualityReportNativeInterface:   }
02-04 09:07:06.525  4007  4399 I BluetoothQualityReportNativeInterface: }
02-04 09:07:06.526  1294  1294 D AOC     : A3:MSG: controller.cc, 275: CNTRL: cmd ID: 0x000a, tag: 0xf7 [cntr = 97765]
02-04 09:07:06.526  1294  1294 D AOC     : A3:MSG: controller.cc, 919: CNTRL: ipc: control, cmd ID: 0x000a, tag: 0xf7, rc: 0
02-04 09:07:06.527  1294  1294 D AOC     : A3:MSG: controller.cc, 275: CNTRL: cmd ID: 0x000a, tag: 0xf8 [cntr = 97766]
02-04 09:07:06.527  1294  1294 D AOC     : A3:MSG: controller.cc, 919: CNTRL: ipc: control, cmd ID: 0x000a, tag: 0xf8, rc: 0
02-04 09:07:06.528  1294  1294 D AOC     : A3:MSG: controller.cc, 275: CNTRL: cmd ID: 0x000a, tag: 0xf9 [cntr = 97767]
02-04 09:07:06.528  1294  1294 D AOC     : A3:MSG: controller.cc, 919: CNTRL: ipc: control, cmd ID: 0x000a, tag: 0xf9, rc: 0
02-04 09:07:06.530  1294  1294 D AOC     : A3:MSG: controller.cc, 275: CNTRL: cmd ID: 0x000a, tag: 0xfa [cntr = 97768]
02-04 09:07:06.530  1294  1294 D AOC     : A3:MSG: controller.cc, 919: CNTRL: ipc: control, cmd ID: 0x000a, tag: 0xfa, rc: 0
02-04 09:07:06.531  1294  1294 D AOC     : A3:MSG: controller.cc, 275: CNTRL: cmd ID: 0x000a, tag: 0xfb [cntr = 97769]
02-04 09:07:06.531  1294  1294 D AOC     : A3:MSG: controller.cc, 919: CNTRL: ipc: control, cmd ID: 0x000a, tag: 0xfb, rc: 0
02-04 09:07:06.532  1294  1294 D AOC     : A3:MSG: controller.cc, 275: CNTRL: cmd ID: 0x000a, tag: 0xfc [cntr = 97770]
02-04 09:07:06.533  1294  1294 D AOC     : A3:MSG: controller.cc, 919: CNTRL: ipc: control, cmd ID: 0x000a, tag: 0xfc, rc: 0
02-04 09:07:06.533  1294  1294 D AOC     : A3:MSG: controller.cc, 275: CNTRL: cmd ID: 0x000a, tag: 0xfd [cntr = 97771]
02-04 09:07:06.534  1294  1294 D AOC     : A3:MSG: controller.cc, 919: CNTRL: ipc: control, cmd ID: 0x000a, tag: 0xfd, rc: 0
02-04 09:07:06.535  1294  1294 D AOC     : A3:MSG: controller.cc, 275: CNTRL: cmd ID: 0x000a, tag: 0xfe [cntr = 97772]
02-04 09:07:06.535  1294  1294 D AOC     : A3:MSG: controller.cc, 919: CNTRL: ipc: control, cmd ID: 0x000a, tag: 0xfe, rc: 0
02-04 09:07:06.536  1294  1294 D AOC     : A3:MSG: controller.cc, 275: CNTRL: cmd ID: 0x000a, tag: 0xff [cntr = 97773]
02-04 09:07:06.536  1294  1294 D AOC     : A3:MSG: controller.cc, 919: CNTRL: ipc: control, cmd ID: 0x000a, tag: 0xff, rc: 0
02-04 09:07:06.537  1294  1294 D AOC     : A3:MSG: controller.cc, 275: CNTRL: cmd ID: 0x000a, tag: 0x00 [cntr = 97774]
02-04 09:07:06.537  1294  1294 D AOC     : A3:MSG: controller.cc, 919: CNTRL: ipc: control, cmd ID: 0x000a, tag: 0x00, rc: 0
02-04 09:07:06.538  1294  1294 D AOC     : A3:MSG: controller.cc, 275: CNTRL: cmd ID: 0x000a, tag: 0x01 [cntr = 97775]
02-04 09:07:06.538  1294  1294 D AOC     : A3:MSG: controller.cc, 919: CNTRL: ipc: control, cmd ID: 0x000a, tag: 0x01, rc: 0
02-04 09:07:06.539  1294  1294 D AOC     : A3:MSG: controller.cc, 275: CNTRL: cmd ID: 0x000a, tag: 0x02 [cntr = 97776]
02-04 09:07:06.540  1294  1294 D AOC     : A3:MSG: controller.cc, 919: CNTRL: ipc: control, cmd ID: 0x000a, tag: 0x02, rc: 0
02-04 09:07:06.540  1294  1294 D AOC     : A3:MSG: controller.cc, 275: CNTRL: cmd ID: 0x000a, tag: 0x03 [cntr = 97777]
02-04 09:07:06.541  1294  1294 D AOC     : A3:MSG: controller.cc, 919: CNTRL: ipc: control, cmd ID: 0x000a, tag: 0x03, rc: 0
02-04 09:07:06.542  1294  1294 D AOC     : A3:MSG: controller.cc, 275: CNTRL: cmd ID: 0x000a, tag: 0x04 [cntr = 97778]
02-04 09:07:06.542  1294  1294 D AOC     : A3:MSG: controller.cc, 919: CNTRL: ipc: control, cmd ID: 0x000a, tag: 0x04, rc: 0
02-04 09:07:06.543  1294  1294 D AOC     : A3:MSG: controller.cc, 275: CNTRL: cmd ID: 0x000a, tag: 0x05 [cntr = 97779]
02-04 09:07:06.543  1294  1294 D AOC     : A3:MSG: controller.cc, 919: CNTRL: ipc: control, cmd ID: 0x000a, tag: 0x05, rc: 0
02-04 09:07:06.544  1294  1294 D AOC     : A3:MSG: controller.cc, 275: CNTRL: cmd ID: 0x000a, tag: 0x06 [cntr = 97780]
02-04 09:07:06.544  1294  1294 D AOC     : A3:MSG: controller.cc, 919: CNTRL: ipc: control, cmd ID: 0x000a, tag: 0x06, rc: 0
02-04 09:07:06.595  1127  1250 I WifiHAL : Getting cached scan results, iface handle = 0xb400007034adc650
02-04 09:07:06.595  1127  1250 E WifiHAL : Creating message to get cached scan results
02-04 09:07:06.599  1127  1250 I WifiHAL : In GetCachedScanResultsCommand::handleResponse
02-04 09:07:06.717  1688  4234 D TelephonyManager: requestModemActivityInfo: Sending result to app: ModemActivityInfo{ mTimestamp=948806851 mSleepTimeMs=840780003 mIdleTimeMs=21385316 mActivityStatsTechSpecificInfo=[{mRat=GERAN,mFrequencyRange=UNKNOWN,mTxTimeMs[]=[0, 0, 0, 0, 0],mRxTimeMs=326}, {mRat=UTRAN,mFrequencyRange=UNKNOWN,mTxTimeMs[]=[337948, 17109, 9458, 567, 53419],mRxTimeMs=474298}, {mRat=EUTRAN,mFrequencyRange=UNKNOWN,mTxTimeMs[]=[704735, 270560, 601241, 309326, 380138],mRxTimeMs=83485667}, {mRat=NGRAN,mFrequencyRange=HIGH,mTxTimeMs[]=[9246, 5657, 23309, 14291, 77204],mRxTimeMs=3379700}, {mRat=NGRAN,mFrequencyRange=MMWAVE,mTxTimeMs[]=[0, 0, 0, 0, 0],mRxTimeMs=0}, {mRat=UNKNOWN,mFrequencyRange=UNKNOWN,mTxTimeMs[]=[0, 0, 0, 0, 0],mRxTimeMs=0}]}
02-04 09:07:06.939  1735  1771 I pixel-thermal: soc_therm:49.137 raw data: soc_therm:49137 
02-04 09:07:06.940  1735  1771 I pixel-thermal: disp_therm:30.615 raw data: disp_therm:30615 
02-04 09:07:07.173  1294  1294 D AOC     : A3:MSG: tmd3733_device.cc, 4363: USF: TMD3733: R/C:0.23 1CD->0C d_lux:-1.0 c_lux:19.2/-1.0 c_coeff:0.50/-1.00
02-04 09:07:07.173  1294  1294 D AOC     : A3:MSG: tmd3733_device.cc, 4366: USF: TMD3733:  w:0.00 C:8.24 d_leak:0.1 c_leak:0.0 lux:19.2 leak:0.0
02-04 09:07:08.195  1735  1771 I pixel-thermal: rfpa_therm:39.007 raw data: rfpa_therm:39007 
02-04 09:07:08.228  1735  1771 I pixel-thermal: VIRTUAL-SKIN-MODEL: model_input: [39007.00 38428.00 42235.00 30637.00 30659.00 30615.00 39585.00 49137.00 ]
02-04 09:07:08.229  1735  1771 I native  : I0000 00:00:1770196028.228912    1771 thermal_tflite_wrapper.cc:261] ThermalTfliteInvoke
02-04 09:07:08.229  1735  1771 I pixel-thermal: VIRTUAL-SKIN-MODEL: model_output: [37197.3 ]
02-04 09:07:08.229  1735  1771 I pixel-thermal: VIRTUAL-SKIN-MODEL: predicted_value: [37197.3 ]
02-04 09:07:08.229  1735  1771 I pixel-thermal: VIRTUAL-SKIN-CPU-MID:37.1371 raw data: VIRTUAL-SKIN:37137.1 VIRTUAL-SKIN-CPU-MID:37137.1 VIRTUAL-SKIN-LEGACY:37296 VIRTUAL-SKIN-LEGACY-MODEL-DIFF:98.7383 VIRTUAL-SKIN-LEGACY-SHUTDOWN:0 VIRTUAL-SKIN-MODEL:37197.3 VIRTUAL-SKIN-MODEL-CLAMPED:37197.3 VIRTUAL-SKIN-MODEL-LEGACY-DIFF:-98.7383 VIRTUAL-SKIN-MODEL-UPDATED:37137.1 VIRTUAL-SKIN-MODEL-UPPER-CLAMPED:37197.3 VIRTUAL-SKIN-SUB-0:37296 VIRTUAL-SKIN-SUB-1:34343.4 VIRTUAL-SKIN-SUB-2:37284.1 VIRTUAL-SKIN-SUB-3:36527.4 VIRTUAL-SKIN-SUB-4:34360.2 VT_LEGACY_WEIGHT:0 VT_MODEL_WEIGHT:1 battery:35600 btmspkr_therm:30659 charging_therm:42235 disp_therm:30615 north_therm:39585 quiet_therm:38428 rfpa_therm:39007 soc_therm:49137 usb_pwr_therm:30637 
02-04 09:07:08.229  1735  1771 I pixel-thermal: VIRTUAL-SKIN-SOC:37.1371 raw data: VIRTUAL-SKIN:37137.1 VIRTUAL-SKIN-SOC:37137.1 
02-04 09:07:08.229  1735  1771 I pixel-thermal: VIRTUAL-SKIN-SOC power_budget=3355.39 err=7.86285 s_power=800 time_elapsed_ms=7007 p=2358.85 i=196.534 d=-0 dt_per_min=nan compensation=0 budget transient=0 control target=3 excluded power budget=0
02-04 09:07:08.229  1735  1771 I pixel-thermal: VIRTUAL-SKIN-SOC binded power rails: (S4M_VDD_CPUCL0: 456.58 mW)(S3M_VDD_CPUCL2: 18.22 mW)(S2S_VDD_G3D: 0.72 mW)(S7M_VDD_TPU: 0.00 mW)(S2M_VDD_CPUCL1: 2124.85 mW)
02-04 09:07:08.229  1735  1771 I pixel-thermal: VIRTUAL-SKIN-DISPLAY:37.1371 raw data: VIRTUAL-SKIN:37137.1 VIRTUAL-SKIN-DISPLAY:37137.1 
02-04 09:07:08.229  1735  1771 I pixel-thermal: CPU_THROTTLE_SEVERE:0 raw data: CPU_THROTTLE_SEVERE:0 
02-04 09:07:08.229  1735  1771 I pixel-thermal: VIRTUAL-SKIN:37.1371 raw data: VIRTUAL-SKIN:37137.1 
02-04 09:07:08.229  1735  1771 I pixel-thermal: VIRTUAL-SKIN-HINT:37.1371 raw data: VIRTUAL-SKIN:37137.1 VIRTUAL-SKIN-HINT:37137.1 
02-04 09:07:08.229  1735  1771 I pixel-thermal: VIRTUAL-SKIN-CPU-LIGHT-ODPM:37.1371 raw data: VIRTUAL-SKIN:37137.1 VIRTUAL-SKIN-CPU-LIGHT-ODPM:37137.1 
02-04 09:07:08.230  1735  1771 I pixel-thermal: VIRTUAL-SKIN-CPU-LIGHT-ODPM power_budget=2663.29 err=1.86285 s_power=800 time_elapsed_ms=7007 p=745.14 i=1118.15 d=-0 dt_per_min=nan compensation=0 budget transient=0 control target=2 excluded power budget=0
02-04 09:07:08.230  1735  1771 I pixel-thermal: VIRTUAL-SKIN-CPU-LIGHT-ODPM binded power rails: (S4M_VDD_CPUCL0: 456.58 mW)(S3M_VDD_CPUCL2: 18.22 mW)(S2M_VDD_CPUCL1: 2124.85 mW)
02-04 09:07:08.230  1735  1771 I pixel-thermal: VIRTUAL-SKIN-CPU-ODPM:37.1371 raw data: VIRTUAL-SKIN:37137.1 VIRTUAL-SKIN-CPU-ODPM:37137.1 
02-04 09:07:08.230  1735  1771 I pixel-thermal: VIRTUAL-SKIN-ODPM-MODEL: model_input: [39007.00 38428.00 42235.00 30637.00 30659.00 30615.00 39585.00 49137.00 35600.00 2946.32 5.12 208.90 65.88 5.21 45.98 ]
02-04 09:07:08.230  1735  1771 I native  : I0000 00:00:1770196028.230189    1771 thermal_tflite_wrapper.cc:261] ThermalTfliteInvoke
02-04 09:07:08.230  1735  1771 I pixel-thermal: VIRTUAL-SKIN-ODPM-MODEL: model_output: [36665.5 ]
02-04 09:07:08.230  1735  1771 I pixel-thermal: VIRTUAL-SKIN-ODPM-MODEL: predicted_value: [36665.5 ]
02-04 09:07:08.230  1735  1771 I pixel-thermal: VIRTUAL-SKIN-SPEAKER-MODEL: model_input: [35600.00 30659.00 42235.00 30615.00 39585.00 38428.00 39007.00 49137.00 30637.00 ]
02-04 09:07:08.230  1735  1771 I native  : I0000 00:00:1770196028.230548    1771 thermal_tflite_wrapper.cc:261] ThermalTfliteInvoke
02-04 09:07:08.230  1735  1771 I pixel-thermal: VIRTUAL-SKIN-SPEAKER-MODEL: model_output: [34091.4 ]
02-04 09:07:08.230  1735  1771 I pixel-thermal: VIRTUAL-SKIN-SPEAKER-MODEL: predicted_value: [34091.4 ]
02-04 09:07:08.230  1735  1771 I pixel-thermal: STATS-UPDATOR:0 raw data: EXTREME-SOC-CONDITION-CHECK:1 MAIN_SOC_POWER:3204.24 MODEL_CAMERA_PWR:5.12424 MODEL_DISPLAY_PWR:208.903 MODEL_MISC_PWR:2946.32 MODEL_MODEM_PWR:65.8829 MODEL_RFFE_PWR:5.2087 MODEL_WLAN_BT_PWR:45.9825 NORTH_THERM-UNDER-THRESHOLD:1 NORTH_THERM-VSKIN-DIFF-DURING-NORTH_THERM-OVER-THRESHOLD:-997552 NORTH_THERM-VSKIN-DIFF-DURING-VSKIN-OVER-52:-997552 QUIET_THERM-UNDER-THRESHOLD:1 QUIET_THERM-VSKIN-DIFF-DURING-QUIET_THERM-OVER-THRESHOLD:-998709 QUIET_THERM-VSKIN-DIFF-DURING-VSKIN-OVER-52:-998709 RFPA_THERM-UNDER-THRESHOLD:1 RFPA_THERM-VSKIN-DIFF-DURING-RFPA_THERM-OVER-THRESHOLD:-998130 RFPA_THERM-VSKIN-DIFF-DURING-VSKIN-OVER-52:-998130 SOC_THERM-UNDER-THRESHOLD:1 SOC_THERM-VSKIN-DIFF-DURING-SOC_THERM-OVER-THRESHOLD:-988000 SOC_THERM-VSKIN-DIFF-DURING-VSKIN-OVER-52:-988000 STATS-UPDATOR:0 TPU_35S:0 VIRTUAL-SKIN:37137.1 VIRTUAL-SKIN-LEGACY:37296 VIRTUAL-SKIN-MODEL:37197.3 VIRTUAL-SKIN-MODEL-LEGACY-DIFF:-98.7383 VIRTUAL-SKIN-ODPM-MODEL:36665.5 VIRTUAL-SKIN-SPEAKER-MODEL:34091.4 VSKIN-SKIN-UNDER-52:1 battery:35600 btmspkr_therm:30659 charging_therm:42235 disp_therm:30615 north_therm:39585 quiet_therm:38428 rfpa_therm:39007 soc_therm:49137 usb_pwr_therm:30637 
02-04 09:07:08.230  1735  1771 I pixel-thermal: VIRTUAL-SKIN-CPU-HIGH:37.1371 raw data: VIRTUAL-SKIN:37137.1 VIRTUAL-SKIN-CPU-HIGH:37137.1 
02-04 09:07:08.230  1735  1771 I pixel-thermal: quiet_therm:38.428 raw data: quiet_therm:38428 
02-04 09:07:08.230  1735  1771 I pixel-thermal: cellular-emergency:37.1371 raw data: VIRTUAL-SKIN:37137.1 cellular-emergency:37137.1 
02-04 09:07:08.276  9245 29445 I NearbyConnections: Invalidate cached hpkeKey for client 64074894
02-04 09:07:08.340  1294  1294 D AOC     : A3:MSG: tmd3733_device.cc, 4363: USF: TMD3733: R/C:0.32 0C->1CD d_lux:20.9 c_lux:18.0/-1.0 c_coeff:0.50/-1.00
02-04 09:07:08.341  1294  1294 D AOC     : A3:MSG: tmd3733_device.cc, 4366: USF: TMD3733:  w:0.85 C:7.74 d_leak:0.1 c_leak:0.0 lux:18.4 leak:0.0
02-04 09:07:08.941  1127  1250 I WifiHAL : Creating message to get link statistics; iface = 47
02-04 09:07:08.983  1127  5368 I WifiHAL : Getting cached scan results, iface handle = 0xb400007034adc650
02-04 09:07:08.983  1127  5368 E WifiHAL : Creating message to get cached scan results
02-04 09:07:08.988  1127  5368 I WifiHAL : In GetCachedScanResultsCommand::handleResponse
02-04 09:07:09.016  1688  3741 D ConnectivityService: NetReassign [no changes] [c 1] [a 1] [i 2]
02-04 09:07:09.342  1294  1294 D AOC     : A3:MSG: tmd3733_device.cc, 4363: USF: TMD3733: R/C:0.26 1CD->0C d_lux:-1.0 c_lux:17.4/-1.0 c_coeff:0.50/-1.00
02-04 09:07:09.342  1294  1294 D AOC     : A3:MSG: tmd3733_device.cc, 4366: USF: TMD3733:  w:0.00 C:7.50 d_leak:0.1 c_leak:0.0 lux:17.4 leak:0.0
02-04 09:07:09.632 12764 12824 W JobInfo : Requested important-while-foreground flag for job-2147483225 is ignored and takes no effect
02-04 09:07:09.646 12764 12824 W JobInfo : Requested important-while-foreground flag for job-2147483224 is ignored and takes no effect
02-04 09:07:09.655  1688  5284 D ConnectivityService: requestNetwork for uid/pid:10297/12764 activeRequest: null callbackRequest: 56399 [NetworkRequest [ REQUEST id=56400, [ Capabilities: INTERNET&NOT_RESTRICTED&TRUSTED&NOT_VCN_MANAGED&NOT_BANDWIDTH_CONSTRAINED Uid: 10297 RequestorUid: 10297 RequestorPkg: com.linkedin.android UnderlyingNetworks: Null] ]] callback flags: 0 order: 2147483647 isUidTracked: false declaredMethods: AVAIL|LOST|NC
02-04 09:07:09.656 12764 12818 I WM-WorkerWrapper: Worker result SUCCESS for Work [ id=0904cb14-bcd4-41f7-9cec-6aa47f203fa5, tags={ com.linkedin.tracking.grpc.transport.restproxy.worker.RestProxyWorker, grest_dispatch_one_batch } ]
02-04 09:07:09.657 12764 12818 I WM-WorkerWrapper: Worker result SUCCESS for Work [ id=45204653-ef5e-4aac-ab29-f589ba0a9fd4, tags={ com.linkedin.tracking.grpc.transport.restproxy.worker.RestProxyWorker, grest_dispatch_one_batch } ]
02-04 09:07:09.659  1688  3734 D OemPaidWifiNetworkFactory: got request NetworkRequest [ REQUEST id=56400, [ Capabilities: INTERNET&NOT_RESTRICTED&TRUSTED&NOT_VCN_MANAGED&NOT_BANDWIDTH_CONSTRAINED Uid: 10297 RequestorUid: 10297 RequestorPkg: com.linkedin.android UnderlyingNetworks: Null] ]
02-04 09:07:09.659  1688  3734 D MultiInternetWifiNetworkFactory: got request NetworkRequest [ REQUEST id=56400, [ Capabilities: INTERNET&NOT_RESTRICTED&TRUSTED&NOT_VCN_MANAGED&NOT_BANDWIDTH_CONSTRAINED Uid: 10297 RequestorUid: 10297 RequestorPkg: com.linkedin.android UnderlyingNetworks: Null] ]
02-04 09:07:09.659  1688  3734 D WifiNetworkFactory: got request NetworkRequest [ REQUEST id=56400, [ Capabilities: INTERNET&NOT_RESTRICTED&TRUSTED&NOT_VCN_MANAGED&NOT_BANDWIDTH_CONSTRAINED Uid: 10297 RequestorUid: 10297 RequestorPkg: com.linkedin.android UnderlyingNetworks: Null] ]
02-04 09:07:09.659  1688  3734 D UntrustedWifiNetworkFactory: got request NetworkRequest [ REQUEST id=56400, [ Capabilities: INTERNET&NOT_RESTRICTED&TRUSTED&NOT_VCN_MANAGED&NOT_BANDWIDTH_CONSTRAINED Uid: 10297 RequestorUid: 10297 RequestorPkg: com.linkedin.android UnderlyingNetworks: Null] ]
02-04 09:07:09.660  1688  3741 D ConnectivityService: NetReassign [56400 : null  121] [c 0] [a 2] [i 2]
02-04 09:07:09.686  9245 29445 I NearbyMediums: No BLE Fast/GATT advertisements found in the latest cycle.
02-04 09:07:09.687  9245 29445 I NearbyMediums: Current Tracked Scanning Clients are : {NearbyConnections.EnvironmentMonitor, NearbySharing, NearbyConnections.TxAdvertisement}
02-04 09:07:10.477  1294  1294 D AOC     : A3:MSG: tmd3733_device.cc, 4363: USF: TMD3733: R/C:0.34 0C->1CD d_lux:24.5 c_lux:19.2/-1.0 c_coeff:0.50/-1.00
02-04 09:07:10.477  1294  1294 D AOC     : A3:MSG: tmd3733_device.cc, 4366: USF: TMD3733:  w:0.77 C:8.24 d_leak:0.1 c_leak:0.0 lux:20.4 leak:0.0
02-04 09:07:10.648  1735  1771 I pixel-thermal: charging_therm:42.189 raw data: charging_therm:42189 
02-04 09:07:10.649  1735  1771 I pixel-thermal: north_therm:39.608 raw data: north_therm:39608 
02-04 09:07:10.650  1735  1771 I pixel-thermal: VIRTUAL-SKIN-CHARGE:36.1277 raw data: VIRTUAL-SKIN-CHARGE:36127.7 VIRTUAL-SKIN-CHARGE-SUB-0:34778 VIRTUAL-SKIN-CHARGE-SUB-1:36127.7 btmspkr_therm:30681 charging_therm:42189 disp_therm:30570 north_therm:39608 quiet_therm:38428 rfpa_therm:39029 soc_therm:48803 usb_pwr_therm:30659 
02-04 09:07:10.650  1735  1771 I pixel-thermal: VIRTUAL-SKIN-CHARGE power_budget=3624.27 err=1.87226 s_power=2527 time_elapsed_ms=7007 p=222.8 i=1302 d=0 dt_per_min=nan compensation=0 budget transient=0 control target=2 excluded power budget=427.527 (PARTIAL_SYSTEM_POWER: 3562.73 mW, cdev_weight: 0.120000)
02-04 09:07:10.650  1735  1771 I pixel-thermal: VIRTUAL-SKIN-CHARGE-WLC:37.1131 raw data: VIRTUAL-SKIN-CHARGE-WLC:37113.1 charging_therm:42189 soc_therm:48803 usb_pwr_therm:30659 
02-04 09:07:10.650  1735  1771 I pixel-thermal: VIRTUAL-SKIN-CHARGE-WLC power_budget=2845.74 err=3.88689 s_power=1383 time_elapsed_ms=7007 p=827.908 i=1383 d=0 dt_per_min=nan compensation=0 budget transient=0 control target=2 excluded power budget=748.172 (PARTIAL_SYSTEM_POWER: 3562.73 mW, cdev_weight: 0.210000)
02-04 09:07:10.651  1735  1771 I pixel-thermal: Successfully update cdev dc_icl sysfs to 7
02-04 09:07:10.669  3842  3842 D DLObserver: onReceive(); android.intent.action.BATTERY_CHANGED
02-04 09:07:10.669  3842  3842 D DLObserver: plugged=2
02-04 09:07:10.670  3842  3842 D SystemEventDataSource: onReceive: intentAction
02-04 09:07:10.671  3842  3842 D PowerNotificationWarningsGoogleImpl: onReceive: android.intent.action.BATTERY_CHANGED
02-04 09:07:10.671  3842  3842 D PulsarController: dispatchIntent: android.intent.action.BATTERY_CHANGED
02-04 09:07:10.671  3842  8703 D PowerUI : can't show warning due to - plugged: true status unknown: false
02-04 09:07:10.673  3842  3842 D IncompatibleChargerNotification: dispatchIntent: android.intent.action.BATTERY_CHANGED
02-04 09:07:10.673  3842  3842 D ChargeLimitDiscoveryNotification: isPluggedIn = true
02-04 09:07:10.675  3842  3900 D GoogleBatteryDataSource: fetchDwellDefendStatus: CONNECTED
02-04 09:07:10.676  3842  3900 D GoogleBatteryDataSource: fetchTempDefendStatus: t_sum=0, time_sum=0 t_avg=0 lst_v=0 lst_t=0 lst_u=0, dt=911029, t=0 e=0
02-04 09:07:10.676  3842  3900 D SystemEventDataSource: updatedEventData: SystemEventData(intentAction=android.intent.action.BATTERY_CHANGED, plugged=EventData(value=2), batteryScale=EventData(value=100), batteryLevel=EventData(value=80), chargingStatus=EventData(value=4), maxChargingCurrent=EventData(value=3000000), maxChargingVoltage=EventData(value=5000000), batteryStatus=EventData(value=2), halEventData=HalEventData(dockDefendStatus=EventData(value=-3), tempDefendEventData=EventData(value=false), dwellDefendEventData=EventData(value=false)), settingsEventData=SettingsEventData(dockDefenderBypass=EventData(value=0), chargingLimitSettings=EventData(value=1), dndState=EventData(value=false), airplaneState=EventData(value=false)), frameworkApiEventData=FrameworkApiEventData(batterySaverState=EventData(value=false), extremeBatterySaverState=EventData(value=false)))
02-04 09:07:10.676  3842  3900 D DwellDefendBatteryModule: validate: false -> false
02-04 09:07:10.676  3842  3900 D TempDefendBatteryModule: validate: false -> false
