02-04 08:40:27.535  1688  5523 D CompatChangeReporter: Compat change id reported: 323349338; UID 10294; state: ENABLED
02-04 08:40:27.546  1688  6175 I ActivityManager: Process com.google.android.apps.maps (pid 21993) has died: cch CEM 
02-04 08:40:27.586  1688  4210 D CompatChangeReporter: Compat change id reported: 311208629; UID 10294; state: ENABLED
02-04 08:40:27.587  1688  4210 W JobScheduler: Job didn't exist in JobStore: be27009 {androidx.work.systemjobscheduler} #u0a294/13641 #ExperimentsSyncWorker#@androidx.work.systemjobscheduler@com.reddit.frontpage/androidx.work.impl.background.systemjob.SystemJobService
02-04 08:40:27.620  1688  6071 I ActivityManager: Process com.google.android.apps.turbo:aab (pid 22127) has died: cch CEM 
02-04 08:40:27.644  1688  3790 D BackgroundInstallControlService: Package event received: 0
02-04 08:40:27.655  1688  7073 I ActivityManager: Process com.google.android.tts (pid 22255) has died: cch CEM 
02-04 08:40:27.675  1688  6071 I ActivityManager: Process com.android.vending:background (pid 31256) has died: cch CEM 
02-04 08:40:27.689  1688  6071 I ActivityManager: Process com.google.android.apps.walletnfcrel (pid 22334) has died: cch CEM 
02-04 08:40:27.783  1688  3790 D BackgroundInstallControlService: Package event received: 0
02-04 08:40:28.102  1688  4209 I Telecom : CallsManager: Sending phone-account ComponentInfo{com.google.android.apps.tachyon/com.google.android.apps.tachyon}, ***, UserHandle{0} unregistered intent as user: TSI.uPA(cgaat)@xao
02-04 08:40:28.109  1688  4209 I Telecom : CallsManager: Sending phone-account unregistered intent to default dialer: TSI.uPA(cgaat)@xao
02-04 08:40:28.112  1688  4209 W Telecom : TelecomServiceImpl$1: registerPhoneAccount - attempt to set a group from a non-system caller.: TSI.rPA(cgaat)@xas
02-04 08:40:28.113  1688  4209 I Telecom : TelecomServiceImpl$1: registerPhoneAccount: account=[[ ] PhoneAccount: ComponentInfo{com.google.android.apps.tachyon/com.google.android.apps.tachyon}, ***, UserHandle{0} Capabilities: SelfManaged SuppVideo Video TransactOps  Audio Routes: BESW Schemes: tel  Extras: Bundle[{isCoreTelecomAccount=true}] GroupId: *** SC Restrictions: [NONE]]: TSI.rPA(cgaat)@xas
02-04 08:40:28.113  1688  4209 W Telecom : PhoneAccountRegistrar: phoneAccount ComponentInfo{com.google.android.apps.tachyon/com.google.android.apps.tachyon} not found: TSI.rPA(cgaat)@xas
02-04 08:40:28.113  1688  4209 I Telecom : PhoneAccountRegistrar: New phone account registered: [[ ] PhoneAccount: ComponentInfo{com.google.android.apps.tachyon/com.google.android.apps.tachyon}, ***, UserHandle{0} Capabilities: SelfManaged SuppVideo Video TransactOps  Audio Routes: BESW Schemes: tel  Extras: Bundle[{isCoreTelecomAccount=true}] GroupId: *** SC Restrictions: [NONE]]: TSI.rPA(cgaat)@xas
02-04 08:40:28.121  1688  4209 I Telecom : AppLabelProxy: package com.google.android.apps.tachyon: name is Meet: TSI.rPA(cgaat)@xas
02-04 08:40:28.126  1688  4209 I Telecom : CallsManager: Sending phone-account ComponentInfo{com.google.android.apps.tachyon/com.google.android.apps.tachyon}, ***, UserHandle{0} registered intent as user: TSI.rPA(cgaat)@xas
02-04 08:40:28.129  1688  4209 I Telecom : CallsManager: Sending phone-account registered intent to default dialer: TSI.rPA(cgaat)@xas
02-04 08:40:28.264  1688  5294 W JobScheduler: Job didn't exist in JobStore: fe1587f {androidx.work.systemjobscheduler} #u0a159/36314 #TikTokWorker#com.google.apps.tiktok.sync.impl.workmanager.SyncPeriodicWorker#@androidx.work.systemjobscheduler@com.google.android.googlequicksearchbox/androidx.work.impl.background.systemjob.SystemJobService
02-04 08:40:28.304  1688  5294 W ActivityManager: Unbind failed: could not find connection for android.os.BinderProxy@17435e4
02-04 08:40:28.306  1688  7945 W ActivityManager: Unable to start service Intent { act=android.telephony.satellite.SatelliteService xflg=0x4 pkg=com.google.android.satellite } U=0: not found
02-04 08:40:28.366  1688  7945 D CompatChangeReporter: Compat change id reported: 297989574; UID 10294; state: ENABLED
02-04 08:40:28.410  1688  1773 I ActivityManager: Start proc 24735:com.google.android.googlequicksearchbox:googleapp/u0a159 for service {com.google.android.googlequicksearchbox/com.google.android.libraries.search.integrations.tiktok.RemoteWorkerService_googleapp}
02-04 08:40:38.208  1688  2076 D ActivityManager: freezing 24529 com.google.android.apps.tachyon
02-04 08:40:38.390  1688  2076 D ActivityManager: freezing 24530 com.google.android.googlequicksearchbox:search
02-04 08:40:38.767   634 24758 I keystore2: system/security/keystore2/watchdog/src/lib.rs:371 - Watchdog thread idle -> terminating. Have a great day.
02-04 08:40:40.280  1688  2076 D ActivityManager: freezing 24735 com.google.android.googlequicksearchbox:googleapp
02-04 08:41:03.217  1688  2076 D ActivityManager: freezing 24540 com.reddit.frontpage
02-04 08:41:03.219  1688  2076 D ActivityManager: freezing 8376 com.google.android.gms
02-04 08:41:03.223  1688  2076 D ActivityManager: freezing 13107 com.google.android.webview:sandboxed_process0:org.chromium.content.app.SandboxedProcessService0:0
02-04 08:41:15.223  1688  2067 D ActivityManager: sync unfroze 23758 com.whatsapp for 6
02-04 08:41:15.237  1688  2067 W JobServiceContext: Sending onNetworkChanged for a job that isn't started. JobStatus{ca8f2ba androidx.work.systemjobscheduler:u0a358/12412 #FetchDownloadableStickerPackWorker#@androidx.work.systemjobscheduler@com.whatsapp/androidx.work.impl.background.systemjob.SystemJobService u=0 s=10358 TIME=-20s902ms:none NET READY}
02-04 08:41:15.260  1688  5523 W ProcessStats: Tracking association SourceState{5706761 system/1000 ImpBg #787240} whose proc state 6 is better than process ProcessState{c5825d1 com.whatsapp/10358 pkg=com.whatsapp} proc state 14 (3 skipped)
02-04 08:41:15.467  1688  4209 W ActivityManager: Background start not allowed: service Intent { act=com.whatsapp.messageservice.messaging.MessageService.START xflg=0x4 cmp=com.whatsapp/.messageservice.messaging.MessageService } to com.whatsapp/.messageservice.messaging.MessageService from pid=23758 uid=10358 pkg=com.whatsapp startFg?=false
02-04 08:41:15.771  1688  6255 W JobScheduler: Job didn't exist in JobStore: ca8f2ba {androidx.work.systemjobscheduler} #u0a358/12412 #FetchDownloadableStickerPackWorker#@androidx.work.systemjobscheduler@com.whatsapp/androidx.work.impl.background.systemjob.SystemJobService
02-04 08:41:19.521  1688  4209 W ActivityManager: Unbind failed: could not find connection for android.os.BinderProxy@ac4f072
02-04 08:41:19.522  1688  4209 W ActivityManager: Unable to start service Intent { act=android.telephony.satellite.SatelliteService xflg=0x4 pkg=com.google.android.satellite } U=0: not found
02-04 08:41:21.324  1688  3790 D BackgroundInstallControlService: Package event received: 0
02-04 08:41:21.325  1688  3790 D BackgroundInstallControlService: Package event received: 0
02-04 08:41:54.526  1688  2067 D ActivityManager: sync unfroze 14102 com.google.android.apps.weather for 6
02-04 08:41:54.546  1688  6089 W ProcessStats: Tracking association SourceState{bdc799f system/1000 ImpBg #787303} whose proc state 6 is better than process ProcessState{194c918 com.google.android.apps.weather/10153 pkg=com.google.android.apps.weather} proc state 14 (3 skipped)
02-04 08:41:54.781  1688  3790 D BackgroundInstallControlService: Package event received: 0
02-04 08:41:55.150  1688  3790 D BackgroundInstallControlService: Package event received: 0
02-04 08:41:55.153  1688  4534 D ActivityManager: sync unfroze 8376 com.google.android.gms for 6
02-04 08:41:55.154  1688  4534 D ActivityManager: sync unfroze 13107 com.google.android.webview:sandboxed_process0:org.chromium.content.app.SandboxedProcessService0:0 for 6
02-04 08:41:56.065  1688  2076 D ActivityManager: freezing 23758 com.whatsapp
02-04 08:41:56.504  1688  3790 D BackgroundInstallControlService: Package event received: 0
02-04 08:41:56.788  1688  3790 D BackgroundInstallControlService: Package event received: 0
02-04 08:41:56.788  1688  3790 D BackgroundInstallControlService: Package event received: 0
02-04 08:42:07.000   634 25080 I keystore2: system/security/keystore2/watchdog/src/lib.rs:371 - Watchdog thread idle -> terminating. Have a great day.
02-04 08:42:13.104  1688  1773 I ActivityManager: Start proc 25103:org.wikipedia/u0a308 for broadcast {org.wikipedia/org.wikipedia.notifications.NotificationPollBroadcastReceiver}
02-04 08:42:13.429  1688  4208 W ActivityManager: Unbind failed: could not find connection for android.os.BinderProxy@74fe2b
02-04 08:42:13.430  1688  4208 W ActivityManager: Unable to start service Intent { act=android.telephony.satellite.SatelliteService xflg=0x4 pkg=com.google.android.satellite } U=0: not found
02-04 08:42:14.545  1688  1822 I AppsFilter: interaction: PackageSetting{3f14e97 app.jeeves.llmtest.test/10403} -> PackageSetting{c55c81b org.wikipedia/10308} BLOCKED
02-04 08:42:14.546  1688  1822 I AppsFilter: interaction: PackageSetting{aef4516 com.google.android.microdroid.empty_payload/10272} -> PackageSetting{c55c81b org.wikipedia/10308} BLOCKED
02-04 08:42:14.546  1688  1822 I AppsFilter: interaction: PackageSetting{9816bd2 app.jeeves.llmtest/10402} -> PackageSetting{c55c81b org.wikipedia/10308} BLOCKED
02-04 08:42:14.556  1688  3773 D AppWidgetServiceImpl: Trying to notify widget providers changed
02-04 08:42:14.562  1688  3789 D ShortcutService: received package broadcast intent: Intent { act=android.intent.action.PACKAGE_CHANGED dat=package: flg=0x45000010 (has extras) }
02-04 08:42:14.563  1688  3789 D ShortcutService: changing package: org.wikipedia userId=0
02-04 08:42:14.914  1688  2101 V AccessibilityUserState: updateShortcutTargets: type:accessibility_shortcut_target_service, current:{}, new:{}
02-04 08:42:14.914  1688  2101 V AccessibilityUserState: updateShortcutTargets: type:accessibility_qs_targets, current:{}, new:{}
02-04 08:42:14.914  1688  2101 V AccessibilityUserState: updateShortcutTargets: type:accessibility_button_targets, current:{}, new:{}
02-04 08:42:14.914  1688  2101 V AccessibilityUserState: updateShortcutTargets: type:accessibility_gesture_targets, current:{}, new:{}
02-04 08:42:14.914  1688  2101 V AccessibilityUserState: updateShortcutTargets: type:accessibility_key_gesture_targets, current:{}, new:{}
02-04 08:42:14.916  1688  2101 V AccessibilityManagerService: onUserStateChangedLocked for userId: 0, forceUpdate: false
02-04 08:42:14.922  1688  2101 V AccessibilityUserState: updateShortcutTargets: type:accessibility_shortcut_target_service, current:{}, new:{}
02-04 08:42:14.922  1688  2101 V AccessibilityUserState: updateShortcutTargets: type:accessibility_button_targets, current:{}, new:{}
02-04 08:42:14.922  1688  2101 V AccessibilityUserState: updateShortcutTargets: type:accessibility_gesture_targets, current:{}, new:{}
02-04 08:42:14.922  1688  2101 V AccessibilityUserState: updateShortcutTargets: type:accessibility_qs_targets, current:{}, new:{}
02-04 08:42:14.922  1688  2101 V AccessibilityUserState: updateShortcutTargets: type:accessibility_key_gesture_targets, current:{}, new:{}
02-04 08:42:14.922  1688  2101 W MagnificationConnectionManager: requestConnection duplicated request: connect=false, mConnectionState=DISCONNECTED
02-04 08:42:16.617  1688  1822 I AppsFilter: interaction: PackageSetting{3f14e97 app.jeeves.llmtest.test/10403} -> PackageSetting{f926efb org.wikipedia/10308} BLOCKED
02-04 08:42:16.617  1688  1822 I AppsFilter: interaction: PackageSetting{aef4516 com.google.android.microdroid.empty_payload/10272} -> PackageSetting{f926efb org.wikipedia/10308} BLOCKED
02-04 08:42:16.617  1688  1822 I AppsFilter: interaction: PackageSetting{9816bd2 app.jeeves.llmtest/10402} -> PackageSetting{f926efb org.wikipedia/10308} BLOCKED
02-04 08:42:16.630  1688  3773 D AppWidgetServiceImpl: Trying to notify widget providers changed
02-04 08:42:16.630  1688  3789 D ShortcutService: received package broadcast intent: Intent { act=android.intent.action.PACKAGE_CHANGED dat=package: flg=0x45000010 (has extras) }
02-04 08:42:16.630  1688  3789 D ShortcutService: changing package: org.wikipedia userId=0
02-04 08:42:16.663  1688  2101 V AccessibilityUserState: updateShortcutTargets: type:accessibility_shortcut_target_service, current:{}, new:{}
02-04 08:42:16.663  1688  2101 V AccessibilityUserState: updateShortcutTargets: type:accessibility_qs_targets, current:{}, new:{}
02-04 08:42:16.663  1688  2101 V AccessibilityUserState: updateShortcutTargets: type:accessibility_button_targets, current:{}, new:{}
02-04 08:42:16.663  1688  2101 V AccessibilityUserState: updateShortcutTargets: type:accessibility_gesture_targets, current:{}, new:{}
02-04 08:42:16.663  1688  2101 V AccessibilityUserState: updateShortcutTargets: type:accessibility_key_gesture_targets, current:{}, new:{}
02-04 08:42:16.663  1688  2101 V AccessibilityManagerService: onUserStateChangedLocked for userId: 0, forceUpdate: false
02-04 08:42:16.665  1688  2101 V AccessibilityUserState: updateShortcutTargets: type:accessibility_shortcut_target_service, current:{}, new:{}
02-04 08:42:16.665  1688  2101 V AccessibilityUserState: updateShortcutTargets: type:accessibility_button_targets, current:{}, new:{}
02-04 08:42:16.665  1688  2101 V AccessibilityUserState: updateShortcutTargets: type:accessibility_gesture_targets, current:{}, new:{}
02-04 08:42:16.665  1688  2101 V AccessibilityUserState: updateShortcutTargets: type:accessibility_qs_targets, current:{}, new:{}
02-04 08:42:16.665  1688  2101 V AccessibilityUserState: updateShortcutTargets: type:accessibility_key_gesture_targets, current:{}, new:{}
02-04 08:42:16.666  1688  2101 W MagnificationConnectionManager: requestConnection duplicated request: connect=false, mConnectionState=DISCONNECTED
02-04 08:42:21.856  1688  2076 D ActivityManager: freezing 8376 com.google.android.gms
02-04 08:42:21.862  1688  2076 D ActivityManager: freezing 13107 com.google.android.webview:sandboxed_process0:org.chromium.content.app.SandboxedProcessService0:0
02-04 08:42:23.566  1688  2076 D ActivityManager: freezing 25103 org.wikipedia
02-04 08:42:31.363  1688  3790 D BackgroundInstallControlService: Package event received: 0
02-04 08:42:31.364  1688  3790 D BackgroundInstallControlService: Package event received: 0
02-04 08:42:38.453  3842  6545 D PowerUI : can't show warning due to - plugged: true status unknown: false
02-04 08:42:51.541  1688  8292 W ActivityManager: Unbind failed: could not find connection for android.os.BinderProxy@b42f9cd
02-04 08:42:51.544  1688  4208 W ActivityManager: Unable to start service Intent { act=android.telephony.satellite.SatelliteService xflg=0x4 pkg=com.google.android.satellite } U=0: not found
02-04 08:42:52.397  1688  2076 D ActivityManager: freezing 14102 com.google.android.apps.weather
02-04 08:42:52.475  3842  7136 D PowerUI : can't show warning due to - plugged: true status unknown: false
02-04 08:43:06.492  3842  4422 D PowerUI : can't show warning due to - plugged: true status unknown: false
02-04 08:43:08.273  3842  6544 D PowerUI : can't show warning due to - plugged: true status unknown: false
02-04 08:43:20.509  3842  6168 D PowerUI : can't show warning due to - plugged: true status unknown: false
02-04 08:43:28.809  1688  4534 D ActivityManager: sync unfroze 23623 com.google.android.apps.messaging for 7
02-04 08:43:28.813  1688  3790 D BackgroundInstallControlService: Package event received: 0
02-04 08:43:33.794  1688  8292 W ActivityManager: Unbind failed: could not find connection for android.os.BinderProxy@66946d1
02-04 08:43:33.796  1688  8292 W ActivityManager: Unable to start service Intent { act=android.telephony.satellite.SatelliteService xflg=0x4 pkg=com.google.android.satellite } U=0: not found
02-04 08:43:51.456  1688  3790 D BackgroundInstallControlService: Package event received: 0
02-04 08:43:51.456  1688  3790 D BackgroundInstallControlService: Package event received: 0
02-04 08:43:51.456  1688  3790 D BackgroundInstallControlService: Package event received: 0
02-04 08:43:51.457  1688  3790 D BackgroundInstallControlService: Package event received: 0
02-04 08:43:51.457  1688  3790 D BackgroundInstallControlService: Package event received: 0
02-04 08:43:51.472  1688  3790 D BackgroundInstallControlService: Package event received: 0
02-04 08:43:51.475  1688  2117 D ActivityManager: sync unfroze 23758 com.whatsapp for 6
02-04 08:43:51.554  1688  8292 W ProcessStats: Tracking association SourceState{5f10200 system/1000 ImpBg #787495} whose proc state 6 is better than process ProcessState{c5825d1 com.whatsapp/10358 pkg=com.whatsapp} proc state 14 (10 skipped)
02-04 08:43:51.593  1688  5284 D ActivityManager: sync unfroze 23838 android.process.acore for 7
02-04 08:43:51.614 23838 23852 W Looper  : Slow delivery took 387202ms android.bg app=android.process.acore main=false group=BACKGROUND h=android.database.sqlite.SQLiteConnectionPool$IdleConnectionHandler c=null m=0
02-04 08:43:51.659  1688  5284 I Telecom : PhoneAccountRegistrar: getSimCallManager: SimCallManager for subId 1 queried, returning: null: TSI.gPA(capc)@xdU
02-04 08:43:51.663  1688  8292 I Telecom : PhoneAccountRegistrar: getSimCallManager: SimCallManager for subId 1 queried, returning: null: TSI.gPA(capc)@xdQ
02-04 08:43:51.753  1688  8292 W ActivityManager: Background start not allowed: service Intent { act=com.whatsapp.messageservice.messaging.MessageService.START xflg=0x4 cmp=com.whatsapp/.messageservice.messaging.MessageService } to com.whatsapp/.messageservice.messaging.MessageService from pid=23758 uid=10358 pkg=com.whatsapp startFg?=false
02-04 08:43:52.683  1688  3790 D BackgroundInstallControlService: Package event received: 0
02-04 08:43:52.690  1688  4208 D ActivityManager: sync unfroze 24529 com.google.android.apps.tachyon for 6
02-04 08:43:52.698  1688  4208 D ActivityManager: sync unfroze 8376 com.google.android.gms for 6
02-04 08:43:52.701  1688  4208 D ActivityManager: sync unfroze 13107 com.google.android.webview:sandboxed_process0:org.chromium.content.app.SandboxedProcessService0:0 for 6
02-04 08:43:53.368  1688  1782 E BatteryStatsHistory: Long battery history tag: WorkManager:TikTokListenableWorker startWork -> com.google.android.apps.messaging.shared.contacts.sync.ContactsSyncPeriodicWorker startWork() -> com.google.android.apps.messaging.shared.contacts.sync.ContactsSyncPeriodicWorker startWork() -> NoAccountWorkerFactory startWork() -> ContactsImport#schedule -> AsyncTransactionManagerImpl#executeInTransaction -> ContactsImporter#schedule -> WorkQueueBatchingImpl#queueWorkItem -> WorkQueueBatchingImpl#queueWorkItems -> WorkQueueBatchingImpl#schedulingDeferred -> WorkQueueWorkerImpl.startWork -> ScheduleDeleteAndImportContactsHandler -> AsyncTransactionManagerImpl#executeInTransaction -> ScheduleDeleteAndImportContactsHandler#scheduleSync -> WorkQueueBatchingImpl#queueWorkItem -> WorkQueueBatchingImpl#queueWorkItems -> WorkQueueBatchingImpl#schedulingDeferred -> WorkQueueWorkerImpl.startWork -> WorkQueueWorkerImpl#handleResultInner -> WorkQueueBatchingImpl#queueWorkItem -> WorkQueueBatchingImpl#queueWorkItems -> WorkQueueBatchingImpl#schedulingDeferred -> WorkQueueWorkerImpl.startWork -> ScheduleContactsImportHandler -> AsyncTransactionManagerImpl#executeInTransaction -> ScheduleContactsImportHandler#scheduleImport -> WorkQueueBatchingImpl#queueWorkItem -> WorkQueueBatchingImpl#queueWorkItems -> WorkQueueBatchingImpl#schedulingDeferred
02-04 08:44:02.249  1688  2076 D ActivityManager: freezing 23758 com.whatsapp
02-04 08:44:04.914  1688  2076 D ActivityManager: freezing 23623 com.google.android.apps.messaging
02-04 08:44:04.918  1688  2076 D ActivityManager: freezing 23838 android.process.acore
02-04 08:44:09.580  3842 11340 D PowerUI : can't show warning due to - plugged: true status unknown: false
02-04 08:44:13.116  1688  2076 D ActivityManager: freezing 24529 com.google.android.apps.tachyon
02-04 08:44:13.120  1688  2076 D ActivityManager: freezing 8376 com.google.android.gms
02-04 08:44:13.124  1688  2076 D ActivityManager: freezing 13107 com.google.android.webview:sandboxed_process0:org.chromium.content.app.SandboxedProcessService0:0
02-04 08:44:23.587  3842  6542 D PowerUI : can't show warning due to - plugged: true status unknown: false
02-04 08:44:26.250  3842  8703 D PowerUI : can't show warning due to - plugged: true status unknown: false
02-04 08:44:30.228  1688  1793 D AppOpHistoryHelper: MetricHandler reporting 2 records.
02-04 08:44:30.600  3842  6545 D PowerUI : can't show warning due to - plugged: true status unknown: false
02-04 08:44:35.763  1688  6089 W ActivityManager: Unbind failed: could not find connection for android.os.BinderProxy@dee5272
02-04 08:44:35.765  1688  6089 W ActivityManager: Unable to start service Intent { act=android.telephony.satellite.SatelliteService xflg=0x4 pkg=com.google.android.satellite } U=0: not found
02-04 08:44:37.603  3842  7136 D PowerUI : can't show warning due to - plugged: true status unknown: false
02-04 08:44:43.943  1688  2067 D ActivityManager: sync unfroze 24530 com.google.android.googlequicksearchbox:search for 6
02-04 08:44:43.958  1688  2067 D ActivityManager: sync unfroze 8376 com.google.android.gms for 6
02-04 08:44:43.965  1688  2067 D ActivityManager: sync unfroze 13107 com.google.android.webview:sandboxed_process0:org.chromium.content.app.SandboxedProcessService0:0 for 6
02-04 08:44:43.971  1688  1773 I ActivityManager: Start proc 25550:com.google.android.apps.youtube.music/u0a211 for service {com.google.android.apps.youtube.music/androidx.work.impl.background.systemjob.SystemJobService}
02-04 08:44:44.024  1688  6089 W ProcessStats: Tracking association SourceState{94571b1 com.google.android.gms/10169 ImpBg #787593} whose proc state 6 is better than process ProcessState{35620b com.google.android.webview:sandboxed_process0:org.chromium.content.app.SandboxedProcessService0:0/10169 pkg=com.google.android.gms} proc state 14 (22 skipped)
02-04 08:44:44.380  1688  3790 D BackgroundInstallControlService: Package event received: 0
02-04 08:44:44.488  1688  3790 D BackgroundInstallControlService: Package event received: 0
02-04 08:44:44.600  1688  2067 W JobServiceContext: Sending onNetworkChanged for a job that isn't started. JobStatus{9dacd34 androidx.work.systemjobscheduler:u0a211/5501 #des_dispatch_all_task#@androidx.work.systemjobscheduler@com.google.android.apps.youtube.music/androidx.work.impl.background.systemjob.SystemJobService u=0 s=10211 TIME=-5s91ms:none NET READY}
02-04 08:44:44.659  1688  3790 D BackgroundInstallControlService: Package event received: 0
02-04 08:44:44.703  1688  6089 W JobScheduler: Job didn't exist in JobStore: 9dacd34 {androidx.work.systemjobscheduler} #u0a211/5501 #des_dispatch_all_task#@androidx.work.systemjobscheduler@com.google.android.apps.youtube.music/androidx.work.impl.background.systemjob.SystemJobService
02-04 08:44:44.729  1688  3790 D BackgroundInstallControlService: Package event received: 0
02-04 08:44:44.735  1688  6089 W JobScheduler: Job didn't exist in JobStore: 10e4de4 {androidx.work.systemjobscheduler} #u0a211/5501 #des_dispatch_all_task#@androidx.work.systemjobscheduler@com.google.android.apps.youtube.music/androidx.work.impl.background.systemjob.SystemJobService
02-04 08:44:45.440  1688  3790 D BackgroundInstallControlService: Package event received: 0
02-04 08:44:46.024  1688  3790 D BackgroundInstallControlService: Package event received: 0
02-04 08:44:46.470  1688  3790 D BackgroundInstallControlService: Package event received: 0
02-04 08:44:46.487  1688  3790 D BackgroundInstallControlService: Package event received: 0
02-04 08:44:46.518  1688  6071 W ActivityManager: Unable to start service Intent { act=grpc.io.action.BIND xflg=0x4 cmp=com.google.android.inputmethod.latin/com.google.android.apps.inputmethod.libs.nga.impl.KeyboardDictationService } U=0: not found
02-04 08:44:46.532  1688  6071 W ActivityManager: Unbind failed: could not find connection for android.os.BinderProxy@d3ca30b
02-04 08:44:46.712  1688  3790 D BackgroundInstallControlService: Package event received: 0
02-04 08:44:46.716  1688  3790 D BackgroundInstallControlService: Package event received: 0
02-04 08:44:46.724  1688  3790 D BackgroundInstallControlService: Package event received: 0
02-04 08:44:46.750  1688  1773 I ActivityManager: Start proc 25736:com.android.providers.calendar/u0a95 for content provider {com.android.providers.calendar/com.android.providers.calendar.CalendarProvider2}
02-04 08:44:47.420  1688  6089 W ActivityManager: Unable to start service Intent { act=grpc.io.action.BIND xflg=0x4 cmp=com.google.android.inputmethod.latin/com.google.android.apps.inputmethod.libs.nga.impl.KeyboardDictationService } U=0: not found
02-04 08:44:47.420  1688  6089 W ActivityManager: Unbind failed: could not find connection for android.os.BinderProxy@387d043
02-04 08:44:47.844  1688  1772 D ActivityManager: sync unfroze 24735 com.google.android.googlequicksearchbox:googleapp for 3
02-04 08:44:47.899  1688  3790 D BackgroundInstallControlService: Package event received: 0
02-04 08:44:47.944  1688  3790 D BackgroundInstallControlService: Package event received: 0
02-04 08:44:48.225  1688  3790 D BackgroundInstallControlService: Package event received: 0
02-04 08:44:48.854  1688  4534 I ContentCaptureManagerService: Data share request accepted by Content Capture service
02-04 08:44:48.864  1688  3790 D BackgroundInstallControlService: Package event received: 0
02-04 08:44:49.233  1688  5294 W ActivityManager: Unable to start service Intent { act=grpc.io.action.BIND xflg=0x4 cmp=com.google.android.inputmethod.latin/com.google.android.apps.inputmethod.libs.nga.impl.KeyboardDictationService } U=0: not found
02-04 08:44:49.234  1688  5294 W ActivityManager: Unbind failed: could not find connection for android.os.BinderProxy@939115f
02-04 08:44:49.333  1688  3790 D BackgroundInstallControlService: Package event received: 0
02-04 08:44:52.217  1688  7945 W ActivityManager: Unable to start service Intent { act=grpc.io.action.BIND xflg=0x4 cmp=com.google.android.inputmethod.latin/com.google.android.apps.inputmethod.libs.nga.impl.KeyboardDictationService } U=0: not found
02-04 08:44:52.217  1688  7945 W ActivityManager: Unbind failed: could not find connection for android.os.BinderProxy@c4c6c99
02-04 08:44:55.677  1688  2076 D ActivityManager: freezing 25550 com.google.android.apps.youtube.music
02-04 08:44:55.689  1688  4081 W ActivityManager: Unable to start service Intent { act=grpc.io.action.BIND xflg=0x4 cmp=com.google.android.inputmethod.latin/com.google.android.apps.inputmethod.libs.nga.impl.KeyboardDictationService } U=0: not found
02-04 08:44:55.689  1688  4081 W ActivityManager: Unbind failed: could not find connection for android.os.BinderProxy@d5cc337
02-04 08:44:59.497  1688  2076 D ActivityManager: freezing 25736 com.android.providers.calendar
02-04 08:45:03.071  1688  5284 W ActivityManager: Unable to start service Intent { act=grpc.io.action.BIND xflg=0x4 cmp=com.google.android.inputmethod.latin/com.google.android.apps.inputmethod.libs.nga.impl.KeyboardDictationService } U=0: not found
02-04 08:45:03.071  1688  5284 W ActivityManager: Unbind failed: could not find connection for android.os.BinderProxy@41b7758
02-04 08:45:04.228  1688  5284 W JobScheduler: Job didn't exist in JobStore: 41ed0b1 #u0a297/-2147482760 com.linkedin.android/androidx.work.impl.background.systemjob.SystemJobService
02-04 08:45:08.266  1688  2076 D ActivityManager: freezing 24735 com.google.android.googlequicksearchbox:googleapp
02-04 08:45:08.269  1688  2076 D ActivityManager: freezing 24530 com.google.android.googlequicksearchbox:search
02-04 08:45:10.654  1688  4081 W ActivityManager: Unbind failed: could not find connection for android.os.BinderProxy@c738607
02-04 08:45:10.656  1688  4081 W ActivityManager: Unable to start service Intent { act=android.telephony.satellite.SatelliteService xflg=0x4 pkg=com.google.android.satellite } U=0: not found
02-04 08:45:11.836  1688  2076 D ActivityManager: freezing 8376 com.google.android.gms
02-04 08:45:11.841  1688  2076 D ActivityManager: freezing 13107 com.google.android.webview:sandboxed_process0:org.chromium.content.app.SandboxedProcessService0:0
02-04 08:45:29.600  3842  4422 D PowerUI : can't show warning due to - plugged: true status unknown: false
02-04 08:45:47.704  3842  6544 D PowerUI : can't show warning due to - plugged: true status unknown: false
02-04 08:45:54.726  3842  6168 D PowerUI : can't show warning due to - plugged: true status unknown: false
02-04 08:46:13.630  1688  4081 W ActivityManager: Unbind failed: could not find connection for android.os.BinderProxy@c48057a
02-04 08:46:13.632  1688  4081 W ActivityManager: Unable to start service Intent { act=android.telephony.satellite.SatelliteService xflg=0x4 pkg=com.google.android.satellite } U=0: not found
02-04 08:46:14.249  1688  5284 W JobScheduler: Job didn't exist in JobStore: 2b1b12b #u0a297/-2147482732 com.linkedin.android/androidx.work.impl.background.systemjob.SystemJobService
02-04 08:46:15.733  3842 11340 D PowerUI : can't show warning due to - plugged: true status unknown: false
02-04 08:46:22.741  3842  6542 D PowerUI : can't show warning due to - plugged: true status unknown: false
02-04 08:46:36.758  3842  8703 D PowerUI : can't show warning due to - plugged: true status unknown: false
02-04 08:46:59.413  1688  4081 W ActivityManager: Unbind failed: could not find connection for android.os.BinderProxy@8b7e2b0
02-04 08:46:59.415  1688  4081 W ActivityManager: Unable to start service Intent { act=android.telephony.satellite.SatelliteService xflg=0x4 pkg=com.google.android.satellite } U=0: not found
02-04 08:47:31.526  1688  3790 D BackgroundInstallControlService: Package event received: 0
02-04 08:47:31.531  1688  3790 D BackgroundInstallControlService: Package event received: 0
02-04 08:47:37.534  1688  5523 W ActivityManager: Unbind failed: could not find connection for android.os.BinderProxy@cad9194
02-04 08:47:37.537  1688  5523 W ActivityManager: Unable to start service Intent { act=android.telephony.satellite.SatelliteService xflg=0x4 pkg=com.google.android.satellite } U=0: not found
02-04 08:47:50.913  3842  6545 D PowerUI : can't show warning due to - plugged: true status unknown: false
02-04 08:47:51.445  1688  2067 D ActivityManager: sync unfroze 24530 com.google.android.googlequicksearchbox:search for 6
02-04 08:47:51.461  1688  1773 I ActivityManager: Start proc 26059:com.google.android.gm/u0a199 for service {com.google.android.gm/androidx.work.impl.background.systemjob.SystemJobService}
02-04 08:47:51.464  1688  7762 W ProcessStats: Tracking association SourceState{59f5a9f system/1000 ImpBg #787921} whose proc state 6 is better than process ProcessState{40cd628 com.google.android.googlequicksearchbox:search/10159 pkg=com.google.android.googlequicksearchbox} proc state 14 (139 skipped)
02-04 08:47:51.465  1688  4210 W ActivityManager: Unable to start service Intent { act=grpc.io.action.BIND xflg=0x4 cmp=com.google.android.inputmethod.latin/com.google.android.apps.inputmethod.libs.nga.impl.KeyboardDictationService } U=0: not found
02-04 08:47:51.466  1688  4210 W ActivityManager: Unbind failed: could not find connection for android.os.BinderProxy@87037ec
02-04 08:47:51.586  1688  4210 D ActivityManager: sync unfroze 24735 com.google.android.googlequicksearchbox:googleapp for 6
02-04 08:47:51.983  1688  3790 D BackgroundInstallControlService: Package event received: 0
02-04 08:47:51.984  1688  3790 D BackgroundInstallControlService: Package event received: 0
02-04 08:47:52.014  1688  4210 D ActivityManager: sync unfroze 8376 com.google.android.gms for 4
02-04 08:47:52.016  1688  4210 D ActivityManager: sync unfroze 13107 com.google.android.webview:sandboxed_process0:org.chromium.content.app.SandboxedProcessService0:0 for 4
02-04 08:47:52.207  1688  3790 D BackgroundInstallControlService: Package event received: 0
02-04 08:47:52.219  1688  3790 D BackgroundInstallControlService: Package event received: 0
02-04 08:47:52.326  1688  3790 D BackgroundInstallControlService: Package event received: 0
02-04 08:47:52.356  1688  3790 D BackgroundInstallControlService: Package event received: 0
02-04 08:47:52.382  1688  3790 D BackgroundInstallControlService: Package event received: 0
02-04 08:47:52.438  1688  5523 W JobScheduler: Job didn't exist in JobStore: f25bd3 {androidx.work.systemjobscheduler} #u0a199/555002078 #TikTokWorker#com.google.apps.tiktok.sync.impl.workmanager.SyncWorker#@androidx.work.systemjobscheduler@com.google.android.gm/androidx.work.impl.background.systemjob.SystemJobService
02-04 08:47:52.551  1688  3790 D BackgroundInstallControlService: Package event received: 0
02-04 08:47:52.692  1688  4081 I Telecom : CallsManager: Sending phone-account ComponentInfo{com.google.android.gm/com.google.android.gm}, ***, UserHandle{0} unregistered intent as user: TSI.uPA(cgag)@xgc
02-04 08:47:52.694  1688  4081 I Telecom : CallsManager: Sending phone-account unregistered intent to default dialer: TSI.uPA(cgag)@xgc
02-04 08:47:52.698  1688  4081 W Telecom : TelecomServiceImpl$1: registerPhoneAccount - attempt to set a group from a non-system caller.: TSI.rPA(cgag)@xgg
02-04 08:47:52.698  1688  4081 I Telecom : TelecomServiceImpl$1: registerPhoneAccount: account=[[ ] PhoneAccount: ComponentInfo{com.google.android.gm/com.google.android.gm}, ***, UserHandle{0} Capabilities: SelfManaged SuppVideo Video TransactOps  Audio Routes: BESW Schemes: tel  Extras: Bundle[{isCoreTelecomAccount=true}] GroupId: *** SC Restrictions: [NONE]]: TSI.rPA(cgag)@xgg
02-04 08:47:52.698  1688  4081 W Telecom : PhoneAccountRegistrar: phoneAccount ComponentInfo{com.google.android.gm/com.google.android.gm} not found: TSI.rPA(cgag)@xgg
02-04 08:47:52.698  1688  4081 I Telecom : PhoneAccountRegistrar: New phone account registered: [[ ] PhoneAccount: ComponentInfo{com.google.android.gm/com.google.android.gm}, ***, UserHandle{0} Capabilities: SelfManaged SuppVideo Video TransactOps  Audio Routes: BESW Schemes: tel  Extras: Bundle[{isCoreTelecomAccount=true}] GroupId: *** SC Restrictions: [NONE]]: TSI.rPA(cgag)@xgg
02-04 08:47:52.699  1688  4081 I Telecom : AppLabelProxy: package com.google.android.gm: name is Gmail: TSI.rPA(cgag)@xgg
02-04 08:47:52.700  1688  4081 I Telecom : CallsManager: Sending phone-account ComponentInfo{com.google.android.gm/com.google.android.gm}, ***, UserHandle{0} registered intent as user: TSI.rPA(cgag)@xgg
02-04 08:47:52.701  1688  4081 I Telecom : CallsManager: Sending phone-account registered intent to default dialer: TSI.rPA(cgag)@xgg
02-04 08:47:52.754  1688  3790 D BackgroundInstallControlService: Package event received: 0
02-04 08:47:54.558  1688  5523 W JobScheduler: Job didn't exist in JobStore: eefe16d {androidx.work.systemjobscheduler} #u0a159/36262 #TikTokWorker#com.google.android.apps.search.googleapp.discover.sync.FeedSync#@androidx.work.systemjobscheduler@com.google.android.googlequicksearchbox/androidx.work.impl.background.systemjob.SystemJobService
02-04 08:48:02.544  1688  2076 D ActivityManager: freezing 26059 com.google.android.gm
02-04 08:48:04.566  1688  2076 D ActivityManager: freezing 24530 com.google.android.googlequicksearchbox:search
02-04 08:48:04.640  1688  2076 D ActivityManager: freezing 24735 com.google.android.googlequicksearchbox:googleapp
02-04 08:48:04.642  1688  2076 D ActivityManager: freezing 8376 com.google.android.gms
02-04 08:48:04.645  1688  2076 D ActivityManager: freezing 13107 com.google.android.webview:sandboxed_process0:org.chromium.content.app.SandboxedProcessService0:0
02-04 08:48:07.869  3842  7136 D PowerUI : can't show warning due to - plugged: true status unknown: false
02-04 08:48:14.577  1688  2066 I UsageStatsService: User[0] Flushing usage stats to disk
02-04 08:48:14.619  1688  3790 D BackgroundInstallControlService: Package event received: 0
02-04 08:48:14.878  3842  4422 D PowerUI : can't show warning due to - plugged: true status unknown: false
02-04 08:48:22.764  1688  5523 W ActivityManager: Unbind failed: could not find connection for android.os.BinderProxy@28b4a60
02-04 08:48:22.766  1688  5523 W ActivityManager: Unable to start service Intent { act=android.telephony.satellite.SatelliteService xflg=0x4 pkg=com.google.android.satellite } U=0: not found
02-04 08:48:26.253  3842  6544 D PowerUI : can't show warning due to - plugged: true status unknown: false
02-04 08:48:43.953  1688  3790 D BackgroundInstallControlService: Package event received: 0
02-04 08:48:43.953  1688  3790 D BackgroundInstallControlService: Package event received: 0
02-04 08:48:43.953  1688  3790 D BackgroundInstallControlService: Package event received: 0
02-04 08:48:43.954  1688  3790 D BackgroundInstallControlService: Package event received: 0
02-04 08:48:43.954  1688  3790 D BackgroundInstallControlService: Package event received: 0
02-04 08:48:43.954  1688  3790 D BackgroundInstallControlService: Package event received: 0
02-04 08:48:43.954  1688  3790 D BackgroundInstallControlService: Package event received: 0
02-04 08:48:43.954  1688  3790 D BackgroundInstallControlService: Package event received: 0
02-04 08:48:43.955  1688  3790 D BackgroundInstallControlService: Package event received: 0
02-04 08:48:43.955  1688  3790 D BackgroundInstallControlService: Package event received: 0
02-04 08:48:43.962  1688  2067 D ActivityManager: sync unfroze 24643 com.google.android.apps.photos for 6
02-04 08:48:43.969  1688  1773 I ActivityManager: Start proc 26247:com.google.android.apps.safetyhub/u0a131 for service {com.google.android.apps.safetyhub/androidx.work.impl.background.systemjob.SystemJobService}
02-04 08:48:43.987  1688  1773 I ActivityManager: Start proc 26248:com.google.android.apps.turbo:aab/u0a177 for service {com.google.android.apps.turbo/com.google.android.libraries.smartbattery.appusage.library.InferAppBucketsJob}
02-04 08:48:44.000  1688  1773 I ActivityManager: Start proc 26255:com.google.android.partnersetup/u0a123 for service {com.google.android.partnersetup/com.google.android.partnersetup.InstalledAppJobService}
02-04 08:48:44.009  1688 26251 I StorageManagerService: Storage lifetime: 1
02-04 08:48:44.009  1688 26251 I StorageManagerService: Set smart idle maintenance: latest write amount: 4959, average write amount: 503, min segment threshold: 512, dirty reclaim rate: 0.5, segment reclaim weight: 2.0, period(min): 60, min gc sleep time(ms): 5000, target dirty ratio: 80
02-04 08:48:44.010   586   594 I vold    : Trigger GC for target dirty ratio diff of: 8
02-04 08:48:44.010   586   594 I vold    : Successfully set gc urgent mode: free segments: 3788, reclaim target: 2604, sleep time: 5000
02-04 08:48:44.011  1688  1773 I ActivityManager: Start proc 26270:com.google.android.apps.walletnfcrel/u0a325 for service {com.google.android.apps.walletnfcrel/androidx.work.impl.background.systemjob.SystemJobService}
02-04 08:48:44.011  1688 26251 I SmartStorageMaintIdler: Got smart storage maintenance service completion callback
02-04 08:48:44.018  1688  1688 D ActivityManager: sync unfroze 23758 com.whatsapp for 6
02-04 08:48:44.029  1688  2067 W JobServiceContext: Sending onNetworkChanged for a job that isn't started. JobStatus{3aac305 androidx.work.systemjobscheduler:u0a358/12410 #ReceiverLoggingWorker#@androidx.work.systemjobscheduler@com.whatsapp/androidx.work.impl.background.systemjob.SystemJobService u=0 s=10358 TIME=-20s539ms:none NET READY}
02-04 08:48:44.041  1688  1688 W ProcessStats: Tracking association SourceState{6938d5e system/1000 ImpBg #788031} whose proc state 6 is better than process ProcessState{d67eb20 com.google.android.apps.photos/10197 pkg=com.google.android.apps.photos} proc state 14 (1 skipped)
02-04 08:48:44.301  1688  1772 D ActivityManager: sync unfroze 25103 org.wikipedia for 3
02-04 08:48:44.453  1688  4210 W JobScheduler: Job didn't exist in JobStore: d655f7 #u0a123/4096 com.google.android.partnersetup/.InstalledAppJobService
02-04 08:48:44.521  1688  2067 W JobServiceContext: Sending onNetworkChanged for a job that isn't started. JobStatus{ea4e958 #u0a297/-2147482672 com.linkedin.android/androidx.work.impl.background.systemjob.SystemJobService u=0 s=10297 NET READY}
02-04 08:48:44.582  1688  2067 W JobServiceContext: Sending onNetworkChanged for a job that isn't started. JobStatus{f26bbdc androidx.work.systemjobscheduler:u0a325/2018 #SupervisedChildWorker#@androidx.work.systemjobscheduler@com.google.android.apps.walletnfcrel/androidx.work.impl.background.systemjob.SystemJobService u=0 s=10325 TIME=-20s390ms:none NET READY}
02-04 08:48:44.614  1688  4210 W ActivityManager: Background start not allowed: service Intent { act=com.whatsapp.messageservice.messaging.MessageService.START xflg=0x4 cmp=com.whatsapp/.messageservice.messaging.MessageService } to com.whatsapp/.messageservice.messaging.MessageService from pid=23758 uid=10358 pkg=com.whatsapp startFg?=false
02-04 08:48:44.699  1688  3790 D BackgroundInstallControlService: Package event received: 0
02-04 08:48:44.707  1688  4081 D ActivityManager: sync unfroze 8376 com.google.android.gms for 6
02-04 08:48:44.708  1688  4081 D ActivityManager: sync unfroze 13107 com.google.android.webview:sandboxed_process0:org.chromium.content.app.SandboxedProcessService0:0 for 6
02-04 08:48:44.734  1688  3790 D BackgroundInstallControlService: Package event received: 0
02-04 08:48:44.734  1688  3790 D BackgroundInstallControlService: Package event received: 0
02-04 08:48:44.957  1688  3790 D BackgroundInstallControlService: Package event received: 0
02-04 08:48:44.957  1688  5284 D CompatChangeReporter: Compat change id reported: 151861875; UID 10357; state: ENABLED
02-04 08:48:44.984  1688  1773 I ActivityManager: Start proc 26395:com.google.android.apps.wear.companion/u0a357 for service {com.google.android.apps.wear.companion/com.google.android.apps.wear.companion.wearappbridge.server.service.ExportedEndpointService}
02-04 08:48:45.037  1688  3790 D BackgroundInstallControlService: Package event received: 0
02-04 08:48:45.265  1688  4210 I ActivityManager: Process com.google.android.rkpdapp (pid 24902) has died: cch CEM 
02-04 08:48:45.332  1688  1787 I ActivityManager: Process com.google.android.apps.tips (pid 21979) has died: cch CEM 
02-04 08:48:45.397  1688  1722 I ActivityManager: Process com.google.android.gms.unstable (pid 28433) has died: cch CEM 
02-04 08:48:45.400  1688  1722 I ActivityManager: Process com.google.android.webview:webview_service (pid 22745) has died: cch CEM 
02-04 08:48:45.479  1688  4210 W ActivityManager: Background start not allowed: service Intent { xflg=0x4 cmp=com.google.android.apps.wear.companion/com.google.android.libraries.wear.companion.esim.service.EsimProfileHandlingService } to com.google.android.apps.wear.companion/com.google.android.libraries.wear.companion.esim.service.EsimProfileHandlingService from pid=26395 uid=10357 pkg=com.google.android.apps.wear.companion startFg?=false
02-04 08:48:45.480  1688  4210 I ActivityManager: Process com.google.android.apps.translate (pid 21569) has died: cch CEM 
02-04 08:48:45.490  1688  4209 W ActivityManager: Background start not allowed: service Intent { xflg=0x4 cmp=com.google.android.apps.wear.companion/com.google.android.libraries.wear.companion.proxy.service.WearProxyService (has extras) } to com.google.android.apps.wear.companion/com.google.android.libraries.wear.companion.proxy.service.WearProxyService from pid=26395 uid=10357 pkg=com.google.android.apps.wear.companion startFg?=false
02-04 08:48:45.508  1688  2060 I ActivityManager: Process com.android.chrome (pid 29719) has died: cch CEM 
02-04 08:48:45.510  1688  3790 D BackgroundInstallControlService: Package event received: 0
02-04 08:48:45.511  1688  2060 D ActivityManager: sync unfroze 31304 com.android.vending for 33
02-04 08:48:45.516  1688  1773 I ActivityManager: Start proc 26453:com.google.android.apps.wear.companion:persistent/u0a357 for broadcast {com.google.android.apps.wear.companion/com.google.android.libraries.wear.companion.dumplogger.writer.DumpLogReceiver}
02-04 08:48:45.522  1688  3790 D BackgroundInstallControlService: Package event received: 0
02-04 08:48:45.539  1688  1773 I ActivityManager: Start proc 26457:com.google.android.apps.wellbeing/u0a144 for content provider {com.google.android.apps.wellbeing/com.google.android.apps.wellbeing.api.impl.WellbeingSettingsProvider}
02-04 08:48:45.542  1688  2060 I ActivityManager: Process com.google.android.euicc (pid 24736) has died: cch CEM 
02-04 08:48:45.561  1688  5847 I ActivityManager: Process com.google.android.turboadapter (pid 23507) has died: cch CEM 
02-04 08:48:45.596  1688  1722 D CompatChangeReporter: Compat change id reported: 151861875; UID 10119; state: ENABLED
02-04 08:48:45.596  1688  3790 D BackgroundInstallControlService: Package event received: 0
02-04 08:48:45.627  1688  1773 I ActivityManager: Start proc 26489:com.google.android.aicore/u0a119 for service {com.google.android.aicore/com.google.android.apps.aicore.service.multiuser.AiCoreMultiUserService}
02-04 08:48:45.633  1688  4534 D CompatChangeReporter: Compat change id reported: 311402873; UID 10357; state: ENABLED
02-04 08:48:45.633  1688  4534 D CompatChangeReporter: Compat change id reported: 323349338; UID 10357; state: ENABLED
02-04 08:48:45.640  1688  5284 I ActivityManager: Process com.google.android.webview:sandboxed_process0:org.chromium.content.app.SandboxedProcessService0:0 (pid 22896) has died: cch CEM 
02-04 08:48:45.641  1688  5284 W ActivityManager: Scheduling restart of crashed service com.twitter.android/org.chromium.content.app.SandboxedProcessService0:0 in 30000ms for connection
02-04 08:48:45.656  1688  4534 I ActivityManager: Process com.twitter.android (pid 22611) has died: cch CEM 
02-04 08:48:45.702  1688  3790 D BackgroundInstallControlService: Package event received: 0
02-04 08:48:45.703  1688  3790 D BackgroundInstallControlService: Package event received: 0
02-04 08:48:45.705  1688  3790 D BackgroundInstallControlService: Package event received: 0
02-04 08:48:45.707  1688  3790 D BackgroundInstallControlService: Package event received: 0
02-04 08:48:45.819  1688  4208 W JobScheduler: Job didn't exist in JobStore: d314163 {androidx.work.systemjobscheduler} #u0a357/2182 #ContactsSyncPeriodicWorker#@androidx.work.systemjobscheduler@com.google.android.apps.wear.companion/androidx.work.impl.background.systemjob.SystemJobService
02-04 08:48:45.823  1688  1787 W JobScheduler: Job didn't exist in JobStore: 1bd3e0a {androidx.work.systemjobscheduler} #u0a357/2184 #UpdateBreakthroughFiltersWorker#@androidx.work.systemjobscheduler@com.google.android.apps.wear.companion/androidx.work.impl.background.systemjob.SystemJobService
02-04 08:48:45.862  1688  4534 W JobScheduler: Job didn't exist in JobStore: d8447e {androidx.work.systemjobscheduler} #u0a357/2188 #ContactsSyncPeriodicWorker#@androidx.work.systemjobscheduler@com.google.android.apps.wear.companion/androidx.work.impl.background.systemjob.SystemJobService
02-04 08:48:45.866  1688  3790 D BackgroundInstallControlService: Package event received: 0
02-04 08:48:45.867  1688  1773 I ActivityManager: Start proc 26541:com.android.chrome/u0a216 for broadcast {com.android.chrome/com.google.android.apps.chrome.rlz.RevenueStatsConfigurationUpdateReceiver}
02-04 08:48:45.963  1688  3790 D BackgroundInstallControlService: Package event received: 0
02-04 08:48:46.034  1688  3790 D BackgroundInstallControlService: Package event received: 0
02-04 08:48:46.041  1688  3790 D BackgroundInstallControlService: Package event received: 0
02-04 08:48:46.099  1688  7762 D CompatChangeReporter: Compat change id reported: 311208629; UID 10357; state: ENABLED
02-04 08:48:46.109  1688  3790 D BackgroundInstallControlService: Package event received: 0
02-04 08:48:46.117  1688  3790 D BackgroundInstallControlService: Package event received: 0
02-04 08:48:46.119  1688  3790 D BackgroundInstallControlService: Package event received: 0
02-04 08:48:46.122  1688  1787 I ActivityManager: Process vivino.web.app (pid 22478) has died: cch CEM 
02-04 08:48:46.125  1688  1787 E ActivityManager: Unexpected non-cached process may get frozen soon:  name: com.android.vending curAdj: 100 oldOomAdj: 905 curRawAdj: 100 maxAdj: 1001 adjType: service adjTarget: ComponentInfo{com.android.vending/com.google.android.finsky.billing.iab.InAppBillingService} adjSource: ProcessRecord{89588de 22478:vivino.web.app/u0a314} adjSourcePrcState: 19 serviceB: false curProcState: 19 curRawProcState: 19 curSchedGroup: 0
02-04 08:48:46.125  1688  1787 E ActivityManager: android.util.Log$TerribleFailure: Unexpected non-cached process may get frozen soon:  name: com.android.vending curAdj: 100 oldOomAdj: 905 curRawAdj: 100 maxAdj: 1001 adjType: service adjTarget: ComponentInfo{com.android.vending/com.google.android.finsky.billing.iab.InAppBillingService} adjSource: ProcessRecord{89588de 22478:vivino.web.app/u0a314} adjSourcePrcState: 19 serviceB: false curProcState: 19 curRawProcState: 19 curSchedGroup: 0
02-04 08:48:46.125  1688  1787 E ActivityManager: 	at android.util.Log.wtf(Log.java:339)
02-04 08:48:46.125  1688  1787 E ActivityManager: 	at android.util.Slog.wtfStack(Slog.java:246)
02-04 08:48:46.125  1688  1787 E ActivityManager: 	at com.android.server.am.ActivityManagerService$OomAdjusterCallback.onProcessFreezabilityChanged(ActivityManagerService.java:19440)
02-04 08:48:46.125  1688  1787 E ActivityManager: 	at com.android.server.am.OomAdjuster.updateAppFreezeStateLSP(OomAdjuster.java:2595)
02-04 08:48:46.125  1688  1787 E ActivityManager: 	at com.android.server.am.OomAdjuster.applyOomAdjLSP(OomAdjuster.java:2199)
02-04 08:48:46.125  1688  1787 E ActivityManager: 	at com.android.server.am.OomAdjuster.updateAndTrimProcessLSP(OomAdjuster.java:1134)
